Archive member included because of file (symbol)

contiki-z1.a(contiki-z1-plat)
                              obj_z1/contiki-z1-main.o (init_platform)
contiki-z1.a(msp430.o)        obj_z1/cc2420.o (splhigh_)
contiki-z1.a(leds.o)          obj_z1/contiki-z1-main.o (leds_init)
contiki-z1.a(watchdog.o)      obj_z1/contiki-z1-main.o (watchdog_start)
contiki-z1.a(xmem.o)          obj_z1/contiki-z1-main.o (xmem_init)
contiki-z1.a(spi.o)           contiki-z1.a(xmem.o) (spi_init)
contiki-z1.a(cc2420-arch.o)   obj_z1/cc2420.o (cc2420_arch_init)
contiki-z1.a(node-id.o)       obj_z1/contiki-z1-main.o (node_id_restore)
contiki-z1.a(sensors.o)       contiki-z1.a(contiki-z1-plat) (sensors_process)
contiki-z1.a(button-sensor.o)
                              obj_z1/contiki-z1-main.o (button_sensor)
contiki-z1.a(uart0.o)         obj_z1/contiki-z1-main.o (uart0_active)
contiki-z1.a(uart0-putchar.o)
                              obj_z1/contiki-z1-main.o (putchar)
contiki-z1.a(adxl345.o)       obj_z1/contiki-z1-main.o (accm_init)
contiki-z1.a(clock.o)         obj_z1/contiki-z1-main.o (clock_init)
contiki-z1.a(leds-arch.o)     contiki-z1.a(leds.o) (leds_arch_init)
contiki-z1.a(rtimer-arch.o)   obj_z1/contikimac.o (rtimer_arch_now)
contiki-z1.a(autostart.o)     obj_z1/contiki-z1-main.o (autostart_start)
contiki-z1.a(ctimer.o)        obj_z1/contiki-z1-main.o (ctimer_init)
contiki-z1.a(energest.o)      obj_z1/contiki-z1-main.o (energest_init)
contiki-z1.a(etimer.o)        contiki-z1.a(clock.o) (etimer_request_poll)
contiki-z1.a(compower.o)      obj_z1/contikimac.o (compower_idle_activity)
contiki-z1.a(process.o)       contiki-z1.a(ctimer.o) (process_current)
contiki-z1.a(rtimer.o)        obj_z1/contiki-z1-main.o (rtimer_init)
contiki-z1.a(timer.o)         contiki-z1.a(button-sensor.o) (timer_set)
contiki-z1.a(serial-line.o)   obj_z1/contiki-z1-main.o (serial_line_input_byte)
contiki-z1.a(list.o)          obj_z1/csma.o (list_init)
contiki-z1.a(memb.o)          obj_z1/csma.o (memb_init)
contiki-z1.a(random.o)        net-test.co (random_rand)
contiki-z1.a(ringbuf.o)       contiki-z1.a(serial-line.o) (ringbuf_init)
contiki-z1.a(rime.o)          obj_z1/contiki-z1-main.o (rime_driver)
contiki-z1.a(broadcast-annou)
                              contiki-z1.a(rime.o) (broadcast_announcement_init)
contiki-z1.a(broadcast.o)     contiki-z1.a(broadcast-annou) (broadcast_open)
contiki-z1.a(chameleon.o)     contiki-z1.a(rime.o) (chameleon_init)
contiki-z1.a(channel.o)       contiki-z1.a(chameleon.o) (channel_init)
contiki-z1.a(unicast.o)       net-test.co (unicast_open)
contiki-z1.a(abc.o)           contiki-z1.a(broadcast.o) (abc_open)
contiki-z1.a(announcement.o)  contiki-z1.a(rime.o) (announcement_init)
contiki-z1.a(queuebuf.o)      contiki-z1.a(rime.o) (queuebuf_init)
contiki-z1.a(packetbuf.o)     obj_z1/contikimac.o (packetbuf_compact)
contiki-z1.a(linkaddr.o)      obj_z1/contikimac.o (linkaddr_copy)
contiki-z1.a(nullmac.o)       obj_z1/contikimac.o (nullmac_driver)
contiki-z1.a(mac-sequence.o)  obj_z1/contikimac.o (mac_sequence_is_duplicate)
contiki-z1.a(framer-802154.o)
                              obj_z1/contikimac.o (framer_802154)
contiki-z1.a(frame802154.o)   contiki-z1.a(framer-802154.o) (frame802154_hdrlen)
contiki-z1.a(mac.o)           obj_z1/contikimac.o (mac_call_sent_callback)
contiki-z1.a(phase.o)         obj_z1/contikimac.o (phase_update)
contiki-z1.a(framer.o)        contiki-z1.a(framer-802154.o) (framer_canonical_create_and_secure)
contiki-z1.a(nullsec.o)       obj_z1/csma.o (nullsec_driver)
contiki-z1.a(i2cmaster.o)     contiki-z1.a(adxl345.o) (i2c_receiveinit)
contiki-z1.a(chameleon-bitop)
                              contiki-z1.a(chameleon.o) (chameleon_bitopt)
contiki-z1.a(nbr-table.o)     contiki-z1.a(phase.o) (nbr_table_register)
/usr/local/msp430/lib/gcc/msp430/4.7.0/mcpu-430x/mmpy-16/msr20/mc20/libgcc.a(_mulsi3.o)
                              obj_z1/csma.o (__mulsi3)
/usr/local/msp430/lib/gcc/msp430/4.7.0/mcpu-430x/mmpy-16/msr20/mc20/libgcc.a(_udivmod16.o)
                              contiki-z1.a(phase.o) (__umodhi3)
/usr/local/msp430/lib/gcc/msp430/4.7.0/mcpu-430x/mmpy-16/msr20/mc20/libgcc.a(_divmod16.o)
                              contiki-z1.a(nbr-table.o) (__divhi3)
/usr/local/msp430/lib/gcc/msp430/4.7.0/mcpu-430x/mmpy-16/msr20/mc20/libgcc.a(_udivmod32.o)
                              obj_z1/contiki-z1-main.o (__udivsi3)
/usr/local/msp430/lib/gcc/msp430/4.7.0/../../../../msp430/lib/mcpu-430x/mmpy-16/msr20/mc20/libc.a(printf.o)
                              net-test.co (printf)
/usr/local/msp430/lib/gcc/msp430/4.7.0/../../../../msp430/lib/mcpu-430x/mmpy-16/msr20/mc20/libc.a(sprintf.o)
                              net-test.co (snprintf)
/usr/local/msp430/lib/gcc/msp430/4.7.0/../../../../msp430/lib/mcpu-430x/mmpy-16/msr20/mc20/libc.a(vuprintf.o)
                              /usr/local/msp430/lib/gcc/msp430/4.7.0/../../../../msp430/lib/mcpu-430x/mmpy-16/msr20/mc20/libc.a(printf.o) (vuprintf)
[...]
Memory Configuration

Name             Origin             Length             Attributes
sfr              0x0000000000000000 0x0000000000000010
peripheral_8bit  0x0000000000000010 0x00000000000000f0
peripheral_16bit 0x0000000000000100 0x0000000000000100
ram_mirror       0x0000000000000200 0x0000000000000800 xw
infomem          0x0000000000001000 0x0000000000000100
infod            0x0000000000001000 0x0000000000000040
infoc            0x0000000000001040 0x0000000000000040
infob            0x0000000000001080 0x0000000000000040
infoa            0x00000000000010c0 0x0000000000000040
ram              0x0000000000001100 0x0000000000002000 xw
rom              0x0000000000003100 0x000000000000cebe xr
vectors          0x000000000000ffc0 0x0000000000000040
far_rom          0x0000000000010000 0x000000000000a000
bsl              0x0000000000000000 0x0000000000000000
ram2             0x0000000000000000 0x0000000000000000 xw
signature        0x0000000000000000 0x0000000000000000
usbram           0x0000000000000000 0x0000000000000000 xw
*default*        0x0000000000000000 0xffffffffffffffff

Linker script and memory map

LOAD /usr/local/msp430/lib/gcc/msp430/4.7.0/mcpu-430x/mmpy-16/msr20/mc20/crt0ivtbl32.o
                0x0000000000000041                __P1SEL2 = 0x41
                0x0000000000000045                __P5SEL2 = 0x45
LOAD net-test.co
LOAD obj_z1/contikimac.o
LOAD obj_z1/csma.o
LOAD obj_z1/cooja-debug.o
LOAD obj_z1/cc2420.o
LOAD obj_z1/contiki-z1-main.o
LOAD contiki-z1.a
LOAD /usr/local/msp430/lib/gcc/msp430/4.7.0/mcpu-430x/mmpy-16/msr20/mc20/libgcc.a
LOAD /usr/local/msp430/lib/gcc/msp430/4.7.0/../../../../msp430/lib/mcpu-430x/mmpy-16/msr20/mc20/libc.a
LOAD /usr/local/msp430/lib/gcc/msp430/4.7.0/mcpu-430x/mmpy-16/msr20/mc20/libgcc.a
LOAD /usr/local/msp430/lib/gcc/msp430/4.7.0/mcpu-430x/mmpy-16/msr20/mc20/libcrt0.a
                0x0000000000000040                PROVIDE (__info_segment_size, 0x40)
                0x0000000000001000                PROVIDE (__infod, 0x1000)
                0x0000000000001040                PROVIDE (__infoc, 0x1040)
                0x0000000000001080                PROVIDE (__infob, 0x1080)
                0x00000000000010c0                PROVIDE (__infoa, 0x10c0)
                0x0000000000000000                __IE1 = 0x0
                0x0000000000000002                __IFG1 = 0x2
                0x0000000000000001                __IE2 = 0x1
                0x0000000000000003                __IFG2 = 0x3
                0x0000000000000006                __UC1IE = 0x6
                0x0000000000000007                __UC1IFG = 0x7
                0x00000000000001a0                __ADC12CTL0 = 0x1a0
                0x00000000000001a2                __ADC12CTL1 = 0x1a2
                0x00000000000001a4                __ADC12IFG = 0x1a4
                0x00000000000001a6                __ADC12IE = 0x1a6
                0x00000000000001a8                __ADC12IV = 0x1a8
                0x0000000000000140                __ADC12MEM0 = 0x140
                0x0000000000000142                __ADC12MEM1 = 0x142
                0x0000000000000144                __ADC12MEM2 = 0x144
                0x0000000000000146                __ADC12MEM3 = 0x146
                0x0000000000000148                __ADC12MEM4 = 0x148
                0x000000000000014a                __ADC12MEM5 = 0x14a
                0x000000000000014c                __ADC12MEM6 = 0x14c
                0x000000000000014e                __ADC12MEM7 = 0x14e
                0x0000000000000150                __ADC12MEM8 = 0x150
                0x0000000000000152                __ADC12MEM9 = 0x152
                0x0000000000000154                __ADC12MEM10 = 0x154
                0x0000000000000156                __ADC12MEM11 = 0x156
                0x0000000000000158                __ADC12MEM12 = 0x158
                0x000000000000015a                __ADC12MEM13 = 0x15a
                0x000000000000015c                __ADC12MEM14 = 0x15c
                0x000000000000015e                __ADC12MEM15 = 0x15e
                0x0000000000000080                __ADC12MCTL0 = 0x80
                0x0000000000000081                __ADC12MCTL1 = 0x81
                0x0000000000000082                __ADC12MCTL2 = 0x82
                0x0000000000000083                __ADC12MCTL3 = 0x83
                0x0000000000000084                __ADC12MCTL4 = 0x84
                0x0000000000000085                __ADC12MCTL5 = 0x85
                0x0000000000000086                __ADC12MCTL6 = 0x86
                0x0000000000000087                __ADC12MCTL7 = 0x87
                0x0000000000000088                __ADC12MCTL8 = 0x88
                0x0000000000000089                __ADC12MCTL9 = 0x89
                0x000000000000008a                __ADC12MCTL10 = 0x8a
                0x000000000000008b                __ADC12MCTL11 = 0x8b
                0x000000000000008c                __ADC12MCTL12 = 0x8c
                0x000000000000008d                __ADC12MCTL13 = 0x8d
                0x000000000000008e                __ADC12MCTL14 = 0x8e
                0x000000000000008f                __ADC12MCTL15 = 0x8f
                0x0000000000000056                __DCOCTL = 0x56
                0x0000000000000057                __BCSCTL1 = 0x57
                0x0000000000000058                __BCSCTL2 = 0x58
                0x0000000000000053                __BCSCTL3 = 0x53
                0x0000000000000059                __CACTL1 = 0x59
                0x000000000000005a                __CACTL2 = 0x5a
                0x000000000000005b                __CAPD = 0x5b
                0x00000000000001c0                __DAC12_0CTL = 0x1c0
                0x00000000000001c2                __DAC12_1CTL = 0x1c2
                0x00000000000001c8                __DAC12_0DAT = 0x1c8
                0x00000000000001ca                __DAC12_1DAT = 0x1ca
                0x0000000000000122                __DMACTL0 = 0x122
                0x0000000000000124                __DMACTL1 = 0x124
                0x0000000000000126                __DMAIV = 0x126
                0x00000000000001d0                __DMA0CTL = 0x1d0
                0x00000000000001dc                __DMA1CTL = 0x1dc
                0x00000000000001e8                __DMA2CTL = 0x1e8
                0x00000000000001d2                __DMA0SA = 0x1d2
                0x00000000000001d2                __DMA0SAL = 0x1d2
                0x00000000000001d6                __DMA0DA = 0x1d6
                0x00000000000001d6                __DMA0DAL = 0x1d6
                0x00000000000001da                __DMA0SZ = 0x1da
                0x00000000000001de                __DMA1SA = 0x1de
                0x00000000000001de                __DMA1SAL = 0x1de
                0x00000000000001e2                __DMA1DA = 0x1e2
                0x00000000000001e2                __DMA1DAL = 0x1e2
                0x00000000000001e6                __DMA1SZ = 0x1e6
                0x00000000000001ea                __DMA2SA = 0x1ea
                0x00000000000001ea                __DMA2SAL = 0x1ea
                0x00000000000001ee                __DMA2DA = 0x1ee
                0x00000000000001ee                __DMA2DAL = 0x1ee
                0x00000000000001f2                __DMA2SZ = 0x1f2
                0x0000000000000128                __FCTL1 = 0x128
                0x000000000000012a                __FCTL2 = 0x12a
                0x000000000000012c                __FCTL3 = 0x12c
                0x00000000000001be                __FCTL4 = 0x1be
                0x0000000000000130                __MPY = 0x130
                0x0000000000000132                __MPYS = 0x132
                0x0000000000000134                __MAC = 0x134
                0x0000000000000136                __MACS = 0x136
                0x0000000000000138                __OP2 = 0x138
                0x000000000000013a                __RESLO = 0x13a
                0x000000000000013c                __RESHI = 0x13c
                0x000000000000013e                __SUMEXT = 0x13e
                0x0000000000000020                __P1IN = 0x20
                0x0000000000000021                __P1OUT = 0x21
                0x0000000000000022                __P1DIR = 0x22
                0x0000000000000023                __P1IFG = 0x23
                0x0000000000000024                __P1IES = 0x24
                0x0000000000000025                __P1IE = 0x25
                0x0000000000000026                __P1SEL = 0x26
                0x0000000000000027                __P1REN = 0x27
                0x0000000000000028                __P2IN = 0x28
                0x0000000000000029                __P2OUT = 0x29
                0x000000000000002a                __P2DIR = 0x2a
                0x000000000000002b                __P2IFG = 0x2b
                0x000000000000002c                __P2IES = 0x2c
                0x000000000000002d                __P2IE = 0x2d
                0x000000000000002e                __P2SEL = 0x2e
                0x000000000000002f                __P2REN = 0x2f
                0x0000000000000018                __P3IN = 0x18
                0x0000000000000019                __P3OUT = 0x19
                0x000000000000001a                __P3DIR = 0x1a
                0x000000000000001b                __P3SEL = 0x1b
                0x0000000000000010                __P3REN = 0x10
                0x000000000000001c                __P4IN = 0x1c
                0x000000000000001d                __P4OUT = 0x1d
                0x000000000000001e                __P4DIR = 0x1e
                0x000000000000001f                __P4SEL = 0x1f
                0x0000000000000011                __P4REN = 0x11
                0x0000000000000030                __P5IN = 0x30
                0x0000000000000031                __P5OUT = 0x31
                0x0000000000000032                __P5DIR = 0x32
                0x0000000000000033                __P5SEL = 0x33
                0x0000000000000012                __P5REN = 0x12
                0x0000000000000034                __P6IN = 0x34
                0x0000000000000035                __P6OUT = 0x35
                0x0000000000000036                __P6DIR = 0x36
                0x0000000000000037                __P6SEL = 0x37
                0x0000000000000013                __P6REN = 0x13
                0x0000000000000038                __P7IN = 0x38
                0x000000000000003a                __P7OUT = 0x3a
                0x000000000000003c                __P7DIR = 0x3c
                0x000000000000003e                __P7SEL = 0x3e
                0x0000000000000014                __P7REN = 0x14
                0x0000000000000039                __P8IN = 0x39
                0x000000000000003b                __P8OUT = 0x3b
                0x000000000000003d                __P8DIR = 0x3d
                0x000000000000003f                __P8SEL = 0x3f
                0x0000000000000015                __P8REN = 0x15
                0x0000000000000038                __PAIN = 0x38
                0x000000000000003a                __PAOUT = 0x3a
                0x000000000000003c                __PADIR = 0x3c
                0x000000000000003e                __PASEL = 0x3e
                0x0000000000000014                __PAREN = 0x14
                0x0000000000000055                __SVSCTL = 0x55
                0x000000000000012e                __TAIV = 0x12e
                0x0000000000000160                __TACTL = 0x160
                0x0000000000000162                __TACCTL0 = 0x162
                0x0000000000000164                __TACCTL1 = 0x164
                0x0000000000000166                __TACCTL2 = 0x166
                0x0000000000000170                __TAR = 0x170
                0x0000000000000172                __TACCR0 = 0x172
                0x0000000000000174                __TACCR1 = 0x174
                0x0000000000000176                __TACCR2 = 0x176
                0x000000000000011e                __TBIV = 0x11e
                0x0000000000000180                __TBCTL = 0x180
                0x0000000000000182                __TBCCTL0 = 0x182
                0x0000000000000184                __TBCCTL1 = 0x184
                0x0000000000000186                __TBCCTL2 = 0x186
                0x0000000000000188                __TBCCTL3 = 0x188
                0x000000000000018a                __TBCCTL4 = 0x18a
                0x000000000000018c                __TBCCTL5 = 0x18c
                0x000000000000018e                __TBCCTL6 = 0x18e
                0x0000000000000190                __TBR = 0x190
                0x0000000000000192                __TBCCR0 = 0x192
                0x0000000000000194                __TBCCR1 = 0x194
                0x0000000000000196                __TBCCR2 = 0x196
                0x0000000000000198                __TBCCR3 = 0x198
                0x000000000000019a                __TBCCR4 = 0x19a
                0x000000000000019c                __TBCCR5 = 0x19c
                0x000000000000019e                __TBCCR6 = 0x19e
                0x0000000000000060                __UCA0CTL0 = 0x60
                0x0000000000000061                __UCA0CTL1 = 0x61
                0x0000000000000062                __UCA0BR0 = 0x62
                0x0000000000000063                __UCA0BR1 = 0x63
                0x0000000000000064                __UCA0MCTL = 0x64
                0x0000000000000065                __UCA0STAT = 0x65
                0x0000000000000066                __UCA0RXBUF = 0x66
                0x0000000000000067                __UCA0TXBUF = 0x67
                0x000000000000005d                __UCA0ABCTL = 0x5d
                0x000000000000005e                __UCA0IRTCTL = 0x5e
                0x000000000000005f                __UCA0IRRCTL = 0x5f
                0x0000000000000068                __UCB0CTL0 = 0x68
                0x0000000000000069                __UCB0CTL1 = 0x69
                0x000000000000006a                __UCB0BR0 = 0x6a
                0x000000000000006b                __UCB0BR1 = 0x6b
                0x000000000000006c                __UCB0I2CIE = 0x6c
                0x000000000000006d                __UCB0STAT = 0x6d
                0x000000000000006e                __UCB0RXBUF = 0x6e
                0x000000000000006f                __UCB0TXBUF = 0x6f
                0x0000000000000118                __UCB0I2COA = 0x118
                0x000000000000011a                __UCB0I2CSA = 0x11a
                0x00000000000000d0                __UCA1CTL0 = 0xd0
                0x00000000000000d1                __UCA1CTL1 = 0xd1
                0x00000000000000d2                __UCA1BR0 = 0xd2
                0x00000000000000d3                __UCA1BR1 = 0xd3
                0x00000000000000d4                __UCA1MCTL = 0xd4
                0x00000000000000d5                __UCA1STAT = 0xd5
                0x00000000000000d6                __UCA1RXBUF = 0xd6
                0x00000000000000d7                __UCA1TXBUF = 0xd7
                0x00000000000000cd                __UCA1ABCTL = 0xcd
                0x00000000000000ce                __UCA1IRTCTL = 0xce
                0x00000000000000cf                __UCA1IRRCTL = 0xcf
                0x00000000000000d8                __UCB1CTL0 = 0xd8
                0x00000000000000d9                __UCB1CTL1 = 0xd9
                0x00000000000000da                __UCB1BR0 = 0xda
                0x00000000000000db                __UCB1BR1 = 0xdb
                0x00000000000000dc                __UCB1I2CIE = 0xdc
                0x00000000000000dd                __UCB1STAT = 0xdd
                0x00000000000000de                __UCB1RXBUF = 0xde
                0x00000000000000df                __UCB1TXBUF = 0xdf
                0x000000000000017c                __UCB1I2COA = 0x17c
                0x000000000000017e                __UCB1I2CSA = 0x17e
                0x0000000000000120                __WDTCTL = 0x120
                0x00000000000010c0                __TLV_CHECKSUM = 0x10c0
                0x00000000000010f6                __TLV_DCO_30_TAG = 0x10f6
                0x00000000000010f7                __TLV_DCO_30_LEN = 0x10f7
                0x00000000000010da                __TLV_ADC12_1_TAG = 0x10da
                0x00000000000010db                __TLV_ADC12_1_LEN = 0x10db
                0x00000000000010f8                __CALDCO_16MHZ = 0x10f8
                0x00000000000010f9                __CALBC1_16MHZ = 0x10f9
                0x00000000000010fa                __CALDCO_12MHZ = 0x10fa
                0x00000000000010fb                __CALBC1_12MHZ = 0x10fb
                0x00000000000010fc                __CALDCO_8MHZ = 0x10fc
                0x00000000000010fd                __CALBC1_8MHZ = 0x10fd
                0x00000000000010fe                __CALDCO_1MHZ = 0x10fe
                0x00000000000010ff                __CALBC1_1MHZ = 0x10ff

.hash
 *(.hash)

.dynsym
 *(.dynsym)

.dynstr
 *(.dynstr)

.gnu.version
 *(.gnu.version)

.gnu.version_d
 *(.gnu.version_d)

.gnu.version_r
 *(.gnu.version_r)

.rel.init
 *(.rel.init)

.rela.init
 *(.rela.init)

.rel.fini
 *(.rel.fini)

.rela.fini
 *(.rela.fini)

.rel.text
 *(.rel.text .rel.text.* .rel.gnu.linkonce.t.*)

.rela.text
 *(.rela.text .rela.text.* .rela.gnu.linkonce.t.*)

.rel.rodata
 *(.rel.rodata .rel.rodata.* .rel.gnu.linkonce.r.*)

.rela.rodata
 *(.rela.rodata .rela.rodata.* .rela.gnu.linkonce.r.*)

.rel.data
 *(.rel.data .rel.data.* .rel.gnu.linkonce.d.*)

.rela.data
 *(.rela.data .rela.data.* .rela.gnu.linkonce.d.*)

.rel.bss
 *(.rel.bss .rel.bss.* .rel.gnu.linkonce.b.*)

.rela.bss
 *(.rela.bss .rela.bss.* .rela.gnu.linkonce.b.*)

.rel.ctors
 *(.rel.ctors)

.rela.ctors
 *(.rela.ctors)

.rel.dtors
 *(.rel.dtors)

.rela.dtors
 *(.rela.dtors)

.rel.got
 *(.rel.got)

.rela.got
 *(.rela.got)

.rel.plt
 *(.rel.plt)

.rela.plt
 *(.rela.plt)

.text           0x0000000000003100     0x4d8a
                0x0000000000003100                . = ALIGN (0x2)
 *(.init .init.*)
 *(.init0)
 .init0         0x0000000000003100        0x0 /usr/local/msp430/lib/gcc/msp430/4.7.0/mcpu-430x/mmpy-16/msr20/mc20/libcrt0.a(_reset_vector__.o)
                0x0000000000003100                _reset_vector__
 *(.init1)
 .init1         0x0000000000003100        0xc /usr/local/msp430/lib/gcc/msp430/4.7.0/mcpu-430x/mmpy-16/msr20/mc20/libcrt0.a(__watchdog_support.o)
                0x0000000000003100                __watchdog_support
 *(.init2)
 .init2         0x000000000000310c        0x4 /usr/local/msp430/lib/gcc/msp430/4.7.0/mcpu-430x/mmpy-16/msr20/mc20/libcrt0.a(__init_stack.o)
                0x000000000000310c                __init_stack
 *(.init3)
 .init3         0x0000000000003110        0x0 /usr/local/msp430/lib/gcc/msp430/4.7.0/mcpu-430x/mmpy-16/msr20/mc20/libcrt0.a(__low_level_init.o)
                0x0000000000003110                __low_level_init
 *(.init4)
 .init4         0x0000000000003110       0x18 /usr/local/msp430/lib/gcc/msp430/4.7.0/mcpu-430x/mmpy-16/msr20/mc20/libcrt0.a(_copy_data.o)
                0x0000000000003110                __do_copy_data
 .init4         0x0000000000003128       0x16 /usr/local/msp430/lib/gcc/msp430/4.7.0/mcpu-430x/mmpy-16/msr20/mc20/libcrt0.a(_clear_bss.o)
                0x0000000000003128                __do_clear_bss
 *(.init5)
 *(.init6)
 *(.init7)
 *(.init8)
 *(.init9)
 .init9         0x000000000000313e      0x31c obj_z1/contiki-z1-main.o
                0x000000000000313e                main
 *(.fini9)
 .fini9         0x000000000000345a        0x0 /usr/local/msp430/lib/gcc/msp430/4.7.0/mcpu-430x/mmpy-16/msr20/mc20/libcrt0.a(__stop_progExec__.o)
                0x000000000000345a                __stop_progExec__
 *(.fini8)
 *(.fini7)
 *(.fini6)
 *(.fini5)
 *(.fini4)
 *(.fini3)
 *(.fini2)
 *(.fini1)
 *(.fini0)
 .fini0         0x000000000000345a        0x6 /usr/local/msp430/lib/gcc/msp430/4.7.0/mcpu-430x/mmpy-16/msr20/mc20/libcrt0.a(_endless_loop__.o)
                0x000000000000345a                _endless_loop__
 *(.fini .fini.*)
                0x0000000000003460                . = ALIGN (0x2)
                0x0000000000003460                __ctors_start = .
 *(.ctors)
                0x0000000000003460                __ctors_end = .
                0x0000000000003460                __dtors_start = .
 *(.dtors)
                0x0000000000003460                __dtors_end = .
                0x0000000000003460                . = ALIGN (0x2)
 *(.text .text.* .gnu.linkonce.t.*)
 .text          0x0000000000003460        0x4 /usr/local/msp430/lib/gcc/msp430/4.7.0/mcpu-430x/mmpy-16/msr20/mc20/crt0ivtbl32.o
                0x0000000000003460                __isr_14
                0x0000000000003460                __isr_4
                0x0000000000003460                __isr_29
                0x0000000000003460                __isr_11
                0x0000000000003460                __isr_5
                0x0000000000003460                __isr_2
                0x0000000000003460                __isr_10
                0x0000000000003460                __isr_7
                0x0000000000003460                __isr_0
                0x0000000000003460                __isr_28
                0x0000000000003460                __isr_8
                0x0000000000003460                __isr_20
                0x0000000000003460                __isr_3
                0x0000000000003460                __isr_12
                0x0000000000003460                __isr_13
                0x0000000000003460                __isr_27
                0x0000000000003460                __isr_9
                0x0000000000003460                __isr_30
                0x0000000000003460                __isr_6
                0x0000000000003460                __isr_22
                0x0000000000003460                __isr_1
                0x0000000000003460                __isr_15
                0x0000000000003460                __isr_21
 .text.libgcc   0x0000000000003464       0x26 /usr/local/msp430/lib/gcc/msp430/4.7.0/mcpu-430x/mmpy-16/msr20/mc20/libgcc.a(_mulsi3.o)
                0x0000000000003464                __mulsi3
 .text.libgcc   0x000000000000348a       0x22 /usr/local/msp430/lib/gcc/msp430/4.7.0/mcpu-430x/mmpy-16/msr20/mc20/libgcc.a(_udivmod16.o)
                0x000000000000348a                __udivhi3
                0x000000000000348a                __ext_udivmod16
                0x00000000000034a4                __umodhi3
 .text.libgcc   0x00000000000034ac       0x3a /usr/local/msp430/lib/gcc/msp430/4.7.0/mcpu-430x/mmpy-16/msr20/mc20/libgcc.a(_divmod16.o)
                0x00000000000034ac                __ext_divmod16
                0x00000000000034ac                __divhi3
                0x00000000000034de                __modhi3
 .text.libgcc   0x00000000000034e6       0x38 /usr/local/msp430/lib/gcc/msp430/4.7.0/mcpu-430x/mmpy-16/msr20/mc20/libgcc.a(_udivmod32.o)
                0x00000000000034e6                __udivsi3
                0x00000000000034e6                __ext_udivmod32
                0x0000000000003514                __umodsi3
 .text.libgcc   0x000000000000351e       0xbc /usr/local/msp430/lib/gcc/msp430/4.7.0/mcpu-430x/mmpy-16/msr20/mc20/libgcc.a(_udivmod64.o)
                0x000000000000351e                __xabi_udivmod64
                0x0000000000003570                __udivdi3
                0x000000000000358a                __umoddi3
                0x00000000000035ac                __udivmoddi4
 .text.crt0     0x00000000000035da        0x2 /usr/local/msp430/lib/gcc/msp430/4.7.0/mcpu-430x/mmpy-16/msr20/mc20/libcrt0.a(_unexpected_.o)
                0x00000000000035da                _unexpected_
 *(.near.text .near.text.*)
 .near.text.watchdog_interrupt
                0x00000000000035dc        0x6 contiki-z1.a(watchdog.o)
                0x00000000000035dc                __isr_26
                0x00000000000035dc                watchdog_interrupt
 .near.text.irq_p2
                0x00000000000035e2       0x76 contiki-z1.a(button-sensor.o)
                0x00000000000035e2                irq_p2
                0x00000000000035e2                __isr_19
 .near.text.uart0_rx_interrupt
                0x0000000000003658       0x64 contiki-z1.a(uart0.o)
                0x0000000000003658                __isr_23
                0x0000000000003658                uart0_rx_interrupt
 .near.text.port1_isr
                0x00000000000036bc       0xbe contiki-z1.a(adxl345.o)
                0x00000000000036bc                port1_isr
                0x00000000000036bc                __isr_18
 .near.text.timera1
                0x000000000000377a      0x10a contiki-z1.a(clock.o)
                0x000000000000377a                __isr_24
                0x000000000000377a                timera1
 .near.text.timera0
                0x0000000000003884       0x5c contiki-z1.a(rtimer-arch.o)
                0x0000000000003884                __isr_25
                0x0000000000003884                timera0
 .near.text.i2c_tx_interrupt
                0x00000000000038e0       0x84 contiki-z1.a(i2cmaster.o)
                0x00000000000038e0                __isr_16
                0x00000000000038e0                i2c_tx_interrupt
 .near.text.i2c_rx_interrupt
                0x0000000000003964       0x14 contiki-z1.a(i2cmaster.o)
                0x0000000000003964                i2c_rx_interrupt
                0x0000000000003964                __isr_17
 .any.text.process_thread_net_test_process
                0x0000000000003978      0x12c net-test.co
 .any.text.recv_uc
                0x0000000000003aa4       0x2e net-test.co
 .any.text.duty_cycle
                0x0000000000003ad2        0x6 obj_z1/contikimac.o
 .any.text.init
                0x0000000000003ad8       0x2e obj_z1/contikimac.o
 .any.text.on   0x0000000000003b06       0x1a obj_z1/contikimac.o
 .any.text.off  0x0000000000003b20       0x22 obj_z1/contikimac.o
 .any.text.recv_burst_off
                0x0000000000003b42        0xa obj_z1/contikimac.o
 .any.text.turn_off
                0x0000000000003b4c       0x20 obj_z1/contikimac.o
 .any.text.turn_on
                0x0000000000003b6c       0x30 obj_z1/contikimac.o
 .any.text.schedule_powercycle_fixed.part.4
                0x0000000000003b9c       0x34 obj_z1/contikimac.o
 .any.text.powercycle_turn_radio_off
                0x0000000000003bd0       0x30 obj_z1/contikimac.o
 .any.text.input_packet
                0x0000000000003c00       0xaa obj_z1/contikimac.o
 .any.text.send_packet.part.7
                0x0000000000003caa      0x2ce obj_z1/contikimac.o
 .any.text.qsend_packet
                0x0000000000003f78       0x48 obj_z1/contikimac.o
 .any.text.qsend_list
                0x0000000000003fc0       0xda obj_z1/contikimac.o
 .any.text.powercycle
                0x000000000000409a      0x1de obj_z1/contikimac.o
 .any.text.get_object
                0x0000000000004278        0x4 obj_z1/cc2420.o
 .any.text.set_object
                0x000000000000427c        0x4 obj_z1/cc2420.o
 .any.text.strobe
                0x0000000000004280       0x1a obj_z1/cc2420.o
 .any.text.getreg
                0x000000000000429a       0x46 obj_z1/cc2420.o
 .any.text.setreg
                0x00000000000042e0       0x44 obj_z1/cc2420.o
 .any.text.write_ram
                0x0000000000004324       0x72 obj_z1/cc2420.o
 .any.text.write_fifo_buf
                0x0000000000004396       0x38 obj_z1/cc2420.o
 .any.text.get_status
                0x00000000000043ce       0x1e obj_z1/cc2420.o
 .any.text.set_txpower
                0x00000000000043ec       0x24 obj_z1/cc2420.o
 .any.text.cc2420_receiving_packet
                0x0000000000004410        0xa obj_z1/cc2420.o
 .any.text.pending_packet
                0x000000000000441a        0xa obj_z1/cc2420.o
 .any.text.on   0x0000000000004424       0x1e obj_z1/cc2420.o
 .any.text.wait_for_transmission
                0x0000000000004442       0x22 obj_z1/cc2420.o
 .any.text.wait_for_status
                0x0000000000004464       0x24 obj_z1/cc2420.o
 .any.text.getrxdata
                0x0000000000004488       0x4c obj_z1/cc2420.o
 .any.text.flushrx
                0x00000000000044d4       0x1a obj_z1/cc2420.o
 .any.text.off  0x00000000000044ee       0x52 obj_z1/cc2420.o
 .any.text.RELEASE_LOCK
                0x0000000000004540       0x28 obj_z1/cc2420.o
 .any.text.cc2420_prepare
                0x0000000000004568       0x38 obj_z1/cc2420.o
 .any.text.cc2420_on
                0x00000000000045a0       0x22 obj_z1/cc2420.o
                0x00000000000045a0                cc2420_on
 .any.text.cc2420_off
                0x00000000000045c2       0x30 obj_z1/cc2420.o
                0x00000000000045c2                cc2420_off
 .any.text.cc2420_cca
                0x00000000000045f2       0x54 obj_z1/cc2420.o
 .any.text.cc2420_read
                0x0000000000004646       0xa8 obj_z1/cc2420.o
 .any.text.process_thread_cc2420_process
                0x00000000000046ee       0x54 obj_z1/cc2420.o
 .any.text.cc2420_set_channel
                0x0000000000004742       0x3a obj_z1/cc2420.o
                0x0000000000004742                cc2420_set_channel
 .any.text.cc2420_set_pan_addr
                0x000000000000477c       0x4c obj_z1/cc2420.o
                0x000000000000477c                cc2420_set_pan_addr
 .any.text.cc2420_interrupt
                0x00000000000047c8       0x16 obj_z1/cc2420.o
                0x00000000000047c8                cc2420_interrupt
 .any.text.cc2420_set_txpower
                0x00000000000047de        0xe obj_z1/cc2420.o
                0x00000000000047de                cc2420_set_txpower
 .any.text.cc2420_get_txpower
                0x00000000000047ec       0x1e obj_z1/cc2420.o
                0x00000000000047ec                cc2420_get_txpower
 .any.text.cc2420_transmit
                0x000000000000480a      0x124 obj_z1/cc2420.o
 .any.text.cc2420_send
                0x000000000000492e       0x12 obj_z1/cc2420.o
 .any.text.cc2420_rssi
                0x0000000000004940       0x48 obj_z1/cc2420.o
                0x0000000000004940                cc2420_rssi
 .any.text.get_value
                0x0000000000004988       0xa8 obj_z1/cc2420.o
 .any.text.cc2420_set_cca_threshold
                0x0000000000004a30       0x16 obj_z1/cc2420.o
                0x0000000000004a30                cc2420_set_cca_threshold
 .any.text.set_value
                0x0000000000004a46       0x80 obj_z1/cc2420.o
 .any.text.cc2420_init
                0x0000000000004ac6       0xd8 obj_z1/cc2420.o
                0x0000000000004ac6                cc2420_init
 .any.text.init_platform
                0x0000000000004b9e        0xc contiki-z1.a(contiki-z1-plat)
                0x0000000000004b9e                init_platform
 .any.text.msp430_init_dco
                0x0000000000004baa       0x28 contiki-z1.a(msp430.o)
                0x0000000000004baa                msp430_init_dco
 .any.text.splhigh_
                0x0000000000004bd2        0x8 contiki-z1.a(msp430.o)
                0x0000000000004bd2                splhigh_
 .any.text.msp430_sync_dco
                0x0000000000004bda       0x6e contiki-z1.a(msp430.o)
                0x0000000000004bda                msp430_sync_dco
 .any.text.msp430_cpu_init
                0x0000000000004c48       0x2a contiki-z1.a(msp430.o)
                0x0000000000004c48                msp430_cpu_init
 .any.text.show_leds
                0x0000000000004c72       0xe8 contiki-z1.a(leds.o)
 .any.text.leds_init
                0x0000000000004d5a        0xa contiki-z1.a(leds.o)
                0x0000000000004d5a                leds_init
 .any.text.leds_on
                0x0000000000004d64        0xa contiki-z1.a(leds.o)
                0x0000000000004d64                leds_on
 .any.text.leds_off
                0x0000000000004d6e        0xe contiki-z1.a(leds.o)
                0x0000000000004d6e                leds_off
 .any.text.watchdog_start
                0x0000000000004d7c       0x14 contiki-z1.a(watchdog.o)
                0x0000000000004d7c                watchdog_start
 .any.text.watchdog_periodic
                0x0000000000004d90       0x12 contiki-z1.a(watchdog.o)
                0x0000000000004d90                watchdog_periodic
 .any.text.watchdog_stop
                0x0000000000004da2       0x16 contiki-z1.a(watchdog.o)
                0x0000000000004da2                watchdog_stop
 .any.text.watchdog_init
                0x0000000000004db8       0x12 contiki-z1.a(watchdog.o)
                0x0000000000004db8                watchdog_init
 .any.text.wait_ready
                0x0000000000004dca       0x46 contiki-z1.a(xmem.o)
 .any.text.xmem_init
                0x0000000000004e10       0x1e contiki-z1.a(xmem.o)
                0x0000000000004e10                xmem_init
 .any.text.xmem_pread
                0x0000000000004e2e       0xc2 contiki-z1.a(xmem.o)
                0x0000000000004e2e                xmem_pread
 .any.text.spi_init
                0x0000000000004ef0       0x32 contiki-z1.a(spi.o)
                0x0000000000004ef0                spi_init
 .any.text.cc2420_arch_init
                0x0000000000004f22       0x1a contiki-z1.a(cc2420-arch.o)
                0x0000000000004f22                cc2420_arch_init
 .any.text.node_id_restore
                0x0000000000004f3c       0x4c contiki-z1.a(node-id.o)
                0x0000000000004f3c                node_id_restore
 .any.text.process_thread_sensors_process
                0x0000000000004f88       0xc2 contiki-z1.a(sensors.o)
 .any.text.sensors_changed
                0x000000000000504a       0x2a contiki-z1.a(sensors.o)
                0x000000000000504a                sensors_changed
 .any.text.status
                0x0000000000005074       0x18 contiki-z1.a(button-sensor.o)
 .any.text.value
                0x000000000000508c       0x20 contiki-z1.a(button-sensor.o)
 .any.text.configure
                0x00000000000050ac       0x4e contiki-z1.a(button-sensor.o)
 .any.text.uart0_active
                0x00000000000050fa        0xe contiki-z1.a(uart0.o)
                0x00000000000050fa                uart0_active
 .any.text.uart0_set_input
                0x0000000000005108        0x6 contiki-z1.a(uart0.o)
                0x0000000000005108                uart0_set_input
 .any.text.uart0_writeb
                0x000000000000510e       0x16 contiki-z1.a(uart0.o)
                0x000000000000510e                uart0_writeb
 .any.text.uart0_init
                0x0000000000005124       0x40 contiki-z1.a(uart0.o)
                0x0000000000005124                uart0_init
 .any.text.putchar
                0x0000000000005164       0x10 contiki-z1.a(uart0-putchar.o)
                0x0000000000005164                putchar
 .any.text.accm_write_reg
                0x0000000000005174       0x2e contiki-z1.a(adxl345.o)
                0x0000000000005174                accm_write_reg
 .any.text.accm_write_stream
                0x00000000000051a2       0x2a contiki-z1.a(adxl345.o)
                0x00000000000051a2                accm_write_stream
 .any.text.accm_read_reg
                0x00000000000051cc       0x54 contiki-z1.a(adxl345.o)
                0x00000000000051cc                accm_read_reg
 .any.text.process_thread_accmeter_process
                0x0000000000005220       0x56 contiki-z1.a(adxl345.o)
 .any.text.accm_init
                0x0000000000005276       0x8c contiki-z1.a(adxl345.o)
                0x0000000000005276                accm_init
 .any.text.clock_time
                0x0000000000005302       0x1a contiki-z1.a(clock.o)
                0x0000000000005302                clock_time
 .any.text.clock_init
                0x000000000000531c       0x28 contiki-z1.a(clock.o)
                0x000000000000531c                clock_init
 .any.text.clock_delay
                0x0000000000005344        0xc contiki-z1.a(clock.o)
                0x0000000000005344                clock_delay
 .any.text.clock_wait
                0x0000000000005350       0x24 contiki-z1.a(clock.o)
                0x0000000000005350                clock_wait
 .any.text.leds_arch_init
                0x0000000000005374        0xe contiki-z1.a(leds-arch.o)
                0x0000000000005374                leds_arch_init
 .any.text.leds_arch_set
                0x0000000000005382       0x38 contiki-z1.a(leds-arch.o)
                0x0000000000005382                leds_arch_set
 .any.text.rtimer_arch_init
                0x00000000000053ba        0xe contiki-z1.a(rtimer-arch.o)
                0x00000000000053ba                rtimer_arch_init
 .any.text.rtimer_arch_now
                0x00000000000053c8        0xe contiki-z1.a(rtimer-arch.o)
                0x00000000000053c8                rtimer_arch_now
 .any.text.rtimer_arch_schedule
                0x00000000000053d6        0x6 contiki-z1.a(rtimer-arch.o)
                0x00000000000053d6                rtimer_arch_schedule
 .any.text.autostart_start
                0x00000000000053dc       0x16 contiki-z1.a(autostart.o)
                0x00000000000053dc                autostart_start
 .any.text.process_thread_ctimer_process
                0x00000000000053f2       0xa0 contiki-z1.a(ctimer.o)
 .any.text.ctimer_init
                0x0000000000005492       0x18 contiki-z1.a(ctimer.o)
                0x0000000000005492                ctimer_init
 .any.text.ctimer_set
                0x00000000000054aa       0x48 contiki-z1.a(ctimer.o)
                0x00000000000054aa                ctimer_set
 .any.text.ctimer_stop
                0x00000000000054f2       0x28 contiki-z1.a(ctimer.o)
                0x00000000000054f2                ctimer_stop
 .any.text.energest_init
                0x000000000000551a       0x24 contiki-z1.a(energest.o)
                0x000000000000551a                energest_init
 .any.text.energest_type_time
                0x000000000000553e       0x3c contiki-z1.a(energest.o)
                0x000000000000553e                energest_type_time
 .any.text.energest_type_set
                0x000000000000557a        0xc contiki-z1.a(energest.o)
                0x000000000000557a                energest_type_set
 .any.text.energest_flush
                0x0000000000005586       0x38 contiki-z1.a(energest.o)
                0x0000000000005586                energest_flush
 .any.text.update_time
                0x00000000000055be       0x70 contiki-z1.a(etimer.o)
 .any.text.etimer_request_poll
                0x000000000000562e        0xa contiki-z1.a(etimer.o)
                0x000000000000562e                etimer_request_poll
 .any.text.process_thread_etimer_process
                0x0000000000005638       0xc4 contiki-z1.a(etimer.o)
 .any.text.add_timer
                0x00000000000056fc       0x40 contiki-z1.a(etimer.o)
 .any.text.etimer_set
                0x000000000000573c       0x12 contiki-z1.a(etimer.o)
                0x000000000000573c                etimer_set
 .any.text.etimer_expired
                0x000000000000574e        0xe contiki-z1.a(etimer.o)
                0x000000000000574e                etimer_expired
 .any.text.etimer_pending
                0x000000000000575c        0xc contiki-z1.a(etimer.o)
                0x000000000000575c                etimer_pending
 .any.text.etimer_next_expiration_time
                0x0000000000005768       0x16 contiki-z1.a(etimer.o)
                0x0000000000005768                etimer_next_expiration_time
 .any.text.etimer_stop
                0x000000000000577e       0x3e contiki-z1.a(etimer.o)
                0x000000000000577e                etimer_stop
 .any.text.compower_accumulate
                0x00000000000057bc       0x6a contiki-z1.a(compower.o)
                0x00000000000057bc                compower_accumulate
 .any.text.compower_clear
                0x0000000000005826       0x12 contiki-z1.a(compower.o)
                0x0000000000005826                compower_clear
 .any.text.compower_attrconv
                0x0000000000005838       0x10 contiki-z1.a(compower.o)
                0x0000000000005838                compower_attrconv
 .any.text.call_process
                0x0000000000005848       0x40 contiki-z1.a(process.o)
 .any.text.exit_process
                0x0000000000005888       0x88 contiki-z1.a(process.o)
 .any.text.do_poll
                0x0000000000005910       0x30 contiki-z1.a(process.o)
 .any.text.process_alloc_event
                0x0000000000005940        0xe contiki-z1.a(process.o)
                0x0000000000005940                process_alloc_event
 .any.text.process_init
                0x000000000000594e       0x1c contiki-z1.a(process.o)
                0x000000000000594e                process_init
 .any.text.process_run
                0x000000000000596a       0xa4 contiki-z1.a(process.o)
                0x000000000000596a                process_run
 .any.text.process_nevents
                0x0000000000005a0e        0xe contiki-z1.a(process.o)
                0x0000000000005a0e                process_nevents
 .any.text.process_post
                0x0000000000005a1c       0x50 contiki-z1.a(process.o)
                0x0000000000005a1c                process_post
 .any.text.process_post_synch
                0x0000000000005a6c       0x12 contiki-z1.a(process.o)
                0x0000000000005a6c                process_post_synch
 .any.text.process_start
                0x0000000000005a7e       0x36 contiki-z1.a(process.o)
                0x0000000000005a7e                process_start
 .any.text.process_poll
                0x0000000000005ab4       0x18 contiki-z1.a(process.o)
                0x0000000000005ab4                process_poll
 .any.text.rtimer_init
                0x0000000000005acc        0x6 contiki-z1.a(rtimer.o)
                0x0000000000005acc                rtimer_init
 .any.text.rtimer_set
                0x0000000000005ad2       0x24 contiki-z1.a(rtimer.o)
                0x0000000000005ad2                rtimer_set
 .any.text.rtimer_run_next
                0x0000000000005af6       0x26 contiki-z1.a(rtimer.o)
                0x0000000000005af6                rtimer_run_next
 .any.text.timer_set
                0x0000000000005b1c       0x1c contiki-z1.a(timer.o)
                0x0000000000005b1c                timer_set
 .any.text.timer_expired
                0x0000000000005b38       0x2a contiki-z1.a(timer.o)
                0x0000000000005b38                timer_expired
 .any.text.process_thread_serial_line_process
                0x0000000000005b62       0x9e contiki-z1.a(serial-line.o)
 .any.text.serial_line_input_byte
                0x0000000000005c00       0x4a contiki-z1.a(serial-line.o)
                0x0000000000005c00                serial_line_input_byte
 .any.text.serial_line_init
                0x0000000000005c4a       0x1c contiki-z1.a(serial-line.o)
                0x0000000000005c4a                serial_line_init
 .any.text.list_init
                0x0000000000005c66        0x6 contiki-z1.a(list.o)
                0x0000000000005c66                list_init
 .any.text.list_head
                0x0000000000005c6c        0x4 contiki-z1.a(list.o)
                0x0000000000005c6c                list_head
 .any.text.list_tail
                0x0000000000005c70       0x12 contiki-z1.a(list.o)
                0x0000000000005c70                list_tail
 .any.text.list_remove
                0x0000000000005c82       0x34 contiki-z1.a(list.o)
                0x0000000000005c82                list_remove
 .any.text.list_add
                0x0000000000005cb6       0x26 contiki-z1.a(list.o)
                0x0000000000005cb6                list_add
 .any.text.list_item_next
                0x0000000000005cdc        0xc contiki-z1.a(list.o)
                0x0000000000005cdc                list_item_next
 .any.text.memb_init
                0x0000000000005ce8       0x36 contiki-z1.a(memb.o)
                0x0000000000005ce8                memb_init
 .any.text.memb_alloc
                0x0000000000005d1e       0x3e contiki-z1.a(memb.o)
                0x0000000000005d1e                memb_alloc
 .any.text.memb_free
                0x0000000000005d5c       0x3a contiki-z1.a(memb.o)
                0x0000000000005d5c                memb_free
 .any.text.memb_inmemb
                0x0000000000005d96       0x2a contiki-z1.a(memb.o)
                0x0000000000005d96                memb_inmemb
 .any.text.random_rand
                0x0000000000005dc0        0x6 contiki-z1.a(random.o)
                0x0000000000005dc0                random_rand
 .any.text.ringbuf_init
                0x0000000000005dc6       0x14 contiki-z1.a(ringbuf.o)
                0x0000000000005dc6                ringbuf_init
 .any.text.ringbuf_put
                0x0000000000005dda       0x38 contiki-z1.a(ringbuf.o)
                0x0000000000005dda                ringbuf_put
 .any.text.ringbuf_get
                0x0000000000005e12       0x2e contiki-z1.a(ringbuf.o)
                0x0000000000005e12                ringbuf_get
 .any.text.input
                0x0000000000005e40       0x36 contiki-z1.a(rime.o)
 .any.text.init
                0x0000000000005e76       0x2e contiki-z1.a(rime.o)
 .any.text.packet_sent
                0x0000000000005ea4       0x38 contiki-z1.a(rime.o)
 .any.text.rime_output
                0x0000000000005edc       0x24 contiki-z1.a(rime.o)
                0x0000000000005edc                rime_output
 .any.text.adv_packet_sent
                0x0000000000005f00        0x2 contiki-z1.a(broadcast-annou)
 .any.text.adv_packet_received
                0x0000000000005f02       0x56 contiki-z1.a(broadcast-annou)
 .any.text.set_timers
                0x0000000000005f58       0x4a contiki-z1.a(broadcast-annou)
 .any.text.send_timer
                0x0000000000005fa2       0x32 contiki-z1.a(broadcast-annou)
 .any.text.send_adv
                0x0000000000005fd4       0x60 contiki-z1.a(broadcast-annou)
 .any.text.new_announcement
                0x0000000000006034       0x18 contiki-z1.a(broadcast-annou)
 .any.text.broadcast_announcement_init
                0x000000000000604c       0x44 contiki-z1.a(broadcast-annou)
                0x000000000000604c                broadcast_announcement_init
 .any.text.sent_by_abc
                0x0000000000006090       0x10 contiki-z1.a(broadcast.o)
 .any.text.recv_from_abc
                0x00000000000060a0       0x26 contiki-z1.a(broadcast.o)
 .any.text.broadcast_open
                0x00000000000060c6       0x22 contiki-z1.a(broadcast.o)
                0x00000000000060c6                broadcast_open
 .any.text.broadcast_close
                0x00000000000060e8        0x6 contiki-z1.a(broadcast.o)
                0x00000000000060e8                broadcast_close
 .any.text.broadcast_send
                0x00000000000060ee       0x1a contiki-z1.a(broadcast.o)
                0x00000000000060ee                broadcast_send
 .any.text.chameleon_init
                0x0000000000006108        0x6 contiki-z1.a(chameleon.o)
                0x0000000000006108                chameleon_init
 .any.text.chameleon_parse
                0x000000000000610e       0x10 contiki-z1.a(chameleon.o)
                0x000000000000610e                chameleon_parse
 .any.text.chameleon_create
                0x000000000000611e       0x1c contiki-z1.a(chameleon.o)
                0x000000000000611e                chameleon_create
 .any.text.chameleon_hdrsize
                0x000000000000613a        0x6 contiki-z1.a(chameleon.o)
                0x000000000000613a                chameleon_hdrsize
 .any.text.channel_init
                0x0000000000006140        0xa contiki-z1.a(channel.o)
                0x0000000000006140                channel_init
 .any.text.channel_open
                0x000000000000614a       0x10 contiki-z1.a(channel.o)
                0x000000000000614a                channel_open
 .any.text.channel_close
                0x000000000000615a        0xc contiki-z1.a(channel.o)
                0x000000000000615a                channel_close
 .any.text.channel_lookup
                0x0000000000006166       0x20 contiki-z1.a(channel.o)
                0x0000000000006166                channel_lookup
 .any.text.channel_set_attributes
                0x0000000000006186       0x20 contiki-z1.a(channel.o)
                0x0000000000006186                channel_set_attributes
 .any.text.sent_by_broadcast
                0x00000000000061a6       0x10 contiki-z1.a(unicast.o)
 .any.text.recv_from_broadcast
                0x00000000000061b6       0x2a contiki-z1.a(unicast.o)
 .any.text.unicast_open
                0x00000000000061e0       0x22 contiki-z1.a(unicast.o)
                0x00000000000061e0                unicast_open
 .any.text.unicast_close
                0x0000000000006202        0x6 contiki-z1.a(unicast.o)
                0x0000000000006202                unicast_close
 .any.text.unicast_send
                0x0000000000006208       0x16 contiki-z1.a(unicast.o)
                0x0000000000006208                unicast_send
 .any.text.abc_open
                0x000000000000621e       0x1e contiki-z1.a(abc.o)
                0x000000000000621e                abc_open
 .any.text.abc_close
                0x000000000000623c        0x6 contiki-z1.a(abc.o)
                0x000000000000623c                abc_close
 .any.text.abc_send
                0x0000000000006242        0x6 contiki-z1.a(abc.o)
                0x0000000000006242                abc_send
 .any.text.abc_input
                0x0000000000006248        0xe contiki-z1.a(abc.o)
                0x0000000000006248                abc_input
 .any.text.abc_sent
                0x0000000000006256       0x10 contiki-z1.a(abc.o)
                0x0000000000006256                abc_sent
 .any.text.announcement_init
                0x0000000000006266        0xa contiki-z1.a(announcement.o)
                0x0000000000006266                announcement_init
 .any.text.announcement_register_observer_callback
                0x0000000000006270        0x6 contiki-z1.a(announcement.o)
                0x0000000000006270                announcement_register_observer_callback
 .any.text.announcement_list
                0x0000000000006276        0xa contiki-z1.a(announcement.o)
                0x0000000000006276                announcement_list
 .any.text.announcement_heard
                0x0000000000006280       0x36 contiki-z1.a(announcement.o)
                0x0000000000006280                announcement_heard
 .any.text.queuebuf_init
                0x00000000000062b6       0x12 contiki-z1.a(queuebuf.o)
                0x00000000000062b6                queuebuf_init
 .any.text.queuebuf_new_from_packetbuf
                0x00000000000062c8       0x4e contiki-z1.a(queuebuf.o)
                0x00000000000062c8                queuebuf_new_from_packetbuf
 .any.text.queuebuf_update_from_packetbuf
                0x0000000000006316       0x22 contiki-z1.a(queuebuf.o)
                0x0000000000006316                queuebuf_update_from_packetbuf
 .any.text.queuebuf_free
                0x0000000000006338       0x2a contiki-z1.a(queuebuf.o)
                0x0000000000006338                queuebuf_free
 .any.text.queuebuf_to_packetbuf
                0x0000000000006362       0x32 contiki-z1.a(queuebuf.o)
                0x0000000000006362                queuebuf_to_packetbuf
 .any.text.packetbuf_compact
                0x0000000000006394       0x2e contiki-z1.a(packetbuf.o)
                0x0000000000006394                packetbuf_compact
 .any.text.packetbuf_copyto
                0x00000000000063c2       0x46 contiki-z1.a(packetbuf.o)
                0x00000000000063c2                packetbuf_copyto
 .any.text.packetbuf_hdrreduce
                0x0000000000006408       0x1a contiki-z1.a(packetbuf.o)
                0x0000000000006408                packetbuf_hdrreduce
 .any.text.packetbuf_set_datalen
                0x0000000000006422        0x6 contiki-z1.a(packetbuf.o)
                0x0000000000006422                packetbuf_set_datalen
 .any.text.packetbuf_dataptr
                0x0000000000006428        0xe contiki-z1.a(packetbuf.o)
                0x0000000000006428                packetbuf_dataptr
 .any.text.packetbuf_hdrptr
                0x0000000000006436        0xa contiki-z1.a(packetbuf.o)
                0x0000000000006436                packetbuf_hdrptr
 .any.text.packetbuf_datalen
                0x0000000000006440        0x6 contiki-z1.a(packetbuf.o)
                0x0000000000006440                packetbuf_datalen
 .any.text.packetbuf_hdrlen
                0x0000000000006446       0x10 contiki-z1.a(packetbuf.o)
                0x0000000000006446                packetbuf_hdrlen
 .any.text.packetbuf_totlen
                0x0000000000006456        0xc contiki-z1.a(packetbuf.o)
                0x0000000000006456                packetbuf_totlen
 .any.text.packetbuf_hdralloc
                0x0000000000006462       0x2a contiki-z1.a(packetbuf.o)
                0x0000000000006462                packetbuf_hdralloc
 .any.text.packetbuf_attr_clear
                0x000000000000648c       0x2c contiki-z1.a(packetbuf.o)
                0x000000000000648c                packetbuf_attr_clear
 .any.text.packetbuf_clear
                0x00000000000064b8       0x1a contiki-z1.a(packetbuf.o)
                0x00000000000064b8                packetbuf_clear
 .any.text.packetbuf_copyfrom
                0x00000000000064d2       0x2a contiki-z1.a(packetbuf.o)
                0x00000000000064d2                packetbuf_copyfrom
 .any.text.packetbuf_attr_copyto
                0x00000000000064fc       0x20 contiki-z1.a(packetbuf.o)
                0x00000000000064fc                packetbuf_attr_copyto
 .any.text.packetbuf_attr_copyfrom
                0x000000000000651c       0x22 contiki-z1.a(packetbuf.o)
                0x000000000000651c                packetbuf_attr_copyfrom
 .any.text.packetbuf_holds_broadcast
                0x000000000000653e        0xe contiki-z1.a(packetbuf.o)
                0x000000000000653e                packetbuf_holds_broadcast
 .any.text.linkaddr_copy
                0x000000000000654c        0xc contiki-z1.a(linkaddr.o)
                0x000000000000654c                linkaddr_copy
 .any.text.linkaddr_cmp
                0x0000000000006558       0x12 contiki-z1.a(linkaddr.o)
                0x0000000000006558                linkaddr_cmp
 .any.text.linkaddr_set_node_addr
                0x000000000000656a        0xc contiki-z1.a(linkaddr.o)
                0x000000000000656a                linkaddr_set_node_addr
 .any.text.send_packet
                0x0000000000006576        0x6 contiki-z1.a(nullmac.o)
 .any.text.packet_input
                0x000000000000657c        0x6 contiki-z1.a(nullmac.o)
 .any.text.on   0x0000000000006582        0x6 contiki-z1.a(nullmac.o)
 .any.text.off  0x0000000000006588        0x6 contiki-z1.a(nullmac.o)
 .any.text.channel_check_interval
                0x000000000000658e        0x4 contiki-z1.a(nullmac.o)
 .any.text.init
                0x0000000000006592        0x2 contiki-z1.a(nullmac.o)
 .any.text.mac_sequence_is_duplicate
                0x0000000000006594       0x36 contiki-z1.a(mac-sequence.o)
                0x0000000000006594                mac_sequence_is_duplicate
 .any.text.mac_sequence_register_seqno
                0x00000000000065ca       0x58 contiki-z1.a(mac-sequence.o)
                0x00000000000065ca                mac_sequence_register_seqno
 .any.text.create_frame.isra.0
                0x0000000000006622      0x100 contiki-z1.a(framer-802154.o)
 .any.text.create
                0x0000000000006722        0x8 contiki-z1.a(framer-802154.o)
 .any.text.hdr_length
                0x000000000000672a        0x8 contiki-z1.a(framer-802154.o)
 .any.text.parse
                0x0000000000006732       0xa2 contiki-z1.a(framer-802154.o)
 .any.text.field_len
                0x00000000000067d4       0x8c contiki-z1.a(frame802154.o)
 .any.text.frame802154_hdrlen
                0x0000000000006860       0x2e contiki-z1.a(frame802154.o)
                0x0000000000006860                frame802154_hdrlen
 .any.text.frame802154_create
                0x000000000000688e      0x112 contiki-z1.a(frame802154.o)
                0x000000000000688e                frame802154_create
 .any.text.frame802154_parse
                0x00000000000069a0      0x16c contiki-z1.a(frame802154.o)
                0x00000000000069a0                frame802154_parse
 .any.text.mac_call_sent_callback
                0x0000000000006b0c       0x14 contiki-z1.a(mac.o)
                0x0000000000006b0c                mac_call_sent_callback
 .any.text.send_packet
                0x0000000000006b20       0x44 contiki-z1.a(phase.o)
 .any.text.phase_update
                0x0000000000006b64       0x86 contiki-z1.a(phase.o)
                0x0000000000006b64                phase_update
 .any.text.phase_wait
                0x0000000000006bea       0xde contiki-z1.a(phase.o)
                0x0000000000006bea                phase_wait
 .any.text.phase_init
                0x0000000000006cc8       0x14 contiki-z1.a(phase.o)
                0x0000000000006cc8                phase_init
 .any.text.framer_canonical_create_and_secure
                0x0000000000006cdc       0x20 contiki-z1.a(framer.o)
                0x0000000000006cdc                framer_canonical_create_and_secure
 .any.text.bootstrap
                0x0000000000006cfc        0x4 contiki-z1.a(nullsec.o)
 .any.text.send
                0x0000000000006d00        0xa contiki-z1.a(nullsec.o)
 .any.text.on_frame_created
                0x0000000000006d0a        0x4 contiki-z1.a(nullsec.o)
 .any.text.input
                0x0000000000006d0e        0x6 contiki-z1.a(nullsec.o)
 .any.text.get_overhead
                0x0000000000006d14        0x4 contiki-z1.a(nullsec.o)
 .any.text.i2c_receiveinit
                0x0000000000006d18       0x36 contiki-z1.a(i2cmaster.o)
                0x0000000000006d18                i2c_receiveinit
 .any.text.i2c_transmitinit
                0x0000000000006d4e       0x30 contiki-z1.a(i2cmaster.o)
                0x0000000000006d4e                i2c_transmitinit
 .any.text.i2c_receive_n
                0x0000000000006d7e       0x3e contiki-z1.a(i2cmaster.o)
                0x0000000000006d7e                i2c_receive_n
 .any.text.i2c_busy
                0x0000000000006dbc        0xa contiki-z1.a(i2cmaster.o)
                0x0000000000006dbc                i2c_busy
 .any.text.i2c_enable
                0x0000000000006dc6       0x22 contiki-z1.a(i2cmaster.o)
                0x0000000000006dc6                i2c_enable
 .any.text.i2c_transmit_n
                0x0000000000006de8       0x14 contiki-z1.a(i2cmaster.o)
                0x0000000000006de8                i2c_transmit_n
 .any.text.header_size
                0x0000000000006dfc       0x16 contiki-z1.a(chameleon-bitop)
 .any.text.get_bits_in_byte
                0x0000000000006e12       0x36 contiki-z1.a(chameleon-bitop)
                0x0000000000006e12                get_bits_in_byte
 .any.text.get_bits
                0x0000000000006e48       0x8a contiki-z1.a(chameleon-bitop)
                0x0000000000006e48                get_bits
 .any.text.unpack_header
                0x0000000000006ed2       0xb4 contiki-z1.a(chameleon-bitop)
 .any.text.set_bits_in_byte
                0x0000000000006f86       0x2a contiki-z1.a(chameleon-bitop)
                0x0000000000006f86                set_bits_in_byte
 .any.text.set_bits
                0x0000000000006fb0       0x98 contiki-z1.a(chameleon-bitop)
                0x0000000000006fb0                set_bits
 .any.text.pack_header
                0x0000000000007048       0xa0 contiki-z1.a(chameleon-bitop)
 .any.text.item_from_index
                0x00000000000070e8       0x2a contiki-z1.a(nbr-table.o)
 .any.text.index_from_key
                0x0000000000007112       0x10 contiki-z1.a(nbr-table.o)
 .any.text.index_from_item
                0x0000000000007122       0x1e contiki-z1.a(nbr-table.o)
 .any.text.nbr_set_bit
                0x0000000000007140       0x50 contiki-z1.a(nbr-table.o)
 .any.text.index_from_lladdr
                0x0000000000007190       0x3e contiki-z1.a(nbr-table.o)
 .any.text.nbr_get_bit.constprop.0
                0x00000000000071ce       0x2c contiki-z1.a(nbr-table.o)
 .any.text.nbr_table_register
                0x00000000000071fa       0x26 contiki-z1.a(nbr-table.o)
                0x00000000000071fa                nbr_table_register
 .any.text.nbr_table_add_lladdr
                0x0000000000007220      0x110 contiki-z1.a(nbr-table.o)
                0x0000000000007220                nbr_table_add_lladdr
 .any.text.nbr_table_get_from_lladdr
                0x0000000000007330       0x28 contiki-z1.a(nbr-table.o)
                0x0000000000007330                nbr_table_get_from_lladdr
 .any.text.nbr_table_remove
                0x0000000000007358       0x2a contiki-z1.a(nbr-table.o)
                0x0000000000007358                nbr_table_remove
 .any.text.printf
                0x0000000000007382       0x10 /usr/local/msp430/lib/gcc/msp430/4.7.0/../../../../msp430/lib/mcpu-430x/mmpy-16/msr20/mc20/libc.a(printf.o)
                0x0000000000007382                printf
 .any.text.append
                0x0000000000007392       0x22 /usr/local/msp430/lib/gcc/msp430/4.7.0/../../../../msp430/lib/mcpu-430x/mmpy-16/msr20/mc20/libc.a(sprintf.o)
 .any.text.call_vuprintf
                0x00000000000073b4       0x36 /usr/local/msp430/lib/gcc/msp430/4.7.0/../../../../msp430/lib/mcpu-430x/mmpy-16/msr20/mc20/libc.a(sprintf.o)
 .any.text.snprintf
                0x00000000000073ea       0x1c /usr/local/msp430/lib/gcc/msp430/4.7.0/../../../../msp430/lib/mcpu-430x/mmpy-16/msr20/mc20/libc.a(sprintf.o)
                0x00000000000073ea                snprintf
 .any.text.print_field
                0x0000000000007406      0x176 /usr/local/msp430/lib/gcc/msp430/4.7.0/../../../../msp430/lib/mcpu-430x/mmpy-16/msr20/mc20/libc.a(vuprintf.o)
 .any.text.vuprintf
                0x000000000000757c      0x74c /usr/local/msp430/lib/gcc/msp430/4.7.0/../../../../msp430/lib/mcpu-430x/mmpy-16/msr20/mc20/libc.a(vuprintf.o)
                0x000000000000757c                vuprintf
 .any.text.puts
                0x0000000000007cc8       0x2c /usr/local/msp430/lib/gcc/msp430/4.7.0/../../../../msp430/lib/mcpu-430x/mmpy-16/msr20/mc20/libc.a(puts.o)
                0x0000000000007cc8                puts
 .any.text.rand
                0x0000000000007cf4       0x26 /usr/local/msp430/lib/gcc/msp430/4.7.0/../../../../msp430/lib/mcpu-430x/mmpy-16/msr20/mc20/libc.a(rand.o)
                0x0000000000007cf4                rand
 .any.text.memcmp
                0x0000000000007d1a       0x2c /usr/local/msp430/lib/gcc/msp430/4.7.0/../../../../msp430/lib/mcpu-430x/mmpy-16/msr20/mc20/libc.a(memcmp.o)
                0x0000000000007d1a                memcmp
 .any.text.memcpy
                0x0000000000007d46       0xe8 /usr/local/msp430/lib/gcc/msp430/4.7.0/../../../../msp430/lib/mcpu-430x/mmpy-16/msr20/mc20/libc.a(memcpy.o)
                0x0000000000007d46                memcpy
 .any.text.memset
                0x0000000000007e2e       0x5c /usr/local/msp430/lib/gcc/msp430/4.7.0/../../../../msp430/lib/mcpu-430x/mmpy-16/msr20/mc20/libc.a(memset.o)
                0x0000000000007e2e                memset

.rodata         0x0000000000007e8c      0x388
                0x0000000000007e8c                . = ALIGN (0x2)
 *(.rodata .rodata.* .gnu.linkonce.r.*)
 .rodata.process_thread_net_test_process
                0x0000000000007e8c       0x44 net-test.co
 .rodata.recv_uc
                0x0000000000007ed0        0xd net-test.co
 *fill*         0x0000000000007edd        0x1 00
 .rodata.autostart_processes
                0x0000000000007ede        0x4 net-test.co
                0x0000000000007ede                autostart_processes
 .rodata        0x0000000000007ee2        0x9 net-test.co
 *fill*         0x0000000000007eeb        0x1 00
 .rodata.unicast_callbacks
                0x0000000000007eec        0x8 net-test.co
 .rodata.send_packet.part.7
                0x0000000000007ef4       0x57 obj_z1/contikimac.o
 .rodata        0x0000000000007f4b        0xb obj_z1/contikimac.o
 .rodata.contikimac_driver
                0x0000000000007f56       0x1e obj_z1/contikimac.o
                0x0000000000007f56                contikimac_driver
 .rodata.get_value
                0x0000000000007f74       0x38 obj_z1/cc2420.o
 .rodata.cc2420_driver
                0x0000000000007fac       0x38 obj_z1/cc2420.o
                0x0000000000007fac                cc2420_driver
 .rodata        0x0000000000007fe4        0xe obj_z1/cc2420.o
 .rodata.output_power
                0x0000000000007ff2       0x10 obj_z1/cc2420.o
 .rodata        0x0000000000008002      0x112 obj_z1/contiki-z1-main.o
 .rodata        0x0000000000008114        0x8 contiki-z1.a(sensors.o)
 .rodata        0x000000000000811c        0x7 contiki-z1.a(button-sensor.o)
 *fill*         0x0000000000008123        0x1 00
 .rodata.button_sensor
                0x0000000000008124        0xe contiki-z1.a(button-sensor.o)
                0x0000000000008124                button_sensor
 .rodata        0x0000000000008132       0x16 contiki-z1.a(adxl345.o)
 .rodata        0x0000000000008148        0xf contiki-z1.a(ctimer.o)
 .rodata        0x0000000000008157        0xc contiki-z1.a(etimer.o)
 .rodata        0x0000000000008163        0xe contiki-z1.a(serial-line.o)
 .rodata        0x0000000000008171        0x5 contiki-z1.a(rime.o)
 .rodata.rime_driver
                0x0000000000008176        0xa contiki-z1.a(rime.o)
                0x0000000000008176                rime_driver
 .rodata.broadcast_callbacks
                0x0000000000008180        0x8 contiki-z1.a(broadcast-annou)
 .rodata.broadcast
                0x0000000000008188        0x8 contiki-z1.a(broadcast.o)
 .rodata.attributes
                0x0000000000008190        0x4 contiki-z1.a(broadcast.o)
 .rodata.uc     0x0000000000008194        0x8 contiki-z1.a(unicast.o)
 .rodata.attributes
                0x000000000000819c        0x6 contiki-z1.a(unicast.o)
 .rodata.attributes
                0x00000000000081a2        0x2 contiki-z1.a(abc.o)
 .rodata.linkaddr_null
                0x00000000000081a4        0x2 contiki-z1.a(linkaddr.o)
                0x00000000000081a4                linkaddr_null
 .rodata        0x00000000000081a6        0x8 contiki-z1.a(nullmac.o)
 .rodata.nullmac_driver
                0x00000000000081ae       0x1a contiki-z1.a(nullmac.o)
                0x00000000000081ae                nullmac_driver
 .rodata.framer_802154
                0x00000000000081c8       0x10 contiki-z1.a(framer-802154.o)
                0x00000000000081c8                framer_802154
 .rodata.CSWTCH.5
                0x00000000000081d8        0x2 contiki-z1.a(frame802154.o)
 .rodata        0x00000000000081da        0x8 contiki-z1.a(nullsec.o)
 .rodata.nullsec_driver
                0x00000000000081e2       0x16 contiki-z1.a(nullsec.o)
                0x00000000000081e2                nullsec_driver
 .rodata.chameleon_bitopt
                0x00000000000081f8        0xc contiki-z1.a(chameleon-bitop)
                0x00000000000081f8                chameleon_bitopt
 .rodata.bitmask
                0x0000000000008204        0x9 contiki-z1.a(chameleon-bitop)
 .rodata.vuprintf
                0x000000000000820d        0x7 /usr/local/msp430/lib/gcc/msp430/4.7.0/../../../../msp430/lib/mcpu-430x/mmpy-16/msr20/mc20/libc.a(vuprintf.o)
 *(.near.rodata .near.rodata.*)
                0x0000000000008214                . = ALIGN (0x2)
                0x0000000000008214                _etext = .

.data           0x0000000000001100       0xa0 load address 0x0000000000008214
                0x0000000000001100                . = ALIGN (0x2)
                0x0000000000001100                __data_start = .
 *(.data .data.* .gnu.linkonce.d.*)
 .data.net_test_process
                0x0000000000001100        0xc net-test.co
                0x0000000000001100                net_test_process
 .data.cc2420_process
                0x000000000000110c        0xc obj_z1/cc2420.o
                0x000000000000110c                cc2420_process
 .data.sensors  0x0000000000001118        0x4 obj_z1/contiki-z1-main.o
                0x0000000000001118                sensors
 .data.cur_break
                0x000000000000111c        0x2 contiki-z1.a(msp430.o)
 .data.sensors_process
                0x000000000000111e        0xc contiki-z1.a(sensors.o)
                0x000000000000111e                sensors_process
 .data.accmeter_process
                0x000000000000112a        0xc contiki-z1.a(adxl345.o)
                0x000000000000112a                accmeter_process
 .data.adxl345_default_settings
                0x0000000000001136       0x16 contiki-z1.a(adxl345.o)
 .data.ctimer_process
                0x000000000000114c        0xc contiki-z1.a(ctimer.o)
                0x000000000000114c                ctimer_process
 .data.etimer_process
                0x0000000000001158        0xc contiki-z1.a(etimer.o)
                0x0000000000001158                etimer_process
 .data.serial_line_process
                0x0000000000001164        0xc contiki-z1.a(serial-line.o)
                0x0000000000001164                serial_line_process
 .data.buframmem
                0x0000000000001170        0x8 contiki-z1.a(queuebuf.o)
 .data.bufmem   0x0000000000001178        0x8 contiki-z1.a(queuebuf.o)
 .data.nbr_phase_struct
                0x0000000000001180        0xa contiki-z1.a(phase.o)
 .data.queued_packets_memb
                0x000000000000118a        0x8 contiki-z1.a(phase.o)
 .data.prescale_lsb
                0x0000000000001192        0x1 contiki-z1.a(i2cmaster.o)
                0x0000000000001192                prescale_lsb
 *fill*         0x0000000000001193        0x1 00
 .data.neighbor_addr_mem
                0x0000000000001194        0x8 contiki-z1.a(nbr-table.o)
 .data.next     0x000000000000119c        0x4 /usr/local/msp430/lib/gcc/msp430/4.7.0/../../../../msp430/lib/mcpu-430x/mmpy-16/msr20/mc20/libc.a(rand.o)
 *(.near.data .near.data.*)
                0x00000000000011a0                . = ALIGN (0x2)
                0x00000000000011a0                _edata = .
                0x0000000000008214                __data_load_start = LOADADDR (.data)
                0x00000000000000a0                __data_size = SIZEOF (.data)

.bss            0x00000000000011a0      0xbea load address 0x00000000000082b4
                0x00000000000011a0                __bss_start = .
 *(.bss .bss.*)
 .bss.uc        0x00000000000011a0        0xe net-test.co
 .bss.et.3762   0x00000000000011ae        0xc net-test.co
 .bss.msg_counter.3767
                0x00000000000011ba        0x2 net-test.co
 .bss.cycle_start
                0x00000000000011bc        0x2 obj_z1/contikimac.o
 .bss.radio_is_on
                0x00000000000011be        0x1 obj_z1/contikimac.o
 .bss.we_are_sending
                0x00000000000011bf        0x1 obj_z1/contikimac.o
 .bss.contikimac_keep_radio_on
                0x00000000000011c0        0x1 obj_z1/contikimac.o
 .bss.contikimac_is_on
                0x00000000000011c1        0x1 obj_z1/contikimac.o
 .bss.rt        0x00000000000011c2        0x8 obj_z1/contikimac.o
 .bss.pt        0x00000000000011ca        0x2 obj_z1/contikimac.o
 .bss.packet_seen.3669
                0x00000000000011cc        0x1 obj_z1/contikimac.o
 .bss.count.3671
                0x00000000000011cd        0x1 obj_z1/contikimac.o
 .bss.t0.3670   0x00000000000011ce        0x2 obj_z1/contikimac.o
 .bss.we_are_receiving_burst
                0x00000000000011d0        0x2 obj_z1/contikimac.o
 .bss.start.3676
                0x00000000000011d2        0x2 obj_z1/contikimac.o
 .bss.silence_periods.3677
                0x00000000000011d4        0x1 obj_z1/contikimac.o
 .bss.periods.3678
                0x00000000000011d5        0x1 obj_z1/contikimac.o
 .bss.ct.3755   0x00000000000011d6       0x16 obj_z1/contikimac.o
 .bss.current_packet
                0x00000000000011ec        0x8 obj_z1/contikimac.o
 .bss.last_packet_timestamp
                0x00000000000011f4        0x2 obj_z1/cc2420.o
 .bss.receive_on
                0x00000000000011f6        0x1 obj_z1/cc2420.o
 .bss.locked    0x00000000000011f7        0x1 obj_z1/cc2420.o
 .bss.lock_off  0x00000000000011f8        0x1 obj_z1/cc2420.o
 .bss.lock_on   0x00000000000011f9        0x1 obj_z1/cc2420.o
 .bss.channel   0x00000000000011fa        0x2 obj_z1/cc2420.o
 .bss.irq_energest.3928
                0x00000000000011fc        0x4 obj_z1/contiki-z1-main.o
 .bss.leds      0x0000000000001200        0x1 contiki-z1.a(leds.o)
 *fill*         0x0000000000001201        0x1 00
 .bss.counter   0x0000000000001202        0x2 contiki-z1.a(watchdog.o)
 .bss.node_id   0x0000000000001204        0x2 contiki-z1.a(node-id.o)
                0x0000000000001204                node_id
 .bss.num_sensors
                0x0000000000001206        0x1 contiki-z1.a(sensors.o)
 *fill*         0x0000000000001207        0x1 00
 .bss.i.2109    0x0000000000001208        0x2 contiki-z1.a(sensors.o)
 .bss.events.2110
                0x000000000000120a        0x2 contiki-z1.a(sensors.o)
 .bss.debouncetimer
                0x000000000000120c        0x8 contiki-z1.a(button-sensor.o)
 .bss.transmitting
                0x0000000000001214        0x1 contiki-z1.a(uart0.o)
 *fill*         0x0000000000001215        0x1 00
 .bss.uart0_input_handler
                0x0000000000001216        0x4 contiki-z1.a(uart0.o)
 .bss.int1_mask
                0x000000000000121a        0x2 contiki-z1.a(adxl345.o)
 .bss.int2_mask
                0x000000000000121c        0x2 contiki-z1.a(adxl345.o)
 .bss._ADXL345_STATUS
                0x000000000000121e        0x2 contiki-z1.a(adxl345.o)
 .bss.suppressTimer1
                0x0000000000001220        0x8 contiki-z1.a(adxl345.o)
 .bss.suppressTimer2
                0x0000000000001228        0x8 contiki-z1.a(adxl345.o)
 .bss.last_tar  0x0000000000001230        0x2 contiki-z1.a(clock.o)
 .bss.count     0x0000000000001232        0x4 contiki-z1.a(clock.o)
 .bss.seconds   0x0000000000001236        0x4 contiki-z1.a(clock.o)
 .bss.initialized
                0x000000000000123a        0x1 contiki-z1.a(ctimer.o)
 *fill*         0x000000000000123b        0x1 00
 .bss.ctimer_list_list
                0x000000000000123c        0x2 contiki-z1.a(ctimer.o)
 .bss.timerlist
                0x000000000000123e        0x2 contiki-z1.a(etimer.o)
 .bss.next_expiration
                0x0000000000001240        0x4 contiki-z1.a(etimer.o)
 .bss.last_listen.2569
                0x0000000000001244        0x4 contiki-z1.a(compower.o)
 .bss.last_transmit.2570
                0x0000000000001248        0x4 contiki-z1.a(compower.o)
 .bss.poll_requested
                0x000000000000124c        0x1 contiki-z1.a(process.o)
 *fill*         0x000000000000124d        0x1 00
 .bss.process_current
                0x000000000000124e        0x2 contiki-z1.a(process.o)
                0x000000000000124e                process_current
 .bss.process_list
                0x0000000000001250        0x2 contiki-z1.a(process.o)
                0x0000000000001250                process_list
 .bss.lastevent
                0x0000000000001252        0x1 contiki-z1.a(process.o)
 .bss.fevent    0x0000000000001253        0x1 contiki-z1.a(process.o)
 .bss.nevents   0x0000000000001254        0x1 contiki-z1.a(process.o)
 *fill*         0x0000000000001255        0x1 00
 .bss.events    0x0000000000001256       0x30 contiki-z1.a(process.o)
 .bss.ev.1888   0x0000000000001286        0x1 contiki-z1.a(process.o)
 *fill*         0x0000000000001287        0x1 00
 .bss.data.1889
                0x0000000000001288        0x2 contiki-z1.a(process.o)
 .bss.receiver.1890
                0x000000000000128a        0x2 contiki-z1.a(process.o)
 .bss.p.1891    0x000000000000128c        0x2 contiki-z1.a(process.o)
 .bss.snum.1906
                0x000000000000128e        0x1 contiki-z1.a(process.o)
 *fill*         0x000000000000128f        0x1 00
 .bss.next_rtimer
                0x0000000000001290        0x2 contiki-z1.a(rtimer.o)
 .bss.overflow.2087
                0x0000000000001292        0x1 contiki-z1.a(serial-line.o)
 *fill*         0x0000000000001293        0x1 00
 .bss.rxbuf     0x0000000000001294        0x6 contiki-z1.a(serial-line.o)
 .bss.ptr.2094  0x000000000000129a        0x2 contiki-z1.a(serial-line.o)
 .bss.buf.2093  0x000000000000129c       0x80 contiki-z1.a(serial-line.o)
 .bss.rxbuf_data
                0x000000000000131c       0x80 contiki-z1.a(serial-line.o)
 .bss.sniffers_list
                0x000000000000139c        0x2 contiki-z1.a(rime.o)
 .bss.c         0x000000000000139e       0x4a contiki-z1.a(broadcast-annou)
 .bss.channel_list_list
                0x00000000000013e8        0x2 contiki-z1.a(channel.o)
 .bss.announcements_list
                0x00000000000013ea        0x2 contiki-z1.a(announcement.o)
 .bss.observer_callback
                0x00000000000013ec        0x4 contiki-z1.a(announcement.o)
 .bss.buframmem_memb_count
                0x00000000000013f0        0x8 contiki-z1.a(queuebuf.o)
 .bss.buframmem_memb_mem
                0x00000000000013f8      0x5f0 contiki-z1.a(queuebuf.o)
 .bss.bufmem_memb_count
                0x00000000000019e8        0x8 contiki-z1.a(queuebuf.o)
 .bss.bufmem_memb_mem
                0x00000000000019f0       0x10 contiki-z1.a(queuebuf.o)
 .bss.bufptr    0x0000000000001a00        0x2 contiki-z1.a(packetbuf.o)
 .bss.buflen    0x0000000000001a02        0x2 contiki-z1.a(packetbuf.o)
 .bss.hdrptr    0x0000000000001a04        0x1 contiki-z1.a(packetbuf.o)
 *fill*         0x0000000000001a05        0x1 00
 .bss.packetbufptr
                0x0000000000001a06        0x2 contiki-z1.a(packetbuf.o)
 .bss.packetbuf_aligned
                0x0000000000001a08       0xb0 contiki-z1.a(packetbuf.o)
 .bss.received_seqnos
                0x0000000000001ab8       0x40 contiki-z1.a(mac-sequence.o)
 .bss.initialized
                0x0000000000001af8        0x1 contiki-z1.a(framer-802154.o)
 .bss.mac_dsn   0x0000000000001af9        0x1 contiki-z1.a(framer-802154.o)
 .bss._nbr_phase_mem
                0x0000000000001afa       0x60 contiki-z1.a(phase.o)
 .bss.queued_packets_memb_memb_count
                0x0000000000001b5a        0x8 contiki-z1.a(phase.o)
 .bss.queued_packets_memb_memb_mem
                0x0000000000001b62      0x100 contiki-z1.a(phase.o)
 .bss.tx_byte_tot
                0x0000000000001c62        0x1 contiki-z1.a(i2cmaster.o)
 .bss.rx_byte_tot
                0x0000000000001c63        0x1 contiki-z1.a(i2cmaster.o)
 .bss.prescale_msb
                0x0000000000001c64        0x1 contiki-z1.a(i2cmaster.o)
                0x0000000000001c64                prescale_msb
 *fill*         0x0000000000001c65        0x1 00
 .bss.num_tables
                0x0000000000001c66        0x2 contiki-z1.a(nbr-table.o)
 .bss.all_tables
                0x0000000000001c68       0x10 contiki-z1.a(nbr-table.o)
 .bss.used_map  0x0000000000001c78        0x8 contiki-z1.a(nbr-table.o)
 .bss.nbr_table_keys_list
                0x0000000000001c80        0x2 contiki-z1.a(nbr-table.o)
 .bss.locked_map
                0x0000000000001c82        0x8 contiki-z1.a(nbr-table.o)
 .bss.neighbor_addr_mem_memb_count
                0x0000000000001c8a        0x8 contiki-z1.a(nbr-table.o)
 .bss.neighbor_addr_mem_memb_mem
                0x0000000000001c92       0x20 contiki-z1.a(nbr-table.o)
 .bss.destination_
                0x0000000000001cb2        0x2 /usr/local/msp430/lib/gcc/msp430/4.7.0/../../../../msp430/lib/mcpu-430x/mmpy-16/msr20/mc20/libc.a(sprintf.o)
 .bss.available_
                0x0000000000001cb4        0x2 /usr/local/msp430/lib/gcc/msp430/4.7.0/../../../../msp430/lib/mcpu-430x/mmpy-16/msr20/mc20/libc.a(sprintf.o)
 *(.near.bss .near.bss.*)
 *(COMMON)
 COMMON         0x0000000000001cb6       0x10 obj_z1/cc2420.o
                0x0000000000001cb6                cc2420_last_rssi
                0x0000000000001cb8                cc2420_sfd_start_time
                0x0000000000001cba                cc2420_time_of_departure
                0x0000000000001cbc                cc2420_time_of_arrival
                0x0000000000001cbe                cc2420_last_correlation
                0x0000000000001cc0                cc2420_authority_level_of_sender
                0x0000000000001cc2                cc2420_sfd_counter
                0x0000000000001cc4                cc2420_sfd_end_time
 COMMON         0x0000000000001cc6        0x2 obj_z1/contiki-z1-main.o
                0x0000000000001cc6                sensors_flags
 COMMON         0x0000000000001cc8        0x8 contiki-z1.a(node-id.o)
                0x0000000000001cc8                node_mac
 COMMON         0x0000000000001cd0        0x1 contiki-z1.a(sensors.o)
                0x0000000000001cd0                sensors_event
 *fill*         0x0000000000001cd1        0x1 00
 COMMON         0x0000000000001cd2        0xb contiki-z1.a(adxl345.o)
                0x0000000000001cd2                accm_int2_cb
                0x0000000000001cd6                int2_event
                0x0000000000001cd8                accm_int1_cb
                0x0000000000001cdc                int1_event
 *fill*         0x0000000000001cdd        0x1 00
 COMMON         0x0000000000001cde       0x56 contiki-z1.a(energest.o)
                0x0000000000001cde                energest_total_time
                0x0000000000001d0e                energest_total_count
                0x0000000000001d10                energest_current_mode
                0x0000000000001d1c                energest_current_time
 COMMON         0x0000000000001d34        0x8 contiki-z1.a(compower.o)
                0x0000000000001d34                compower_idle_activity
 COMMON         0x0000000000001d3c        0x1 contiki-z1.a(process.o)
                0x0000000000001d3c                process_maxevents
 COMMON         0x0000000000001d3d        0x1 contiki-z1.a(serial-line.o)
                0x0000000000001d3d                serial_line_event_message
 COMMON         0x0000000000001d3e       0x3c contiki-z1.a(packetbuf.o)
                0x0000000000001d3e                packetbuf_addrs
                0x0000000000001d46                packetbuf_attrs
 COMMON         0x0000000000001d7a        0x2 contiki-z1.a(linkaddr.o)
                0x0000000000001d7a                linkaddr_node_addr
 COMMON         0x0000000000001d7c        0xe contiki-z1.a(i2cmaster.o)
                0x0000000000001d7c                transmit_data1
                0x0000000000001d7d                rx_byte_ctr
                0x0000000000001d7e                tx_buf_ptr
                0x0000000000001d80                tx_byte_ctr
                0x0000000000001d82                i
                0x0000000000001d84                receive_data
                0x0000000000001d85                rx_buf
                0x0000000000001d87                transmit_data2
                0x0000000000001d88                rx_buf_ptr
                0x0000000000001d8a                . = ALIGN (0x2)
                0x0000000000001d8a                __bss_end = .
                0x0000000000000bea                __bss_size = SIZEOF (.bss)

.noinit         0x0000000000001d8a        0x2 load address 0x00000000000082b4
                0x0000000000001d8a                . = ALIGN (0x2)
                0x0000000000001d8a                __noinit_start = .
 *(.noinit .noinit.*)
 .noinit.crt0   0x0000000000001d8a        0x2 /usr/local/msp430/lib/gcc/msp430/4.7.0/mcpu-430x/mmpy-16/msr20/mc20/libcrt0.a(__watchdog_support.o)
                0x0000000000001d8a                __wdt_clear_value
                0x0000000000001d8c                . = ALIGN (0x2)
                0x0000000000001d8c                __noinit_end = .
                0x0000000000001d8c                . = ALIGN (0x2)
                0x0000000000001d8c                _end = .

.infomem        0x0000000000001000        0x0
                0x0000000000001000                . = ALIGN (0x2)
 *(.infomem .infomem.*)

.infomemnobits  0x0000000000001000        0x0
                0x0000000000001000                . = ALIGN (0x2)
 *(.infomemnobits .infomemnobits.*)

.infoa          0x00000000000010c0        0x0
                0x00000000000010c0                . = ALIGN (0x2)
 *(.infoa .infoa.*)

.infob          0x0000000000001080        0x0
                0x0000000000001080                . = ALIGN (0x2)
 *(.infob .infob.*)

.infoc          0x0000000000001040        0x0
                0x0000000000001040                . = ALIGN (0x2)
 *(.infoc .infoc.*)

.infod          0x0000000000001000        0x0
                0x0000000000001000                . = ALIGN (0x2)
 *(.infod .infod.*)
                0x000000000000ffff                PROVIDE (__vte_0, 0xffff)
                0x000000000000ffff                PROVIDE (__vte_1, 0xffff)
                0x000000000000ffff                PROVIDE (__vte_2, 0xffff)
                0x000000000000ffff                PROVIDE (__vte_3, 0xffff)
                0x000000000000ffff                PROVIDE (__vte_4, 0xffff)
                0x000000000000ffff                PROVIDE (__vte_5, 0xffff)
                0x000000000000ffff                PROVIDE (__vte_6, 0xffff)
                0x000000000000ffff                PROVIDE (__vte_7, 0xffff)
                0x000000000000ffff                PROVIDE (__vte_8, 0xffff)
                0x000000000000ffff                PROVIDE (__vte_9, 0xffff)
                0x000000000000ffff                PROVIDE (__vte_10, 0xffff)
                0x000000000000ffff                PROVIDE (__vte_11, 0xffff)
                0x000000000000ffff                PROVIDE (__vte_12, 0xffff)
                0x000000000000ffff                PROVIDE (__vte_13, 0xffff)
                0x000000000000ffff                PROVIDE (__vte_14, 0xffff)
                0x000000000000ffff                PROVIDE (__vte_15, 0xffff)
                0x000000000000ffff                PROVIDE (__vte_16, 0xffff)
                0x000000000000ffff                PROVIDE (__vte_17, 0xffff)
                0x000000000000ffff                PROVIDE (__vte_18, 0xffff)
                0x000000000000ffff                PROVIDE (__vte_19, 0xffff)
                0x000000000000ffff                PROVIDE (__vte_20, 0xffff)
                0x000000000000ffff                PROVIDE (__vte_21, 0xffff)
                0x000000000000ffff                PROVIDE (__vte_22, 0xffff)
                0x000000000000ffff                PROVIDE (__vte_23, 0xffff)
                0x000000000000ffff                PROVIDE (__vte_24, 0xffff)
                0x000000000000ffff                PROVIDE (__vte_25, 0xffff)
                0x000000000000ffff                PROVIDE (__vte_26, 0xffff)
                0x000000000000ffff                PROVIDE (__vte_27, 0xffff)
                0x000000000000ffff                PROVIDE (__vte_28, 0xffff)
                0x000000000000ffff                PROVIDE (__vte_29, 0xffff)
                0x000000000000ffff                PROVIDE (__vte_30, 0xffff)
                0x000000000000ffff                PROVIDE (__vte_31, 0xffff)

.vectors        0x000000000000ffc0       0x40
                0x000000000000ffc0                __vectors_start = .
 *(.vectors*)
 .vectors       0x000000000000ffc0       0x40 /usr/local/msp430/lib/gcc/msp430/4.7.0/mcpu-430x/mmpy-16/msr20/mc20/crt0ivtbl32.o
                0x000000000000ffc0                __ivtbl_32
                0x0000000000010000                _vectors_end = .

.fartext        0x0000000000010000        0x0
                0x0000000000010000                . = ALIGN (0x2)
 *(.fartext .fartext.*)

.far.text       0x0000000000010000        0x0
                0x0000000000010000                . = ALIGN (0x2)
 *(.far.text .far.text.*)

.far.rodata     0x0000000000010000        0x0
                0x0000000000010000                . = ALIGN (0x2)
 *(.far.rodata .far.rodata.*)
                0x0000000000010000                . = ALIGN (0x2)
                0x0000000000010000                _efartext = .

.far.data       0x0000000000000000        0x0 load address 0x0000000000010000
                0x0000000000000000                . = ALIGN (0x2)
                0x0000000000000000                __far_data_start = .
 *(.far.data .far.data.*)
                0x0000000000000000                . = ALIGN (0x2)
                0x0000000000000000                _efardata = .
                0x0000000000010000                __far_data_load_start = LOADADDR (.far.data)
                0x0000000000000000                __far_data_size = SIZEOF (.far.data)

.far.bss        0x0000000000000000        0x0 load address 0x0000000000010000
                0x0000000000000000                . = ALIGN (0x2)
                0x0000000000000000                __far_bss_start = .
 *(.far.bss .far.bss.*)
                0x0000000000000000                . = ALIGN (0x2)
                0x0000000000000000                __far_bss_end = .
                0x0000000000000000                __far_bss_size = SIZEOF (.far.bss)
                0x0000000000000000                . = ALIGN (0x2)
                0x0000000000000000                _far_end = .

.profiler
 *(.profiler)

.stab
 *(.stab)

.stabstr
 *(.stabstr)

.stab.excl
 *(.stab.excl)

.stab.exclstr
 *(.stab.exclstr)

.stab.index
 *(.stab.index)

.stab.indexstr
 *(.stab.indexstr)

.comment        0x0000000000000000       0x30
 *(.comment)
 .comment       0x0000000000000000       0x30 net-test.co
                                         0x31 (size before relaxing)
 .comment       0x0000000000000000       0x31 obj_z1/contikimac.o
 .comment       0x0000000000000000       0x31 obj_z1/cc2420.o
 .comment       0x0000000000000000       0x31 obj_z1/contiki-z1-main.o
 .comment       0x0000000000000000       0x31 contiki-z1.a(contiki-z1-plat)
 .comment       0x0000000000000000       0x31 contiki-z1.a(msp430.o)
 .comment       0x0000000000000000       0x31 contiki-z1.a(leds.o)
 .comment       0x0000000000000000       0x31 contiki-z1.a(watchdog.o)
 .comment       0x0000000000000000       0x31 contiki-z1.a(xmem.o)
 .comment       0x0000000000000000       0x31 contiki-z1.a(spi.o)
 .comment       0x0000000000000000       0x31 contiki-z1.a(cc2420-arch.o)
 .comment       0x0000000000000000       0x31 contiki-z1.a(node-id.o)
 .comment       0x0000000000000000       0x31 contiki-z1.a(sensors.o)
 .comment       0x0000000000000000       0x31 contiki-z1.a(button-sensor.o)
 .comment       0x0000000000000000       0x31 contiki-z1.a(uart0.o)
 .comment       0x0000000000000000       0x31 contiki-z1.a(uart0-putchar.o)
 .comment       0x0000000000000000       0x31 contiki-z1.a(adxl345.o)
 .comment       0x0000000000000000       0x31 contiki-z1.a(clock.o)
 .comment       0x0000000000000000       0x31 contiki-z1.a(leds-arch.o)
 .comment       0x0000000000000000       0x31 contiki-z1.a(rtimer-arch.o)
 .comment       0x0000000000000000       0x31 contiki-z1.a(autostart.o)
 .comment       0x0000000000000000       0x31 contiki-z1.a(ctimer.o)
 .comment       0x0000000000000000       0x31 contiki-z1.a(energest.o)
 .comment       0x0000000000000000       0x31 contiki-z1.a(etimer.o)
 .comment       0x0000000000000000       0x31 contiki-z1.a(compower.o)
 .comment       0x0000000000000000       0x31 contiki-z1.a(process.o)
 .comment       0x0000000000000000       0x31 contiki-z1.a(rtimer.o)
 .comment       0x0000000000000000       0x31 contiki-z1.a(timer.o)
 .comment       0x0000000000000000       0x31 contiki-z1.a(serial-line.o)
 .comment       0x0000000000000000       0x31 contiki-z1.a(list.o)
 .comment       0x0000000000000000       0x31 contiki-z1.a(memb.o)
 .comment       0x0000000000000000       0x31 contiki-z1.a(random.o)
 .comment       0x0000000000000000       0x31 contiki-z1.a(ringbuf.o)
 .comment       0x0000000000000000       0x31 contiki-z1.a(rime.o)
 .comment       0x0000000000000000       0x31 contiki-z1.a(broadcast-annou)
 .comment       0x0000000000000000       0x31 contiki-z1.a(broadcast.o)
 .comment       0x0000000000000000       0x31 contiki-z1.a(chameleon.o)
 .comment       0x0000000000000000       0x31 contiki-z1.a(channel.o)
 .comment       0x0000000000000000       0x31 contiki-z1.a(unicast.o)
 .comment       0x0000000000000000       0x31 contiki-z1.a(abc.o)
 .comment       0x0000000000000000       0x31 contiki-z1.a(announcement.o)
 .comment       0x0000000000000000       0x31 contiki-z1.a(queuebuf.o)
 .comment       0x0000000000000000       0x31 contiki-z1.a(packetbuf.o)
 .comment       0x0000000000000000       0x31 contiki-z1.a(linkaddr.o)
 .comment       0x0000000000000000       0x31 contiki-z1.a(nullmac.o)
 .comment       0x0000000000000000       0x31 contiki-z1.a(mac-sequence.o)
 .comment       0x0000000000000000       0x31 contiki-z1.a(framer-802154.o)
 .comment       0x0000000000000000       0x31 contiki-z1.a(frame802154.o)
 .comment       0x0000000000000000       0x31 contiki-z1.a(mac.o)
 .comment       0x0000000000000000       0x31 contiki-z1.a(phase.o)
 .comment       0x0000000000000000       0x31 contiki-z1.a(framer.o)
 .comment       0x0000000000000000       0x31 contiki-z1.a(nullsec.o)
 .comment       0x0000000000000000       0x31 contiki-z1.a(i2cmaster.o)
 .comment       0x0000000000000000       0x31 contiki-z1.a(chameleon-bitop)
 .comment       0x0000000000000000       0x31 contiki-z1.a(nbr-table.o)
 .comment       0x0000000000000000       0x31 /usr/local/msp430/lib/gcc/msp430/4.7.0/../../../../msp430/lib/mcpu-430x/mmpy-16/msr20/mc20/libc.a(printf.o)
 .comment       0x0000000000000000       0x31 /usr/local/msp430/lib/gcc/msp430/4.7.0/../../../../msp430/lib/mcpu-430x/mmpy-16/msr20/mc20/libc.a(sprintf.o)
 .comment       0x0000000000000000       0x31 /usr/local/msp430/lib/gcc/msp430/4.7.0/../../../../msp430/lib/mcpu-430x/mmpy-16/msr20/mc20/libc.a(vuprintf.o)
 .comment       0x0000000000000000       0x31 /usr/local/msp430/lib/gcc/msp430/4.7.0/../../../../msp430/lib/mcpu-430x/mmpy-16/msr20/mc20/libc.a(puts.o)
 .comment       0x0000000000000000       0x31 /usr/local/msp430/lib/gcc/msp430/4.7.0/../../../../msp430/lib/mcpu-430x/mmpy-16/msr20/mc20/libc.a(rand.o)