Archive member included because of file (symbol)

contiki-sky.a(rimeaddr.o)     obj_sky/deployment.o (rimeaddr_copy)
contiki-sky.a(mac.o)          obj_sky/contikimac.o (mac_call_sent_callback)
contiki-sky.a(framer-802154.o)
                              obj_sky/contikimac.o (framer_802154)
contiki-sky.a(rpl-dag.o)      obj_sky/deployment.o (rpl_set_prefix)
contiki-sky.a(rpl-icmp6.o)    contiki-sky.a(rpl-dag.o) (dao_output)
contiki-sky.a(rpl-timers.o)   contiki-sky.a(rpl-dag.o) (rpl_reset_dio_timer)
contiki-sky.a(rpl-mrhof.o)    contiki-sky.a(rpl-dag.o) (rpl_mrhof)
contiki-sky.a(process.o)      obj_sky/contiki-sky-main.o (process_init)
contiki-sky.a(autostart.o)    obj_sky/contiki-sky-main.o (autostart_start)
contiki-sky.a(compower.o)     obj_sky/contikimac.o (compower_accumulate)
contiki-sky.a(memb.o)         obj_sky/phase.o (memb_init)
contiki-sky.a(timer.o)        obj_sky/phase.o (timer_set)
contiki-sky.a(list.o)         obj_sky/csma.o (list_init)
contiki-sky.a(etimer.o)       obj_sky/contiki-sky-main.o (etimer_process)
contiki-sky.a(ctimer.o)       obj_sky/contiki-sky-main.o (ctimer_init)
contiki-sky.a(energest.o)     obj_sky/contiki-sky-main.o (energest_init)
contiki-sky.a(rtimer.o)       obj_sky/contiki-sky-main.o (rtimer_init)
contiki-sky.a(stimer.o)       contiki-sky.a(rpl-icmp6.o) (stimer_set)
contiki-sky.a(random.o)       obj_sky/contiki-sky-main.o (random_init)
contiki-sky.a(nbr-table.o)    obj_sky/phase.o (nbr_table_register)
contiki-sky.a(packetbuf.o)    obj_sky/contikimac.o (packetbuf_hdr_remove)
contiki-sky.a(queuebuf.o)     obj_sky/contiki-sky-main.o (queuebuf_init)
contiki-sky.a(simple-udp.o)   app-collect-only.co (simple_udp_sendto)
contiki-sky.a(tcpip.o)        obj_sky/sicslowpan.o (tcpip_set_outputfunc)
contiki-sky.a(uip-ds6-route.o)
                              contiki-sky.a(rpl-icmp6.o) (uip_ds6_route_nexthop)
contiki-sky.a(uip-ds6-nbr.o)  contiki-sky.a(rpl-icmp6.o) (uip_ds6_nbr_add)
contiki-sky.a(uip-ds6.o)      contiki-sky.a(tcpip.o) (uip_ds6_is_addr_onlink)
contiki-sky.a(uip-icmp6.o)    contiki-sky.a(rpl-icmp6.o) (uip_icmp6_send)
contiki-sky.a(uip-udp-packet.)
                              contiki-sky.a(simple-udp.o) (uip_udp_packet_sendto)
contiki-sky.a(uip6.o)         contiki-sky.a(rpl-icmp6.o) (uip_ext_len)
contiki-sky.a(ds2411.o)       obj_sky/contiki-sky-main.o (ds2411_init)
contiki-sky.a(node-id.o)      obj_sky/contiki-sky-main.o (node_id_restore)
contiki-sky.a(cc2420-arch.o)  obj_sky/cc2420-softack.o (cc2420_arch_init)
contiki-sky.a(cc2420-arch-sfd)
                              contiki-sky.a(cc2420-arch.o) (cc2420_arch_sfd_init)
contiki-sky.a(uart1.o)        obj_sky/contiki-sky-main.o (uart1_active)
contiki-sky.a(uart1-putchar.o)
                              obj_sky/contiki-sky-main.o (putchar)
contiki-sky.a(msp430.o)       contiki-sky.a(uart1.o) (msp430_add_lpm_req)
contiki-sky.a(clock.o)        contiki-sky.a(timer.o) (clock_time)
contiki-sky.a(leds.o)         obj_sky/contiki-sky-main.o (leds_init)
contiki-sky.a(leds-arch.o)    contiki-sky.a(leds.o) (leds_arch_init)
contiki-sky.a(watchdog.o)     obj_sky/contiki-sky-main.o (watchdog_start)
contiki-sky.a(rtimer-arch.o)  contiki-sky.a(rtimer.o) (rtimer_arch_init)
contiki-sky.a(frame802154.o)  contiki-sky.a(framer-802154.o) (frame802154_hdrlen)
contiki-sky.a(rpl.o)          contiki-sky.a(rpl-timers.o) (rpl_purge_routes)
contiki-sky.a(rpl-ext-header.)
                              contiki-sky.a(uip6.o) (rpl_verify_header)
contiki-sky.a(spi.o)          contiki-sky.a(cc2420-arch.o) (spi_init)
/usr/lib/gcc/msp430/4.6.3/mmpy-16/libgcc.a(_mulsi3.o)
                              obj_sky/contikimac.o (__mulsi3)
/usr/lib/gcc/msp430/4.6.3/mmpy-16/libgcc.a(_udivmod16.o)
                              contiki-sky.a(rpl-dag.o) (__udivhi3)
/usr/lib/gcc/msp430/4.6.3/mmpy-16/libgcc.a(_divmod16.o)
                              contiki-sky.a(nbr-table.o) (__divhi3)
/usr/lib/gcc/msp430/4.6.3/mmpy-16/libgcc.a(_udivmod32.o)
                              obj_sky/simple-energest.o (__udivsi3)
/usr/lib/gcc/msp430/4.6.3/../../../../msp430/lib/mmpy-16/libc.a(memcmp.o)
                              obj_sky/sicslowpan.o (memcmp)
/usr/lib/gcc/msp430/4.6.3/../../../../msp430/lib/mmpy-16/libc.a(memcpy.o)
                              app-collect-only.co (memcpy)
/usr/lib/gcc/msp430/4.6.3/../../../../msp430/lib/mmpy-16/libc.a(memmove.o)
                              obj_sky/sicslowpan.o (memmove)
/usr/lib/gcc/msp430/4.6.3/../../../../msp430/lib/mmpy-16/libc.a(memset.o)
                              obj_sky/contikimac.o (memset)
/usr/lib/gcc/msp430/4.6.3/../../../../msp430/lib/mmpy-16/libc.a(printf.o)
                              app-collect-only.co (printf)
/usr/lib/gcc/msp430/4.6.3/../../../../msp430/lib/mmpy-16/libc.a(sprintf.o)
                              obj_sky/softack.o (sprintf)
/usr/lib/gcc/msp430/4.6.3/../../../../msp430/lib/mmpy-16/libc.a(vuprintf.o)
[...]
Memory Configuration

Name             Origin             Length             Attributes
sfr              0x0000000000000000 0x0000000000000010
peripheral_8bit  0x0000000000000010 0x00000000000000f0
peripheral_16bit 0x0000000000000100 0x0000000000000100
ram_mirror       0x0000000000000200 0x0000000000000800 xw
infomem          0x0000000000001000 0x0000000000000100
infob            0x0000000000001000 0x0000000000000080
infoa            0x0000000000001080 0x0000000000000080
ram              0x0000000000001100 0x0000000000002800 xw
rom              0x0000000000004000 0x000000000000bfe0 xr
vectors          0x000000000000ffe0 0x0000000000000020
bsl              0x0000000000000000 0x0000000000000000
infoc            0x0000000000000000 0x0000000000000000
infod            0x0000000000000000 0x0000000000000000
ram2             0x0000000000000000 0x0000000000000000 xw
usbram           0x0000000000000000 0x0000000000000000 xw
far_rom          0x0000000000000000 0x0000000000000000
*default*        0x0000000000000000 0xffffffffffffffff

Linker script and memory map

LOAD /usr/lib/gcc/msp430/4.6.3/mmpy-16/crt0ivtbl16.o
LOAD app-collect-only.co
LOAD obj_sky/deployment.o
LOAD obj_sky/simple-energest.o
LOAD obj_sky/rpl-tools.o
LOAD obj_sky/phase.o
LOAD obj_sky/contikimac.o
LOAD obj_sky/cc2420-softack.o
LOAD obj_sky/csma.o
LOAD obj_sky/softack.o
LOAD obj_sky/sicslowpan.o
LOAD obj_sky/contiki-sky-main.o
LOAD contiki-sky.a
LOAD /usr/lib/gcc/msp430/4.6.3/mmpy-16/libgcc.a
LOAD /usr/lib/gcc/msp430/4.6.3/../../../../msp430/lib/mmpy-16/libc.a
LOAD /usr/lib/gcc/msp430/4.6.3/mmpy-16/libgcc.a
LOAD /usr/lib/gcc/msp430/4.6.3/mmpy-16/libcrt0.a
                0x0000000000000080                PROVIDE (__info_segment_size, 0x80)
                0x0000000000001000                PROVIDE (__infob, 0x1000)
                0x0000000000001080                PROVIDE (__infoa, 0x1080)
                0x0000000000000000                __IE1 = 0x0
                0x0000000000000002                __IFG1 = 0x2
                0x0000000000000004                __ME1 = 0x4
                0x0000000000000001                __IE2 = 0x1
                0x0000000000000003                __IFG2 = 0x3
                0x0000000000000005                __ME2 = 0x5
                0x0000000000000120                __WDTCTL = 0x120
                0x0000000000000130                __MPY = 0x130
                0x0000000000000132                __MPYS = 0x132
                0x0000000000000134                __MAC = 0x134
                0x0000000000000136                __MACS = 0x136
                0x0000000000000138                __OP2 = 0x138
                0x000000000000013a                __RESLO = 0x13a
                0x000000000000013c                __RESHI = 0x13c
                0x000000000000013e                __SUMEXT = 0x13e
                0x0000000000000020                __P1IN = 0x20
                0x0000000000000021                __P1OUT = 0x21
                0x0000000000000022                __P1DIR = 0x22
                0x0000000000000023                __P1IFG = 0x23
                0x0000000000000024                __P1IES = 0x24
                0x0000000000000025                __P1IE = 0x25
                0x0000000000000026                __P1SEL = 0x26
                0x0000000000000028                __P2IN = 0x28
                0x0000000000000029                __P2OUT = 0x29
                0x000000000000002a                __P2DIR = 0x2a
                0x000000000000002b                __P2IFG = 0x2b
                0x000000000000002c                __P2IES = 0x2c
                0x000000000000002d                __P2IE = 0x2d
                0x000000000000002e                __P2SEL = 0x2e
                0x0000000000000018                __P3IN = 0x18
                0x0000000000000019                __P3OUT = 0x19
                0x000000000000001a                __P3DIR = 0x1a
                0x000000000000001b                __P3SEL = 0x1b
                0x000000000000001c                __P4IN = 0x1c
                0x000000000000001d                __P4OUT = 0x1d
                0x000000000000001e                __P4DIR = 0x1e
                0x000000000000001f                __P4SEL = 0x1f
                0x0000000000000030                __P5IN = 0x30
                0x0000000000000031                __P5OUT = 0x31
                0x0000000000000032                __P5DIR = 0x32
                0x0000000000000033                __P5SEL = 0x33
                0x0000000000000034                __P6IN = 0x34
                0x0000000000000035                __P6OUT = 0x35
                0x0000000000000036                __P6DIR = 0x36
                0x0000000000000037                __P6SEL = 0x37
                0x0000000000000070                __U0CTL = 0x70
                0x0000000000000071                __U0TCTL = 0x71
                0x0000000000000072                __U0RCTL = 0x72
                0x0000000000000073                __U0MCTL = 0x73
                0x0000000000000074                __U0BR0 = 0x74
                0x0000000000000075                __U0BR1 = 0x75
                0x0000000000000076                __U0RXBUF = 0x76
                0x0000000000000077                __U0TXBUF = 0x77
                0x0000000000000078                __U1CTL = 0x78
                0x0000000000000079                __U1TCTL = 0x79
                0x000000000000007a                __U1RCTL = 0x7a
                0x000000000000007b                __U1MCTL = 0x7b
                0x000000000000007c                __U1BR0 = 0x7c
                0x000000000000007d                __U1BR1 = 0x7d
                0x000000000000007e                __U1RXBUF = 0x7e
                0x000000000000007f                __U1TXBUF = 0x7f
                0x0000000000000050                __I2CIE = 0x50
                0x0000000000000051                __I2CIFG = 0x51
                0x0000000000000052                __I2CNDAT = 0x52
                0x0000000000000071                __I2CTCTL = 0x71
                0x0000000000000072                __I2CDCTL = 0x72
                0x0000000000000073                __I2CPSC = 0x73
                0x0000000000000074                __I2CSCLH = 0x74
                0x0000000000000075                __I2CSCLL = 0x75
                0x0000000000000076                __I2CDRB = 0x76
                0x0000000000000076                __I2CDRW = 0x76
                0x0000000000000118                __I2COA = 0x118
                0x000000000000011a                __I2CSA = 0x11a
                0x000000000000011c                __I2CIV = 0x11c
                0x000000000000012e                __TAIV = 0x12e
                0x0000000000000160                __TACTL = 0x160
                0x0000000000000162                __TACCTL0 = 0x162
                0x0000000000000164                __TACCTL1 = 0x164
                0x0000000000000166                __TACCTL2 = 0x166
                0x0000000000000170                __TAR = 0x170
                0x0000000000000172                __TACCR0 = 0x172
                0x0000000000000174                __TACCR1 = 0x174
                0x0000000000000176                __TACCR2 = 0x176
                0x000000000000011e                __TBIV = 0x11e
                0x0000000000000180                __TBCTL = 0x180
                0x0000000000000182                __TBCCTL0 = 0x182
                0x0000000000000184                __TBCCTL1 = 0x184
                0x0000000000000186                __TBCCTL2 = 0x186
                0x0000000000000188                __TBCCTL3 = 0x188
                0x000000000000018a                __TBCCTL4 = 0x18a
                0x000000000000018c                __TBCCTL5 = 0x18c
                0x000000000000018e                __TBCCTL6 = 0x18e
                0x0000000000000190                __TBR = 0x190
                0x0000000000000192                __TBCCR0 = 0x192
                0x0000000000000194                __TBCCR1 = 0x194
                0x0000000000000196                __TBCCR2 = 0x196
                0x0000000000000198                __TBCCR3 = 0x198
                0x000000000000019a                __TBCCR4 = 0x19a
                0x000000000000019c                __TBCCR5 = 0x19c
                0x000000000000019e                __TBCCR6 = 0x19e
                0x0000000000000056                __DCOCTL = 0x56
                0x0000000000000057                __BCSCTL1 = 0x57
                0x0000000000000058                __BCSCTL2 = 0x58
                0x0000000000000055                __SVSCTL = 0x55
                0x0000000000000128                __FCTL1 = 0x128
                0x000000000000012a                __FCTL2 = 0x12a
                0x000000000000012c                __FCTL3 = 0x12c
                0x0000000000000059                __CACTL1 = 0x59
                0x000000000000005a                __CACTL2 = 0x5a
                0x000000000000005b                __CAPD = 0x5b
                0x00000000000001a0                __ADC12CTL0 = 0x1a0
                0x00000000000001a2                __ADC12CTL1 = 0x1a2
                0x00000000000001a4                __ADC12IFG = 0x1a4
                0x00000000000001a6                __ADC12IE = 0x1a6
                0x00000000000001a8                __ADC12IV = 0x1a8
                0x0000000000000140                __ADC12MEM0 = 0x140
                0x0000000000000142                __ADC12MEM1 = 0x142
                0x0000000000000144                __ADC12MEM2 = 0x144
                0x0000000000000146                __ADC12MEM3 = 0x146
                0x0000000000000148                __ADC12MEM4 = 0x148
                0x000000000000014a                __ADC12MEM5 = 0x14a
                0x000000000000014c                __ADC12MEM6 = 0x14c
                0x000000000000014e                __ADC12MEM7 = 0x14e
                0x0000000000000150                __ADC12MEM8 = 0x150
                0x0000000000000152                __ADC12MEM9 = 0x152
                0x0000000000000154                __ADC12MEM10 = 0x154
                0x0000000000000156                __ADC12MEM11 = 0x156
                0x0000000000000158                __ADC12MEM12 = 0x158
                0x000000000000015a                __ADC12MEM13 = 0x15a
                0x000000000000015c                __ADC12MEM14 = 0x15c
                0x000000000000015e                __ADC12MEM15 = 0x15e
                0x0000000000000080                __ADC12MCTL0 = 0x80
                0x0000000000000081                __ADC12MCTL1 = 0x81
                0x0000000000000082                __ADC12MCTL2 = 0x82
                0x0000000000000083                __ADC12MCTL3 = 0x83
                0x0000000000000084                __ADC12MCTL4 = 0x84
                0x0000000000000085                __ADC12MCTL5 = 0x85
                0x0000000000000086                __ADC12MCTL6 = 0x86
                0x0000000000000087                __ADC12MCTL7 = 0x87
                0x0000000000000088                __ADC12MCTL8 = 0x88
                0x0000000000000089                __ADC12MCTL9 = 0x89
                0x000000000000008a                __ADC12MCTL10 = 0x8a
                0x000000000000008b                __ADC12MCTL11 = 0x8b
                0x000000000000008c                __ADC12MCTL12 = 0x8c
                0x000000000000008d                __ADC12MCTL13 = 0x8d
                0x000000000000008e                __ADC12MCTL14 = 0x8e
                0x000000000000008f                __ADC12MCTL15 = 0x8f
                0x00000000000001c0                __DAC12_0CTL = 0x1c0
                0x00000000000001c2                __DAC12_1CTL = 0x1c2
                0x00000000000001c8                __DAC12_0DAT = 0x1c8
                0x00000000000001ca                __DAC12_1DAT = 0x1ca
                0x0000000000000122                __DMACTL0 = 0x122
                0x0000000000000124                __DMACTL1 = 0x124
                0x00000000000001e0                __DMA0CTL = 0x1e0
                0x00000000000001e8                __DMA1CTL = 0x1e8
                0x00000000000001f0                __DMA2CTL = 0x1f0
                0x00000000000001e2                __DMA0SA = 0x1e2
                0x00000000000001e4                __DMA0DA = 0x1e4
                0x00000000000001e6                __DMA0SZ = 0x1e6
                0x00000000000001ea                __DMA1SA = 0x1ea
                0x00000000000001ec                __DMA1DA = 0x1ec
                0x00000000000001ee                __DMA1SZ = 0x1ee
                0x00000000000001f2                __DMA2SA = 0x1f2
                0x00000000000001f4                __DMA2DA = 0x1f4
                0x00000000000001f6                __DMA2SZ = 0x1f6

.hash
 *(.hash)

.dynsym
 *(.dynsym)

.dynstr
 *(.dynstr)

.gnu.version
 *(.gnu.version)

.gnu.version_d
 *(.gnu.version_d)

.gnu.version_r
 *(.gnu.version_r)

.rel.init
 *(.rel.init)

.rela.init
 *(.rela.init)

.rel.fini
 *(.rel.fini)

.rela.fini
 *(.rela.fini)

.rel.text
 *(.rel.text .rel.text.* .rel.gnu.linkonce.t.*)

.rela.text
 *(.rela.text .rela.text.* .rela.gnu.linkonce.t.*)

.rel.rodata
 *(.rel.rodata .rel.rodata.* .rel.gnu.linkonce.r.*)

.rela.rodata
 *(.rela.rodata .rela.rodata.* .rela.gnu.linkonce.r.*)

.rel.data
 *(.rel.data .rel.data.* .rel.gnu.linkonce.d.*)

.rela.data
 *(.rela.data .rela.data.* .rela.gnu.linkonce.d.*)

.rel.bss
 *(.rel.bss .rel.bss.* .rel.gnu.linkonce.b.*)

.rela.bss
 *(.rela.bss .rela.bss.* .rela.gnu.linkonce.b.*)

.rel.ctors
 *(.rel.ctors)

.rela.ctors
 *(.rela.ctors)

.rel.dtors
 *(.rel.dtors)

.rela.dtors
 *(.rela.dtors)

.rel.got
 *(.rel.got)

.rela.got
 *(.rela.got)

.rel.plt
 *(.rel.plt)

.rela.plt
 *(.rela.plt)

.text           0x0000000000004000     0xa1c2
                0x0000000000004000                . = ALIGN (0x2)
 *(.init .init.*)
 *(.init0)
 .init0         0x0000000000004000        0x0 /usr/lib/gcc/msp430/4.6.3/mmpy-16/libcrt0.a(_reset_vector__.o)
                0x0000000000004000                _reset_vector__
 *(.init1)
 .init1         0x0000000000004000        0xc /usr/lib/gcc/msp430/4.6.3/mmpy-16/libcrt0.a(__watchdog_support.o)
                0x0000000000004000                __watchdog_support
 *(.init2)
 .init2         0x000000000000400c        0x4 /usr/lib/gcc/msp430/4.6.3/mmpy-16/libcrt0.a(__init_stack.o)
                0x000000000000400c                __init_stack
 *(.init3)
 .init3         0x0000000000004010        0x0 /usr/lib/gcc/msp430/4.6.3/mmpy-16/libcrt0.a(__low_level_init.o)
                0x0000000000004010                __low_level_init
 *(.init4)
 .init4         0x0000000000004010       0x18 /usr/lib/gcc/msp430/4.6.3/mmpy-16/libcrt0.a(_copy_data.o)
                0x0000000000004010                __do_copy_data
 .init4         0x0000000000004028       0x16 /usr/lib/gcc/msp430/4.6.3/mmpy-16/libcrt0.a(_clear_bss.o)
                0x0000000000004028                __do_clear_bss
 *(.init5)
 *(.init6)
 *(.init7)
 *(.init8)
 *(.init9)
 .init9         0x000000000000403e      0x248 obj_sky/contiki-sky-main.o
                0x000000000000403e                main
 *(.fini9)
 .fini9         0x0000000000004286        0x0 /usr/lib/gcc/msp430/4.6.3/mmpy-16/libcrt0.a(__stop_progExec__.o)
                0x0000000000004286                __stop_progExec__
 *(.fini8)
 *(.fini7)
 *(.fini6)
 *(.fini5)
 *(.fini4)
 *(.fini3)
 *(.fini2)
 *(.fini1)
 *(.fini0)
 .fini0         0x0000000000004286        0x6 /usr/lib/gcc/msp430/4.6.3/mmpy-16/libcrt0.a(_endless_loop__.o)
                0x0000000000004286                _endless_loop__
 *(.fini .fini.*)
                0x000000000000428c                . = ALIGN (0x2)
                0x000000000000428c                __ctors_start = .
 *(.ctors)
                0x000000000000428c                __ctors_end = .
                0x000000000000428c                __dtors_start = .
 *(.dtors)
                0x000000000000428c                __dtors_end = .
                0x000000000000428c                . = ALIGN (0x2)
 *(.text .text.* .gnu.linkonce.t.*)
 .text          0x000000000000428c        0x4 /usr/lib/gcc/msp430/4.6.3/mmpy-16/crt0ivtbl16.o
                0x000000000000428c                __isr_14
                0x000000000000428c                __isr_11
                0x000000000000428c                __isr_2
                0x000000000000428c                __isr_7
                0x000000000000428c                __isr_0
                0x000000000000428c                __isr_8
                0x000000000000428c                __isr_3
                0x000000000000428c                __isr_13
                0x000000000000428c                __isr_9
                0x000000000000428c                __isr_1
 .text.receiver
                0x0000000000004290       0x14 app-collect-only.co
 .text.app_send_to
                0x00000000000042a4       0x8e app-collect-only.co
                0x00000000000042a4                app_send_to
 .text.process_thread_unicast_sender_process
                0x0000000000004332      0x12c app-collect-only.co
 .text.node_id_from_rimeaddr
                0x000000000000445e       0x24 obj_sky/deployment.o
                0x000000000000445e                node_id_from_rimeaddr
 .text.get_node_id
                0x0000000000004482        0xa obj_sky/deployment.o
                0x0000000000004482                get_node_id
 .text.simple_energest_start
                0x000000000000448c       0x58 obj_sky/simple-energest.o
                0x000000000000448c                simple_energest_start
 .text.simple_energest_step
                0x00000000000044e4      0x14e obj_sky/simple-energest.o
                0x00000000000044e4                simple_energest_step
 .text.process_thread_simple_energest_process
                0x0000000000004632       0x50 obj_sky/simple-energest.o
 .text.app_data_init
                0x0000000000004682       0x1c obj_sky/rpl-tools.o
                0x0000000000004682                app_data_init
 .text.rpl_trace
                0x000000000000469e       0x56 obj_sky/rpl-tools.o
                0x000000000000469e                rpl_trace
 .text.rpl_dataptr_from_packetbuf
                0x00000000000046f4       0x26 obj_sky/rpl-tools.o
                0x00000000000046f4                rpl_dataptr_from_packetbuf
 .text.create_rpl_dag
                0x000000000000471a       0x2a obj_sky/rpl-tools.o
                0x000000000000471a                create_rpl_dag
 .text.set_addr_iid
                0x0000000000004744       0x28 obj_sky/rpl-tools.o
                0x0000000000004744                set_addr_iid
 .text.node_ip6addr
                0x000000000000476c       0x20 obj_sky/rpl-tools.o
                0x000000000000476c                node_ip6addr
 .text.rpl_setup
                0x000000000000478c       0x60 obj_sky/rpl-tools.o
                0x000000000000478c                rpl_setup
 .text.send_packet
                0x00000000000047ec       0x44 obj_sky/phase.o
 .text.phase_update
                0x0000000000004830       0xa2 obj_sky/phase.o
                0x0000000000004830                phase_update
 .text.phase_wait
                0x00000000000048d2      0x140 obj_sky/phase.o
                0x00000000000048d2                phase_wait
 .text.phase_init
                0x0000000000004a12       0x14 obj_sky/phase.o
                0x0000000000004a12                phase_init
 .text.duty_cycle
                0x0000000000004a26        0x6 obj_sky/contikimac.o
 .text.init     0x0000000000004a2c       0x38 obj_sky/contikimac.o
 .text.on       0x0000000000004a64       0x1a obj_sky/contikimac.o
 .text.off      0x0000000000004a7e       0x22 obj_sky/contikimac.o
 .text.recv_burst_off
                0x0000000000004aa0        0xa obj_sky/contikimac.o
 .text.turn_off
                0x0000000000004aaa       0x20 obj_sky/contikimac.o
 .text.turn_on  0x0000000000004aca       0x36 obj_sky/contikimac.o
 .text.schedule_powercycle_fixed.part.4
                0x0000000000004b00       0x46 obj_sky/contikimac.o
 .text.powercycle_turn_radio_off
                0x0000000000004b46       0x30 obj_sky/contikimac.o
 .text.powercycle
                0x0000000000004b76      0x252 obj_sky/contikimac.o
 .text.input_packet
                0x0000000000004dc8      0x168 obj_sky/contikimac.o
 .text.send_packet
                0x0000000000004f30      0x3a8 obj_sky/contikimac.o
 .text.qsend_packet
                0x00000000000052d8       0x28 obj_sky/contikimac.o
 .text.qsend_list
                0x0000000000005300       0x84 obj_sky/contikimac.o
 .text.strobe   0x0000000000005384       0x20 obj_sky/cc2420-softack.o
 .text.status   0x00000000000053a4       0x26 obj_sky/cc2420-softack.o
 .text.getreg   0x00000000000053ca       0x54 obj_sky/cc2420-softack.o
 .text.setreg   0x000000000000541e       0x52 obj_sky/cc2420-softack.o
 .text.set_txpower
                0x0000000000005470       0x26 obj_sky/cc2420-softack.o
 .text.cc2420_receiving_packet
                0x0000000000005496        0xe obj_sky/cc2420-softack.o
 .text.pending_packet
                0x00000000000054a4       0x14 obj_sky/cc2420-softack.o
 .text.on       0x00000000000054b8       0x4e obj_sky/cc2420-softack.o
 .text.off      0x0000000000005506       0x70 obj_sky/cc2420-softack.o
 .text.RELEASE_LOCK
                0x0000000000005576       0x2e obj_sky/cc2420-softack.o
 .text.cc2420_prepare
                0x00000000000055a4       0x8a obj_sky/cc2420-softack.o
 .text.cc2420_read
                0x000000000000562e       0x7c obj_sky/cc2420-softack.o
 .text.flushrx  0x00000000000056aa       0x7a obj_sky/cc2420-softack.o
 .text.process_thread_cc2420_process
                0x0000000000005724       0x90 obj_sky/cc2420-softack.o
 .text.cc2420_on
                0x00000000000057b4       0x24 obj_sky/cc2420-softack.o
                0x00000000000057b4                cc2420_on
 .text.cc2420_off
                0x00000000000057d8       0x32 obj_sky/cc2420-softack.o
                0x00000000000057d8                cc2420_off
 .text.cc2420_cca
                0x000000000000580a       0x80 obj_sky/cc2420-softack.o
 .text.cc2420_set_channel
                0x000000000000588a       0x90 obj_sky/cc2420-softack.o
                0x000000000000588a                cc2420_set_channel
 .text.cc2420_set_pan_addr
                0x000000000000591a      0x158 obj_sky/cc2420-softack.o
                0x000000000000591a                cc2420_set_pan_addr
 .text.cc2420_init
                0x0000000000005a72       0xd0 obj_sky/cc2420-softack.o
                0x0000000000005a72                cc2420_init
 .text.cc2420_softack_subscribe
                0x0000000000005b42        0x6 obj_sky/cc2420-softack.o
                0x0000000000005b42                cc2420_softack_subscribe
 .text.cc2420_interrupt
                0x0000000000005b48      0x366 obj_sky/cc2420-softack.o
                0x0000000000005b48                cc2420_interrupt
 .text.cc2420_get_txpower
                0x0000000000005eae       0x1e obj_sky/cc2420-softack.o
                0x0000000000005eae                cc2420_get_txpower
 .text.cc2420_transmit
                0x0000000000005ecc      0x1c8 obj_sky/cc2420-softack.o
 .text.cc2420_send
                0x0000000000006094       0x12 obj_sky/cc2420-softack.o
 .text.input_packet
                0x00000000000060a6        0x6 obj_sky/csma.o
 .text.on       0x00000000000060ac        0x6 obj_sky/csma.o
 .text.off      0x00000000000060b2        0x6 obj_sky/csma.o
 .text.channel_check_interval
                0x00000000000060b8       0x10 obj_sky/csma.o
 .text.transmit_packet_list
                0x00000000000060c8       0x24 obj_sky/csma.o
 .text.send_packet
                0x00000000000060ec      0x164 obj_sky/csma.o
 .text.init     0x0000000000006250       0x1a obj_sky/csma.o
 .text.free_packet
                0x000000000000626a       0x9c obj_sky/csma.o
 .text.packet_sent
                0x0000000000006306      0x18e obj_sky/csma.o
 .text.orpl_softack_input_callback
                0x0000000000006494      0x16e obj_sky/softack.o
 .text.softack_init
                0x0000000000006602        0xa obj_sky/softack.o
                0x0000000000006602                softack_init
 .text.set_packet_attrs
                0x000000000000660c       0x44 obj_sky/sicslowpan.o
 .text.addr_context_lookup_by_number
                0x0000000000006650       0x36 obj_sky/sicslowpan.o
 .text.uncompress_addr
                0x0000000000006686       0xb4 obj_sky/sicslowpan.o
 .text.input    0x000000000000673a      0x642 obj_sky/sicslowpan.o
 .text.sicslowpan_init
                0x0000000000006d7c       0x26 obj_sky/sicslowpan.o
                0x0000000000006d7c                sicslowpan_init
 .text.addr_context_lookup_by_prefix
                0x0000000000006da2       0x4c obj_sky/sicslowpan.o
 .text.send_packet
                0x0000000000006dee       0x1a obj_sky/sicslowpan.o
 .text.packet_sent
                0x0000000000006e08       0x22 obj_sky/sicslowpan.o
 .text.compress_addr_64.isra.0
                0x0000000000006e2a       0x34 obj_sky/sicslowpan.o
 .text.output   0x0000000000006e5e      0x69a obj_sky/sicslowpan.o
 .text.rimeaddr_copy
                0x00000000000074f8        0x8 contiki-sky.a(rimeaddr.o)
                0x00000000000074f8                rimeaddr_copy
 .text.rimeaddr_cmp
                0x0000000000007500       0x12 contiki-sky.a(rimeaddr.o)
                0x0000000000007500                rimeaddr_cmp
 .text.rimeaddr_set_node_addr
                0x0000000000007512        0xc contiki-sky.a(rimeaddr.o)
                0x0000000000007512                rimeaddr_set_node_addr
 .text.mac_call_sent_callback
                0x000000000000751e       0x14 contiki-sky.a(mac.o)
                0x000000000000751e                mac_call_sent_callback
 .text.parse    0x0000000000007532       0xaa contiki-sky.a(framer-802154.o)
 .text.create   0x00000000000075dc      0x10e contiki-sky.a(framer-802154.o)
 .text.lollipop_greater_than
                0x00000000000076ea       0x44 contiki-sky.a(rpl-dag.o)
 .text.acceptable_rank
                0x000000000000772e       0x50 contiki-sky.a(rpl-dag.o)
 .text.find_parent_any_dag_any_instance
                0x000000000000777e       0x14 contiki-sky.a(rpl-dag.o)
 .text.rpl_set_preferred_parent
                0x0000000000007792       0x30 contiki-sky.a(rpl-dag.o)
 .text.set_ip_from_prefix
                0x00000000000077c2       0x38 contiki-sky.a(rpl-dag.o)
 .text.check_prefix
                0x00000000000077fa       0x80 contiki-sky.a(rpl-dag.o)
 .text.rpl_dag_init
                0x000000000000787a        0xe contiki-sky.a(rpl-dag.o)
                0x000000000000787a                rpl_dag_init
 .text.rpl_get_parent_ipaddr
                0x0000000000007888       0x10 contiki-sky.a(rpl-dag.o)
                0x0000000000007888                rpl_get_parent_ipaddr
 .text.rpl_set_prefix
                0x0000000000007898       0x8e contiki-sky.a(rpl-dag.o)
                0x0000000000007898                rpl_set_prefix
 .text.rpl_set_default_route
                0x0000000000007926       0x5a contiki-sky.a(rpl-dag.o)
                0x0000000000007926                rpl_set_default_route
 .text.rpl_alloc_instance
                0x0000000000007980       0x2c contiki-sky.a(rpl-dag.o)
                0x0000000000007980                rpl_alloc_instance
 .text.rpl_add_parent
                0x00000000000079ac       0x3c contiki-sky.a(rpl-dag.o)
                0x00000000000079ac                rpl_add_parent
 .text.rpl_find_parent
                0x00000000000079e8       0x1a contiki-sky.a(rpl-dag.o)
                0x00000000000079e8                rpl_find_parent
 .text.rpl_find_parent_any_dag
                0x0000000000007a02       0x22 contiki-sky.a(rpl-dag.o)
                0x0000000000007a02                rpl_find_parent_any_dag
 .text.rpl_select_parent
                0x0000000000007a24       0x5c contiki-sky.a(rpl-dag.o)
                0x0000000000007a24                rpl_select_parent
 .text.rpl_select_dag
                0x0000000000007a80      0x182 contiki-sky.a(rpl-dag.o)
                0x0000000000007a80                rpl_select_dag
 .text.rpl_nullify_parent
                0x0000000000007c02       0x4e contiki-sky.a(rpl-dag.o)
                0x0000000000007c02                rpl_nullify_parent
 .text.rpl_remove_parent
                0x0000000000007c50       0x16 contiki-sky.a(rpl-dag.o)
                0x0000000000007c50                rpl_remove_parent
 .text.remove_parents.constprop.2
                0x0000000000007c66       0x32 contiki-sky.a(rpl-dag.o)
 .text.rpl_free_dag
                0x0000000000007c98       0x36 contiki-sky.a(rpl-dag.o)
                0x0000000000007c98                rpl_free_dag
 .text.rpl_free_instance
                0x0000000000007cce       0x5c contiki-sky.a(rpl-dag.o)
                0x0000000000007cce                rpl_free_instance
 .text.rpl_move_parent
                0x0000000000007d2a       0x6e contiki-sky.a(rpl-dag.o)
                0x0000000000007d2a                rpl_move_parent
 .text.rpl_get_any_dag
                0x0000000000007d98       0x18 contiki-sky.a(rpl-dag.o)
                0x0000000000007d98                rpl_get_any_dag
 .text.rpl_get_instance
                0x0000000000007db0       0x1a contiki-sky.a(rpl-dag.o)
                0x0000000000007db0                rpl_get_instance
 .text.get_dag  0x0000000000007dca       0x38 contiki-sky.a(rpl-dag.o)
 .text.rpl_alloc_dag
                0x0000000000007e02       0x66 contiki-sky.a(rpl-dag.o)
                0x0000000000007e02                rpl_alloc_dag
 .text.rpl_set_root
                0x0000000000007e68       0xe2 contiki-sky.a(rpl-dag.o)
                0x0000000000007e68                rpl_set_root
 .text.rpl_repair_root
                0x0000000000007f4a       0x50 contiki-sky.a(rpl-dag.o)
                0x0000000000007f4a                rpl_repair_root
 .text.rpl_find_of
                0x0000000000007f9a       0x10 contiki-sky.a(rpl-dag.o)
                0x0000000000007f9a                rpl_find_of
 .text.rpl_join_instance
                0x0000000000007faa      0x13c contiki-sky.a(rpl-dag.o)
                0x0000000000007faa                rpl_join_instance
 .text.rpl_local_repair
                0x00000000000080e6       0x50 contiki-sky.a(rpl-dag.o)
                0x00000000000080e6                rpl_local_repair
 .text.rpl_process_parent_event
                0x0000000000008136       0x4e contiki-sky.a(rpl-dag.o)
                0x0000000000008136                rpl_process_parent_event
 .text.rpl_recalculate_ranks
                0x0000000000008184       0x42 contiki-sky.a(rpl-dag.o)
                0x0000000000008184                rpl_recalculate_ranks
 .text.rpl_add_dag
                0x00000000000081c6      0x112 contiki-sky.a(rpl-dag.o)
                0x00000000000081c6                rpl_add_dag
 .text.rpl_process_dio
                0x00000000000082d8      0x26c contiki-sky.a(rpl-dag.o)
                0x00000000000082d8                rpl_process_dio
 .text.get32    0x0000000000008544       0x46 contiki-sky.a(rpl-icmp6.o)
 .text.set32    0x000000000000858a       0x2a contiki-sky.a(rpl-icmp6.o)
 .text.get16    0x00000000000085b4        0xe contiki-sky.a(rpl-icmp6.o)
 .text.set16    0x00000000000085c2       0x10 contiki-sky.a(rpl-icmp6.o)
 .text.dis_output
                0x00000000000085d2       0x50 contiki-sky.a(rpl-icmp6.o)
                0x00000000000085d2                dis_output
 .text.dio_output
                0x0000000000008622      0x264 contiki-sky.a(rpl-icmp6.o)
                0x0000000000008622                dio_output
 .text.dao_output_target
                0x0000000000008886       0xbe contiki-sky.a(rpl-icmp6.o)
                0x0000000000008886                dao_output_target
 .text.dao_output
                0x0000000000008944       0x90 contiki-sky.a(rpl-icmp6.o)
                0x0000000000008944                dao_output
 .text.dao_ack_output
                0x00000000000089d4       0x32 contiki-sky.a(rpl-icmp6.o)
                0x00000000000089d4                dao_ack_output
 .text.uip_rpl_input
                0x0000000000008a06      0x52c contiki-sky.a(rpl-icmp6.o)
                0x0000000000008a06                uip_rpl_input
 .text.new_dio_interval
                0x0000000000008f32       0x92 contiki-sky.a(rpl-timers.o)
 .text.handle_periodic_timer
                0x0000000000008fc4       0x2e contiki-sky.a(rpl-timers.o)
 .text.handle_dao_timer
                0x0000000000008ff2       0x50 contiki-sky.a(rpl-timers.o)
 .text.handle_dio_timer
                0x0000000000009042       0x82 contiki-sky.a(rpl-timers.o)
 .text.rpl_reset_periodic_timer
                0x00000000000090c4       0x60 contiki-sky.a(rpl-timers.o)
                0x00000000000090c4                rpl_reset_periodic_timer
 .text.rpl_reset_dio_timer
                0x0000000000009124       0x18 contiki-sky.a(rpl-timers.o)
                0x0000000000009124                rpl_reset_dio_timer
 .text.rpl_schedule_dao
                0x000000000000913c       0x50 contiki-sky.a(rpl-timers.o)
                0x000000000000913c                rpl_schedule_dao
 .text.reset    0x000000000000918c        0x2 contiki-sky.a(rpl-mrhof.o)
 .text.neighbor_link_callback
                0x000000000000918e       0x8a contiki-sky.a(rpl-mrhof.o)
 .text.calculate_rank
                0x0000000000009218       0x30 contiki-sky.a(rpl-mrhof.o)
 .text.best_parent
                0x0000000000009248       0x52 contiki-sky.a(rpl-mrhof.o)
 .text.update_metric_container
                0x000000000000929a        0x6 contiki-sky.a(rpl-mrhof.o)
 .text.best_dag
                0x00000000000092a0       0x34 contiki-sky.a(rpl-mrhof.o)
 .text.call_process
                0x00000000000092d4       0x4a contiki-sky.a(process.o)
 .text.exit_process
                0x000000000000931e       0x96 contiki-sky.a(process.o)
 .text.do_poll  0x00000000000093b4       0x30 contiki-sky.a(process.o)
 .text.process_alloc_event
                0x00000000000093e4        0xe contiki-sky.a(process.o)
                0x00000000000093e4                process_alloc_event
 .text.process_init
                0x00000000000093f2       0x1c contiki-sky.a(process.o)
                0x00000000000093f2                process_init
 .text.process_run
                0x000000000000940e       0xa2 contiki-sky.a(process.o)
                0x000000000000940e                process_run
 .text.process_nevents
                0x00000000000094b0        0xe contiki-sky.a(process.o)
                0x00000000000094b0                process_nevents
 .text.process_post
                0x00000000000094be       0x54 contiki-sky.a(process.o)
                0x00000000000094be                process_post
 .text.process_post_synch
                0x0000000000009512       0x12 contiki-sky.a(process.o)
                0x0000000000009512                process_post_synch
 .text.process_start
                0x0000000000009524       0x32 contiki-sky.a(process.o)
                0x0000000000009524                process_start
 .text.process_poll
                0x0000000000009556       0x18 contiki-sky.a(process.o)
                0x0000000000009556                process_poll
 .text.autostart_start
                0x000000000000956e       0x16 contiki-sky.a(autostart.o)
                0x000000000000956e                autostart_start
 .text.compower_accumulate
                0x0000000000009584       0x72 contiki-sky.a(compower.o)
                0x0000000000009584                compower_accumulate
 .text.compower_clear
                0x00000000000095f6       0x12 contiki-sky.a(compower.o)
                0x00000000000095f6                compower_clear
 .text.compower_attrconv
                0x0000000000009608       0x10 contiki-sky.a(compower.o)
                0x0000000000009608                compower_attrconv
 .text.memb_init
                0x0000000000009618       0x36 contiki-sky.a(memb.o)
                0x0000000000009618                memb_init
 .text.memb_alloc
                0x000000000000964e       0x3e contiki-sky.a(memb.o)
                0x000000000000964e                memb_alloc
 .text.memb_free
                0x000000000000968c       0x3a contiki-sky.a(memb.o)
                0x000000000000968c                memb_free
 .text.memb_inmemb
                0x00000000000096c6       0x2e contiki-sky.a(memb.o)
                0x00000000000096c6                memb_inmemb
 .text.timer_set
                0x00000000000096f4       0x1c contiki-sky.a(timer.o)
                0x00000000000096f4                timer_set
 .text.timer_reset
                0x0000000000009710        0xe contiki-sky.a(timer.o)
                0x0000000000009710                timer_reset
 .text.timer_expired
                0x000000000000971e       0x2a contiki-sky.a(timer.o)
                0x000000000000971e                timer_expired
 .text.list_init
                0x0000000000009748        0x6 contiki-sky.a(list.o)
                0x0000000000009748                list_init
 .text.list_head
                0x000000000000974e        0x4 contiki-sky.a(list.o)
                0x000000000000974e                list_head
 .text.list_tail
                0x0000000000009752       0x12 contiki-sky.a(list.o)
                0x0000000000009752                list_tail
 .text.list_chop
                0x0000000000009764       0x24 contiki-sky.a(list.o)
                0x0000000000009764                list_chop
 .text.list_pop
                0x0000000000009788        0xe contiki-sky.a(list.o)
                0x0000000000009788                list_pop
 .text.list_remove
                0x0000000000009796       0x34 contiki-sky.a(list.o)
                0x0000000000009796                list_remove
 .text.list_push
                0x00000000000097ca       0x1a contiki-sky.a(list.o)
                0x00000000000097ca                list_push
 .text.list_add
                0x00000000000097e4       0x2a contiki-sky.a(list.o)
                0x00000000000097e4                list_add
 .text.list_length
                0x000000000000980e       0x10 contiki-sky.a(list.o)
                0x000000000000980e                list_length
 .text.list_item_next
                0x000000000000981e        0xc contiki-sky.a(list.o)
                0x000000000000981e                list_item_next
 .text.update_time
                0x000000000000982a       0x78 contiki-sky.a(etimer.o)
 .text.etimer_request_poll
                0x00000000000098a2        0xa contiki-sky.a(etimer.o)
                0x00000000000098a2                etimer_request_poll
 .text.process_thread_etimer_process
                0x00000000000098ac       0xc8 contiki-sky.a(etimer.o)
 .text.add_timer
                0x0000000000009974       0x40 contiki-sky.a(etimer.o)
 .text.etimer_set
                0x00000000000099b4       0x12 contiki-sky.a(etimer.o)
                0x00000000000099b4                etimer_set
 .text.etimer_reset
                0x00000000000099c6       0x12 contiki-sky.a(etimer.o)
                0x00000000000099c6                etimer_reset
 .text.etimer_expired
                0x00000000000099d8        0xe contiki-sky.a(etimer.o)
                0x00000000000099d8                etimer_expired
 .text.etimer_expiration_time
                0x00000000000099e6       0x14 contiki-sky.a(etimer.o)
                0x00000000000099e6                etimer_expiration_time
 .text.etimer_pending
                0x00000000000099fa        0xc contiki-sky.a(etimer.o)
                0x00000000000099fa                etimer_pending
 .text.etimer_next_expiration_time
                0x0000000000009a06       0x16 contiki-sky.a(etimer.o)
                0x0000000000009a06                etimer_next_expiration_time
 .text.etimer_stop
                0x0000000000009a1c       0x3c contiki-sky.a(etimer.o)
                0x0000000000009a1c                etimer_stop
 .text.process_thread_ctimer_process
                0x0000000000009a58       0xa4 contiki-sky.a(ctimer.o)
 .text.ctimer_init
                0x0000000000009afc       0x18 contiki-sky.a(ctimer.o)
                0x0000000000009afc                ctimer_init
 .text.ctimer_set
                0x0000000000009b14       0x5a contiki-sky.a(ctimer.o)
                0x0000000000009b14                ctimer_set
 .text.ctimer_reset
                0x0000000000009b6e       0x3a contiki-sky.a(ctimer.o)
                0x0000000000009b6e                ctimer_reset
 .text.ctimer_stop
                0x0000000000009ba8       0x28 contiki-sky.a(ctimer.o)
                0x0000000000009ba8                ctimer_stop
 .text.energest_init
                0x0000000000009bd0       0x26 contiki-sky.a(energest.o)
                0x0000000000009bd0                energest_init
 .text.energest_type_time
                0x0000000000009bf6       0x62 contiki-sky.a(energest.o)
                0x0000000000009bf6                energest_type_time
 .text.energest_type_set
                0x0000000000009c58        0xe contiki-sky.a(energest.o)
                0x0000000000009c58                energest_type_set
 .text.energest_flush
                0x0000000000009c66       0x5a contiki-sky.a(energest.o)
                0x0000000000009c66                energest_flush
 .text.rtimer_init
                0x0000000000009cc0        0x6 contiki-sky.a(rtimer.o)
                0x0000000000009cc0                rtimer_init
 .text.rtimer_set
                0x0000000000009cc6       0x2e contiki-sky.a(rtimer.o)
                0x0000000000009cc6                rtimer_set
 .text.rtimer_run_next
                0x0000000000009cf4       0x2a contiki-sky.a(rtimer.o)
                0x0000000000009cf4                rtimer_run_next
 .text.stimer_set
                0x0000000000009d1e       0x1c contiki-sky.a(stimer.o)
                0x0000000000009d1e                stimer_set
 .text.stimer_expired
                0x0000000000009d3a       0x30 contiki-sky.a(stimer.o)
                0x0000000000009d3a                stimer_expired
 .text.random_init
                0x0000000000009d6a        0x6 contiki-sky.a(random.o)
                0x0000000000009d6a                random_init
 .text.random_rand
                0x0000000000009d70        0x6 contiki-sky.a(random.o)
                0x0000000000009d70                random_rand
 .text.index_from_key
                0x0000000000009d76       0x48 contiki-sky.a(nbr-table.o)
 .text.item_from_key
                0x0000000000009dbe       0x34 contiki-sky.a(nbr-table.o)
 .text.nbr_set_bit
                0x0000000000009df2       0x8e contiki-sky.a(nbr-table.o)
 .text.index_from_lladdr
                0x0000000000009e80       0x42 contiki-sky.a(nbr-table.o)
 .text.nbr_get_bit.constprop.0
                0x0000000000009ec2       0x62 contiki-sky.a(nbr-table.o)
 .text.nbr_table_register
                0x0000000000009f24       0x28 contiki-sky.a(nbr-table.o)
                0x0000000000009f24                nbr_table_register
 .text.nbr_table_next
                0x0000000000009f4c       0x90 contiki-sky.a(nbr-table.o)
                0x0000000000009f4c                nbr_table_next
 .text.nbr_table_head
                0x0000000000009fdc       0x36 contiki-sky.a(nbr-table.o)
                0x0000000000009fdc                nbr_table_head
 .text.nbr_table_add_lladdr
                0x000000000000a012      0x144 contiki-sky.a(nbr-table.o)
                0x000000000000a012                nbr_table_add_lladdr
 .text.nbr_table_get_from_lladdr
                0x000000000000a156       0x48 contiki-sky.a(nbr-table.o)
                0x000000000000a156                nbr_table_get_from_lladdr
 .text.nbr_table_remove
                0x000000000000a19e       0x32 contiki-sky.a(nbr-table.o)
                0x000000000000a19e                nbr_table_remove
 .text.nbr_table_lock
                0x000000000000a1d0       0x10 contiki-sky.a(nbr-table.o)
                0x000000000000a1d0                nbr_table_lock
 .text.nbr_table_unlock
                0x000000000000a1e0       0x10 contiki-sky.a(nbr-table.o)
                0x000000000000a1e0                nbr_table_unlock
 .text.nbr_table_get_lladdr
                0x000000000000a1f0       0x5a contiki-sky.a(nbr-table.o)
                0x000000000000a1f0                nbr_table_get_lladdr
 .text.packetbuf_copyto_hdr
                0x000000000000a24a       0x1c contiki-sky.a(packetbuf.o)
                0x000000000000a24a                packetbuf_copyto_hdr
 .text.packetbuf_copyto
                0x000000000000a266       0x52 contiki-sky.a(packetbuf.o)
                0x000000000000a266                packetbuf_copyto
 .text.packetbuf_hdr_remove
                0x000000000000a2b8        0x6 contiki-sky.a(packetbuf.o)
                0x000000000000a2b8                packetbuf_hdr_remove
 .text.packetbuf_hdrreduce
                0x000000000000a2be       0x1a contiki-sky.a(packetbuf.o)
                0x000000000000a2be                packetbuf_hdrreduce
 .text.packetbuf_set_datalen
                0x000000000000a2d8        0x6 contiki-sky.a(packetbuf.o)
                0x000000000000a2d8                packetbuf_set_datalen
 .text.packetbuf_dataptr
                0x000000000000a2de        0xe contiki-sky.a(packetbuf.o)
                0x000000000000a2de                packetbuf_dataptr
 .text.packetbuf_hdrptr
                0x000000000000a2ec        0xa contiki-sky.a(packetbuf.o)
                0x000000000000a2ec                packetbuf_hdrptr
 .text.packetbuf_is_reference
                0x000000000000a2f6        0xe contiki-sky.a(packetbuf.o)
                0x000000000000a2f6                packetbuf_is_reference
 .text.packetbuf_compact
                0x000000000000a304       0x48 contiki-sky.a(packetbuf.o)
                0x000000000000a304                packetbuf_compact
 .text.packetbuf_reference_ptr
                0x000000000000a34c        0x6 contiki-sky.a(packetbuf.o)
                0x000000000000a34c                packetbuf_reference_ptr
 .text.packetbuf_datalen
                0x000000000000a352        0x6 contiki-sky.a(packetbuf.o)
                0x000000000000a352                packetbuf_datalen
 .text.packetbuf_totlen
                0x000000000000a358       0x10 contiki-sky.a(packetbuf.o)
                0x000000000000a358                packetbuf_totlen
 .text.packetbuf_hdralloc
                0x000000000000a368       0x2e contiki-sky.a(packetbuf.o)
                0x000000000000a368                packetbuf_hdralloc
 .text.packetbuf_attr_clear
                0x000000000000a396       0x30 contiki-sky.a(packetbuf.o)
                0x000000000000a396                packetbuf_attr_clear
 .text.packetbuf_clear
                0x000000000000a3c6       0x1a contiki-sky.a(packetbuf.o)
                0x000000000000a3c6                packetbuf_clear
 .text.packetbuf_copyfrom
                0x000000000000a3e0       0x2e contiki-sky.a(packetbuf.o)
                0x000000000000a3e0                packetbuf_copyfrom
 .text.packetbuf_attr_copyto
                0x000000000000a40e       0x22 contiki-sky.a(packetbuf.o)
                0x000000000000a40e                packetbuf_attr_copyto
 .text.packetbuf_attr_copyfrom
                0x000000000000a430       0x24 contiki-sky.a(packetbuf.o)
                0x000000000000a430                packetbuf_attr_copyfrom
 .text.queuebuf_init
                0x000000000000a454       0x1a contiki-sky.a(queuebuf.o)
                0x000000000000a454                queuebuf_init
 .text.queuebuf_new_from_packetbuf
                0x000000000000a46e       0x7e contiki-sky.a(queuebuf.o)
                0x000000000000a46e                queuebuf_new_from_packetbuf
 .text.queuebuf_update_attr_from_packetbuf
                0x000000000000a4ec       0x12 contiki-sky.a(queuebuf.o)
                0x000000000000a4ec                queuebuf_update_attr_from_packetbuf
 .text.queuebuf_free
                0x000000000000a4fe       0x40 contiki-sky.a(queuebuf.o)
                0x000000000000a4fe                queuebuf_free
 .text.queuebuf_to_packetbuf
                0x000000000000a53e       0x6e contiki-sky.a(queuebuf.o)
                0x000000000000a53e                queuebuf_to_packetbuf
 .text.queuebuf_attr
                0x000000000000a5ac        0xe contiki-sky.a(queuebuf.o)
                0x000000000000a5ac                queuebuf_attr
 .text.process_thread_simple_udp_process
                0x000000000000a5ba       0xac contiki-sky.a(simple-udp.o)
 .text.simple_udp_sendto
                0x000000000000a666       0x30 contiki-sky.a(simple-udp.o)
                0x000000000000a666                simple_udp_sendto
 .text.simple_udp_register
                0x000000000000a696       0x9a contiki-sky.a(simple-udp.o)
                0x000000000000a696                simple_udp_register
 .text.tcpip_output
                0x000000000000a730       0x10 contiki-sky.a(tcpip.o)
                0x000000000000a730                tcpip_output
 .text.tcpip_set_outputfunc
                0x000000000000a740        0x6 contiki-sky.a(tcpip.o)
                0x000000000000a740                tcpip_set_outputfunc
 .text.udp_new  0x000000000000a746       0x1a contiki-sky.a(tcpip.o)
                0x000000000000a746                udp_new
 .text.tcpip_input
                0x000000000000a760       0x16 contiki-sky.a(tcpip.o)
                0x000000000000a760                tcpip_input
 .text.tcpip_ipv6_output
                0x000000000000a776       0xce contiki-sky.a(tcpip.o)
                0x000000000000a776                tcpip_ipv6_output
 .text.process_thread_tcpip_process
                0x000000000000a844       0xcc contiki-sky.a(tcpip.o)
 .text.tcpip_uipcall
                0x000000000000a910       0x2a contiki-sky.a(tcpip.o)
                0x000000000000a910                tcpip_uipcall
 .text.call_route_callback
                0x000000000000a93a       0x4c contiki-sky.a(uip-ds6-route.o)
 .text.uip_ds6_route_init
                0x000000000000a986       0x2e contiki-sky.a(uip-ds6-route.o)
                0x000000000000a986                uip_ds6_route_init
 .text.uip_ds6_route_nexthop
                0x000000000000a9b4       0x1a contiki-sky.a(uip-ds6-route.o)
                0x000000000000a9b4                uip_ds6_route_nexthop
 .text.uip_ds6_route_head
                0x000000000000a9ce       0x28 contiki-sky.a(uip-ds6-route.o)
                0x000000000000a9ce                uip_ds6_route_head
 .text.uip_ds6_route_next
                0x000000000000a9f6       0x3a contiki-sky.a(uip-ds6-route.o)
                0x000000000000a9f6                uip_ds6_route_next
 .text.uip_ds6_route_lookup
                0x000000000000aa30       0x5e contiki-sky.a(uip-ds6-route.o)
                0x000000000000aa30                uip_ds6_route_lookup
 .text.uip_ds6_route_add
                0x000000000000aa8e       0xb4 contiki-sky.a(uip-ds6-route.o)
                0x000000000000aa8e                uip_ds6_route_add
 .text.uip_ds6_route_rm
                0x000000000000ab42       0x60 contiki-sky.a(uip-ds6-route.o)
                0x000000000000ab42                uip_ds6_route_rm
 .text.rm_routelist
                0x000000000000aba2       0x30 contiki-sky.a(uip-ds6-route.o)
 .text.rm_routelist_callback
                0x000000000000abd2        0x6 contiki-sky.a(uip-ds6-route.o)
 .text.uip_ds6_defrt_rm
                0x000000000000abd8       0x48 contiki-sky.a(uip-ds6-route.o)
                0x000000000000abd8                uip_ds6_defrt_rm
 .text.uip_ds6_defrt_lookup
                0x000000000000ac20       0x36 contiki-sky.a(uip-ds6-route.o)
                0x000000000000ac20                uip_ds6_defrt_lookup
 .text.uip_ds6_defrt_add
                0x000000000000ac56       0x74 contiki-sky.a(uip-ds6-route.o)
                0x000000000000ac56                uip_ds6_defrt_add
 .text.uip_ds6_defrt_choose
                0x000000000000acca       0x3a contiki-sky.a(uip-ds6-route.o)
                0x000000000000acca                uip_ds6_defrt_choose
 .text.uip_ds6_defrt_periodic
                0x000000000000ad04       0x38 contiki-sky.a(uip-ds6-route.o)
                0x000000000000ad04                uip_ds6_defrt_periodic
 .text.uip_ds6_nbr_rm
                0x000000000000ad3c       0x1a contiki-sky.a(uip-ds6-nbr.o)
                0x000000000000ad3c                uip_ds6_nbr_rm
 .text.uip_ds6_neighbors_init
                0x000000000000ad56        0xe contiki-sky.a(uip-ds6-nbr.o)
                0x000000000000ad56                uip_ds6_neighbors_init
 .text.uip_ds6_nbr_add
                0x000000000000ad64       0x60 contiki-sky.a(uip-ds6-nbr.o)
                0x000000000000ad64                uip_ds6_nbr_add
 .text.uip_ds6_nbr_get_ll
                0x000000000000adc4        0xc contiki-sky.a(uip-ds6-nbr.o)
                0x000000000000adc4                uip_ds6_nbr_get_ll
 .text.uip_ds6_nbr_lookup
                0x000000000000add0       0x42 contiki-sky.a(uip-ds6-nbr.o)
                0x000000000000add0                uip_ds6_nbr_lookup
 .text.uip_ds6_nbr_ll_lookup
                0x000000000000ae12        0xc contiki-sky.a(uip-ds6-nbr.o)
                0x000000000000ae12                uip_ds6_nbr_ll_lookup
 .text.uip_ds6_nbr_ipaddr_from_lladdr
                0x000000000000ae1e        0x6 contiki-sky.a(uip-ds6-nbr.o)
                0x000000000000ae1e                uip_ds6_nbr_ipaddr_from_lladdr
 .text.uip_ds6_nbr_lladdr_from_ipaddr
                0x000000000000ae24       0x12 contiki-sky.a(uip-ds6-nbr.o)
                0x000000000000ae24                uip_ds6_nbr_lladdr_from_ipaddr
 .text.uip_ds6_link_neighbor_callback
                0x000000000000ae36       0x2a contiki-sky.a(uip-ds6-nbr.o)
                0x000000000000ae36                uip_ds6_link_neighbor_callback
 .text.uip_ds6_neighbor_periodic
                0x000000000000ae60       0x38 contiki-sky.a(uip-ds6-nbr.o)
                0x000000000000ae60                uip_ds6_neighbor_periodic
 .text.uip_ds6_list_loop
                0x000000000000ae98       0x86 contiki-sky.a(uip-ds6.o)
                0x000000000000ae98                uip_ds6_list_loop
 .text.uip_ds6_prefix_add
                0x000000000000af1e       0x80 contiki-sky.a(uip-ds6.o)
                0x000000000000af1e                uip_ds6_prefix_add
 .text.uip_ds6_is_addr_onlink
                0x000000000000af9e       0x54 contiki-sky.a(uip-ds6.o)
                0x000000000000af9e                uip_ds6_is_addr_onlink
 .text.uip_ds6_addr_lookup
                0x000000000000aff2       0x28 contiki-sky.a(uip-ds6.o)
                0x000000000000aff2                uip_ds6_addr_lookup
 .text.uip_ds6_get_link_local
                0x000000000000b01a       0x3e contiki-sky.a(uip-ds6.o)
                0x000000000000b01a                uip_ds6_get_link_local
 .text.uip_ds6_maddr_add
                0x000000000000b058       0x4a contiki-sky.a(uip-ds6.o)
                0x000000000000b058                uip_ds6_maddr_add
 .text.uip_ds6_addr_add
                0x000000000000b0a2       0xc2 contiki-sky.a(uip-ds6.o)
                0x000000000000b0a2                uip_ds6_addr_add
 .text.uip_ds6_maddr_lookup
                0x000000000000b164       0x28 contiki-sky.a(uip-ds6.o)
                0x000000000000b164                uip_ds6_maddr_lookup
 .text.uip_ds6_addr_rm
                0x000000000000b18c       0x54 contiki-sky.a(uip-ds6.o)
                0x000000000000b18c                uip_ds6_addr_rm
 .text.uip_ds6_periodic
                0x000000000000b1e0       0x4a contiki-sky.a(uip-ds6.o)
                0x000000000000b1e0                uip_ds6_periodic
 .text.uip_ds6_set_addr_iid
                0x000000000000b22a       0x14 contiki-sky.a(uip-ds6.o)
                0x000000000000b22a                uip_ds6_set_addr_iid
 .text.get_match_length
                0x000000000000b23e       0x3e contiki-sky.a(uip-ds6.o)
                0x000000000000b23e                get_match_length
 .text.uip_ds6_select_src
                0x000000000000b27c       0xaa contiki-sky.a(uip-ds6.o)
                0x000000000000b27c                uip_ds6_select_src
 .text.uip_ds6_compute_reachable_time
                0x000000000000b326       0x3e contiki-sky.a(uip-ds6.o)
                0x000000000000b326                uip_ds6_compute_reachable_time
 .text.uip_ds6_init
                0x000000000000b364      0x154 contiki-sky.a(uip-ds6.o)
                0x000000000000b364                uip_ds6_init
 .text.uip_icmp6_echo_request_input
                0x000000000000b4b8      0x12c contiki-sky.a(uip-icmp6.o)
                0x000000000000b4b8                uip_icmp6_echo_request_input
 .text.uip_icmp6_error_output
                0x000000000000b5e4      0x17a contiki-sky.a(uip-icmp6.o)
                0x000000000000b5e4                uip_icmp6_error_output
 .text.uip_icmp6_send
                0x000000000000b75e       0x96 contiki-sky.a(uip-icmp6.o)
                0x000000000000b75e                uip_icmp6_send
 .text.uip_udp_packet_send
                0x000000000000b7f4       0x2e contiki-sky.a(uip-udp-packet.)
                0x000000000000b7f4                uip_udp_packet_send
 .text.uip_udp_packet_sendto
                0x000000000000b822       0x66 contiki-sky.a(uip-udp-packet.)
                0x000000000000b822                uip_udp_packet_sendto
 .text.chksum   0x000000000000b888       0x32 contiki-sky.a(uip6.o)
 .text.ext_hdr_options_process
                0x000000000000b8ba       0xda contiki-sky.a(uip6.o)
 .text.uip_icmp6chksum
                0x000000000000b994       0x56 contiki-sky.a(uip6.o)
                0x000000000000b994                uip_icmp6chksum
 .text.uip_init
                0x000000000000b9ea       0x38 contiki-sky.a(uip6.o)
                0x000000000000b9ea                uip_init
 .text.remove_ext_hdr
                0x000000000000ba22       0x5a contiki-sky.a(uip6.o)
                0x000000000000ba22                remove_ext_hdr
 .text.uip_udp_new
                0x000000000000ba7c       0xce contiki-sky.a(uip6.o)
                0x000000000000ba7c                uip_udp_new
 .text.uip_process
                0x000000000000bb4a      0x4a2 contiki-sky.a(uip6.o)
                0x000000000000bb4a                uip_process
 .text.uip_htonl
                0x000000000000bfec       0x2e contiki-sky.a(uip6.o)
                0x000000000000bfec                uip_htonl
 .text.owreadb  0x000000000000c01a       0x52 contiki-sky.a(ds2411.o)
 .text.ds2411_init
                0x000000000000c06c      0x122 contiki-sky.a(ds2411.o)
                0x000000000000c06c                ds2411_init
 .text.node_id_restore
                0x000000000000c18e        0xa contiki-sky.a(node-id.o)
                0x000000000000c18e                node_id_restore
 .text.cc2420_port1_interrupt
                0x000000000000c198       0x6a contiki-sky.a(cc2420-arch.o)
                0x000000000000c198                __isr_4
                0x000000000000c198                cc2420_port1_interrupt
 .text.cc2420_arch_init
                0x000000000000c202       0x1e contiki-sky.a(cc2420-arch.o)
                0x000000000000c202                cc2420_arch_init
 .text.cc2420_timerb1_interrupt
                0x000000000000c220       0x78 contiki-sky.a(cc2420-arch-sfd)
                0x000000000000c220                cc2420_timerb1_interrupt
                0x000000000000c220                __isr_12
 .text.cc2420_arch_sfd_init
                0x000000000000c298       0x26 contiki-sky.a(cc2420-arch-sfd)
                0x000000000000c298                cc2420_arch_sfd_init
 .text.uart1_active
                0x000000000000c2be       0x1a contiki-sky.a(uart1.o)
                0x000000000000c2be                uart1_active
 .text.uart1_writeb
                0x000000000000c2d8       0x1a contiki-sky.a(uart1.o)
                0x000000000000c2d8                uart1_writeb
 .text.uart1_init
                0x000000000000c2f2       0xf6 contiki-sky.a(uart1.o)
                0x000000000000c2f2                uart1_init
 .text.crcByte  0x000000000000c3e8       0x44 contiki-sky.a(uart1-putchar.o)
 .text.putchar  0x000000000000c42c      0x15c contiki-sky.a(uart1-putchar.o)
                0x000000000000c42c                putchar
 .text.msp430_init_dco
                0x000000000000c588       0x84 contiki-sky.a(msp430.o)
                0x000000000000c588                msp430_init_dco
 .text.msp430_add_lpm_req
                0x000000000000c60c        0xc contiki-sky.a(msp430.o)
                0x000000000000c60c                msp430_add_lpm_req
 .text.msp430_cpu_init
                0x000000000000c618       0x2a contiki-sky.a(msp430.o)
                0x000000000000c618                msp430_cpu_init
 .text.splhigh_
                0x000000000000c642        0x8 contiki-sky.a(msp430.o)
                0x000000000000c642                splhigh_
 .text.timera1  0x000000000000c64a      0x106 contiki-sky.a(clock.o)
                0x000000000000c64a                __isr_5
                0x000000000000c64a                timera1
 .text.clock_time
                0x000000000000c750       0x1a contiki-sky.a(clock.o)
                0x000000000000c750                clock_time
 .text.clock_init
                0x000000000000c76a       0x28 contiki-sky.a(clock.o)
                0x000000000000c76a                clock_init
 .text.clock_delay
                0x000000000000c792        0xc contiki-sky.a(clock.o)
                0x000000000000c792                clock_delay
 .text.clock_seconds
                0x000000000000c79e       0x1a contiki-sky.a(clock.o)
                0x000000000000c79e                clock_seconds
 .text.show_leds
                0x000000000000c7b8      0x118 contiki-sky.a(leds.o)
 .text.leds_init
                0x000000000000c8d0        0xe contiki-sky.a(leds.o)
                0x000000000000c8d0                leds_init
 .text.leds_on  0x000000000000c8de       0x14 contiki-sky.a(leds.o)
                0x000000000000c8de                leds_on
 .text.leds_off
                0x000000000000c8f2       0x14 contiki-sky.a(leds.o)
                0x000000000000c8f2                leds_off
 .text.leds_arch_init
                0x000000000000c906        0xe contiki-sky.a(leds-arch.o)
                0x000000000000c906                leds_arch_init
 .text.leds_arch_set
                0x000000000000c914       0x3a contiki-sky.a(leds-arch.o)
                0x000000000000c914                leds_arch_set
 .text.watchdog_interrupt
                0x000000000000c94e        0x6 contiki-sky.a(watchdog.o)
                0x000000000000c94e                __isr_10
                0x000000000000c94e                watchdog_interrupt
 .text.watchdog_start
                0x000000000000c954       0x14 contiki-sky.a(watchdog.o)
                0x000000000000c954                watchdog_start
 .text.watchdog_periodic
                0x000000000000c968       0x12 contiki-sky.a(watchdog.o)
                0x000000000000c968                watchdog_periodic
 .text.watchdog_stop
                0x000000000000c97a       0x16 contiki-sky.a(watchdog.o)
                0x000000000000c97a                watchdog_stop
 .text.watchdog_init
                0x000000000000c990       0x14 contiki-sky.a(watchdog.o)
                0x000000000000c990                watchdog_init
 .text.rtimer_arch_init
                0x000000000000c9a4        0xe contiki-sky.a(rtimer-arch.o)
                0x000000000000c9a4                rtimer_arch_init
 .text.rtimer_arch_now
                0x000000000000c9b2       0x6c contiki-sky.a(rtimer-arch.o)
                0x000000000000c9b2                rtimer_arch_now
 .text.rtimer_arch_schedule_current
                0x000000000000ca1e       0x5a contiki-sky.a(rtimer-arch.o)
 .text.timera0  0x000000000000ca78       0x8a contiki-sky.a(rtimer-arch.o)
                0x000000000000ca78                __isr_6
                0x000000000000ca78                timera0
 .text.rtimer_arch_schedule
                0x000000000000cb02        0xe contiki-sky.a(rtimer-arch.o)
                0x000000000000cb02                rtimer_arch_schedule
 .text.field_len
                0x000000000000cb10       0x98 contiki-sky.a(frame802154.o)
 .text.frame802154_hdrlen
                0x000000000000cba8       0x2e contiki-sky.a(frame802154.o)
                0x000000000000cba8                frame802154_hdrlen
 .text.frame802154_create
                0x000000000000cbd6      0x172 contiki-sky.a(frame802154.o)
                0x000000000000cbd6                frame802154_create
 .text.frame802154_parse
                0x000000000000cd48      0x1e8 contiki-sky.a(frame802154.o)
                0x000000000000cd48                frame802154_parse
 .text.rpl_purge_routes
                0x000000000000cf30       0x96 contiki-sky.a(rpl.o)
                0x000000000000cf30                rpl_purge_routes
 .text.rpl_remove_routes
                0x000000000000cfc6       0x22 contiki-sky.a(rpl.o)
                0x000000000000cfc6                rpl_remove_routes
 .text.rpl_remove_routes_by_nexthop
                0x000000000000cfe8       0x46 contiki-sky.a(rpl.o)
                0x000000000000cfe8                rpl_remove_routes_by_nexthop
 .text.rpl_add_route
                0x000000000000d02e       0x44 contiki-sky.a(rpl.o)
                0x000000000000d02e                rpl_add_route
 .text.rpl_link_neighbor_callback
                0x000000000000d072       0x8a contiki-sky.a(rpl.o)
                0x000000000000d072                rpl_link_neighbor_callback
 .text.rpl_ipv6_neighbor_callback
                0x000000000000d0fc       0x1e contiki-sky.a(rpl.o)
                0x000000000000d0fc                rpl_ipv6_neighbor_callback
 .text.rpl_init
                0x000000000000d11a       0x40 contiki-sky.a(rpl.o)
                0x000000000000d11a                rpl_init
 .text.rpl_verify_header
                0x000000000000d15a       0xbc contiki-sky.a(rpl-ext-header.)
                0x000000000000d15a                rpl_verify_header
 .text.rpl_update_header_empty
                0x000000000000d216       0xf0 contiki-sky.a(rpl-ext-header.)
                0x000000000000d216                rpl_update_header_empty
 .text.rpl_update_header_final
                0x000000000000d306       0x86 contiki-sky.a(rpl-ext-header.)
                0x000000000000d306                rpl_update_header_final
 .text.rpl_invert_header
                0x000000000000d38c       0x4c contiki-sky.a(rpl-ext-header.)
                0x000000000000d38c                rpl_invert_header
 .text.rpl_insert_header
                0x000000000000d3d8       0x1c contiki-sky.a(rpl-ext-header.)
                0x000000000000d3d8                rpl_insert_header
 .text.spi_init
                0x000000000000d3f4       0x32 contiki-sky.a(spi.o)
                0x000000000000d3f4                spi_init
 .text.libgcc   0x000000000000d426       0x2c /usr/lib/gcc/msp430/4.6.3/mmpy-16/libgcc.a(_mulsi3.o)
                0x000000000000d426                __mulsi3
 .text.libgcc   0x000000000000d452       0x22 /usr/lib/gcc/msp430/4.6.3/mmpy-16/libgcc.a(_udivmod16.o)
                0x000000000000d452                __udivhi3
                0x000000000000d452                __ext_udivmod16
                0x000000000000d46c                __umodhi3
 .text.libgcc   0x000000000000d474       0x3a /usr/lib/gcc/msp430/4.6.3/mmpy-16/libgcc.a(_divmod16.o)
                0x000000000000d474                __ext_divmod16
                0x000000000000d474                __divhi3
                0x000000000000d4a6                __modhi3
 .text.libgcc   0x000000000000d4ae       0x40 /usr/lib/gcc/msp430/4.6.3/mmpy-16/libgcc.a(_udivmod32.o)
                0x000000000000d4ae                __udivsi3
                0x000000000000d4ae                __ext_udivmod32
                0x000000000000d4e4                __umodsi3
 .text          0x000000000000d4ee       0x20 /usr/lib/gcc/msp430/4.6.3/../../../../msp430/lib/mmpy-16/libc.a(memcmp.o)
                0x000000000000d4ee                memcmp
 .text          0x000000000000d50e       0xfa /usr/lib/gcc/msp430/4.6.3/../../../../msp430/lib/mmpy-16/libc.a(memcpy.o)
                0x000000000000d50e                memcpy
 .text          0x000000000000d608       0xfa /usr/lib/gcc/msp430/4.6.3/../../../../msp430/lib/mmpy-16/libc.a(memmove.o)
                0x000000000000d608                memmove
 .text          0x000000000000d702       0x6a /usr/lib/gcc/msp430/4.6.3/../../../../msp430/lib/mmpy-16/libc.a(memset.o)
                0x000000000000d702                memset
 .text          0x000000000000d76c       0x1e /usr/lib/gcc/msp430/4.6.3/../../../../msp430/lib/mmpy-16/libc.a(printf.o)
                0x000000000000d76c                printf
                0x000000000000d77c                vprintf
 .text          0x000000000000d78a       0xbc /usr/lib/gcc/msp430/4.6.3/../../../../msp430/lib/mmpy-16/libc.a(sprintf.o)
                0x000000000000d7e8                sprintf
                0x000000000000d804                snprintf
                0x000000000000d81e                vsprintf
                0x000000000000d834                vsnprintf
 .text          0x000000000000d846      0x836 /usr/lib/gcc/msp430/4.6.3/../../../../msp430/lib/mmpy-16/libc.a(vuprintf.o)
                0x000000000000d9de                vuprintf
 .text          0x000000000000e07c       0x54 /usr/lib/gcc/msp430/4.6.3/../../../../msp430/lib/mmpy-16/libc.a(rand.o)
                0x000000000000e07c                rand_r
                0x000000000000e0a0                rand
                0x000000000000e0c6                srand
 .text.libgcc   0x000000000000e0d0       0xf0 /usr/lib/gcc/msp430/4.6.3/mmpy-16/libgcc.a(_udivmod64.o)
                0x000000000000e0d0                __xabi_udivmod64
                0x000000000000e12e                __udivdi3
                0x000000000000e154                __umoddi3
                0x000000000000e182                __udivmoddi4
 .text.crt0     0x000000000000e1c0        0x2 /usr/lib/gcc/msp430/4.6.3/mmpy-16/libcrt0.a(_unexpected_.o)
                0x000000000000e1c0                _unexpected_
                0x000000000000e1c2                . = ALIGN (0x2)

.rodata         0x000000000000e1c2      0x6a0
                0x000000000000e1c2                . = ALIGN (0x2)
 *(.rodata .rodata.* .gnu.linkonce.r.*)
 .rodata        0x000000000000e1c2       0x74 app-collect-only.co
                0x000000000000e210                autostart_processes
 .rodata        0x000000000000e236      0x3ca obj_sky/deployment.o
 .rodata        0x000000000000e600       0x3e obj_sky/simple-energest.o
 .rodata        0x000000000000e63e       0x25 obj_sky/rpl-tools.o
 *fill*         0x000000000000e663        0x1 00
 .rodata        0x000000000000e664       0x92 obj_sky/contikimac.o
                0x000000000000e6e6                contikimac_driver
 .rodata        0x000000000000e6f6       0x2a obj_sky/cc2420-softack.o
                0x000000000000e6f6                cc2420_softack_driver
 .rodata        0x000000000000e720       0x8a obj_sky/csma.o
                0x000000000000e79c                csma_driver
 .rodata        0x000000000000e7aa        0xb obj_sky/softack.o
 *fill*         0x000000000000e7b5        0x1 00
 .rodata        0x000000000000e7b6       0x24 obj_sky/sicslowpan.o
                0x000000000000e7c2                sicslowpan_driver
                0x000000000000e7c8                llprefix
                0x000000000000e7ca                unc_mxconf
                0x000000000000e7ce                unc_ctxconf
                0x000000000000e7d2                unc_llconf
 .rodata        0x000000000000e7da       0x37 obj_sky/contiki-sky-main.o
 *fill*         0x000000000000e811        0x1 00
 .rodata        0x000000000000e812        0x8 contiki-sky.a(rimeaddr.o)
                0x000000000000e812                rimeaddr_null
 .rodata        0x000000000000e81a        0x4 contiki-sky.a(framer-802154.o)
                0x000000000000e81a                framer_802154
 .rodata        0x000000000000e81e        0xc contiki-sky.a(etimer.o)
 .rodata        0x000000000000e82a        0xf contiki-sky.a(ctimer.o)
 .rodata        0x000000000000e839       0x13 contiki-sky.a(simple-udp.o)
 .rodata        0x000000000000e84c        0xd contiki-sky.a(tcpip.o)
 .rodata        0x000000000000e859        0x2 contiki-sky.a(frame802154.o)
 .rodata        0x000000000000e85b        0x7 /usr/lib/gcc/msp430/4.6.3/../../../../msp430/lib/mmpy-16/libc.a(vuprintf.o)
                0x000000000000e862                . = ALIGN (0x2)
                0x000000000000e862                _etext = .

.data           0x0000000000001100       0xe8 load address 0x000000000000e862
                0x0000000000001100                . = ALIGN (0x2)
                0x0000000000001100                PROVIDE (__data_start, .)
 *(.data .data.* .gnu.linkonce.d.*)
 .data          0x0000000000001100        0xa app-collect-only.co
                0x0000000000001100                unicast_sender_process
 .data          0x000000000000110a        0xa obj_sky/simple-energest.o
                0x000000000000110a                simple_energest_process
 .data          0x0000000000001114        0x2 obj_sky/rpl-tools.o
                0x0000000000001114                rank
 .data          0x0000000000001116       0x10 obj_sky/phase.o
 .data          0x0000000000001126       0x14 obj_sky/cc2420-softack.o
                0x0000000000001126                cc2420_process
 .data          0x000000000000113a       0x18 obj_sky/csma.o
 .data          0x0000000000001152        0xd obj_sky/softack.o
 *fill*         0x000000000000115f        0x1 00
 .data          0x0000000000001160        0x8 contiki-sky.a(rpl-dag.o)
 .data          0x0000000000001168        0x1 contiki-sky.a(rpl-icmp6.o)
 *fill*         0x0000000000001169        0x1 00
 .data          0x000000000000116a        0xe contiki-sky.a(rpl-mrhof.o)
                0x000000000000116a                rpl_mrhof
 .data          0x0000000000001178        0xa contiki-sky.a(etimer.o)
                0x0000000000001178                etimer_process
 .data          0x0000000000001182        0xa contiki-sky.a(ctimer.o)
                0x0000000000001182                ctimer_process
 .data          0x000000000000118c        0x8 contiki-sky.a(nbr-table.o)
 .data          0x0000000000001194       0x18 contiki-sky.a(queuebuf.o)
 .data          0x00000000000011ac        0xa contiki-sky.a(simple-udp.o)
                0x00000000000011ac                simple_udp_process
 .data          0x00000000000011b6        0xa contiki-sky.a(tcpip.o)
                0x00000000000011b6                tcpip_process
 .data          0x00000000000011c0       0x18 contiki-sky.a(uip-ds6-route.o)
 .data          0x00000000000011d8        0xa contiki-sky.a(uip-ds6-nbr.o)
                0x00000000000011d8                ds6_neighbors
 .data          0x00000000000011e2        0x2 contiki-sky.a(msp430.o)
 .data          0x00000000000011e4        0x4 /usr/lib/gcc/msp430/4.6.3/../../../../msp430/lib/mmpy-16/libc.a(rand.o)
                0x00000000000011e8                . = ALIGN (0x2)
                0x00000000000011e8                _edata = .
                0x000000000000e862                PROVIDE (__data_load_start, LOADADDR (.data))
                0x00000000000000e8                PROVIDE (__data_size, SIZEOF (.data))

.bss            0x00000000000011e8     0x230e load address 0x000000000000e94a
                0x00000000000011e8                PROVIDE (__bss_start, .)
 *(.bss .bss.*)
 .bss           0x00000000000011e8       0x76 app-collect-only.co
 .bss           0x000000000000125e       0x3a obj_sky/simple-energest.o
                0x000000000000125e                sfd_decoded_count
                0x0000000000001262                packet_seen_count
 .bss           0x0000000000001298        0x4 obj_sky/rpl-tools.o
                0x0000000000001298                neighbor_set_size
                0x000000000000129a                forwarder_set_size
 .bss           0x000000000000129c      0x388 obj_sky/phase.o
 .bss           0x0000000000001624       0xe2 obj_sky/contikimac.o
                0x0000000000001624                current_cycle_start_time
                0x0000000000001628                we_are_sending
                0x000000000000162a                contikimac_keep_radio_on
 .bss           0x0000000000001706      0x222 obj_sky/cc2420-softack.o
 .bss           0x0000000000001928       0xc2 obj_sky/csma.o
 .bss           0x00000000000019ea        0x2 obj_sky/softack.o
                0x00000000000019ea                got_ack
 .bss           0x00000000000019ec       0xd2 obj_sky/sicslowpan.o
 .bss           0x0000000000001abe        0x4 obj_sky/contiki-sky-main.o
 .bss           0x0000000000001ac2        0x2 contiki-sky.a(framer-802154.o)
 .bss           0x0000000000001ac4      0x1e0 contiki-sky.a(rpl-dag.o)
 .bss           0x0000000000001ca4       0x18 contiki-sky.a(rpl-timers.o)
 .bss           0x0000000000001cbc       0x42 contiki-sky.a(process.o)
                0x0000000000001cbc                process_current
                0x0000000000001cbe                process_list
 .bss           0x0000000000001cfe        0x8 contiki-sky.a(compower.o)
 .bss           0x0000000000001d06        0x6 contiki-sky.a(etimer.o)
 .bss           0x0000000000001d0c        0x4 contiki-sky.a(ctimer.o)
 .bss           0x0000000000001d10        0x2 contiki-sky.a(rtimer.o)
 .bss           0x0000000000001d12      0x284 contiki-sky.a(nbr-table.o)
 .bss           0x0000000000001f96       0xba contiki-sky.a(packetbuf.o)
 .bss           0x0000000000002050      0x71e contiki-sky.a(queuebuf.o)
 .bss           0x000000000000276e       0xa2 contiki-sky.a(simple-udp.o)
 .bss           0x0000000000002810        0xe contiki-sky.a(tcpip.o)
 .bss           0x000000000000281e      0x100 contiki-sky.a(uip-ds6-route.o)
 .bss           0x000000000000291e      0x6c0 contiki-sky.a(uip-ds6-nbr.o)
 .bss           0x0000000000002fde       0x18 contiki-sky.a(uip-ds6.o)
 .bss           0x0000000000002ff6       0x10 contiki-sky.a(uip-icmp6.o)
 .bss           0x0000000000003006        0xa contiki-sky.a(uip6.o)
                0x0000000000003006                uip_ext_opt_offset
                0x0000000000003008                uip_ext_len
                0x000000000000300a                uip_ext_bitmap
 .bss           0x0000000000003010        0x2 contiki-sky.a(node-id.o)
                0x0000000000003010                node_id
 .bss           0x0000000000003012       0x9a contiki-sky.a(uart1.o)
 .bss           0x00000000000030ac       0x66 contiki-sky.a(uart1-putchar.o)
 .bss           0x0000000000003112        0x6 contiki-sky.a(clock.o)
 .bss           0x0000000000003118        0x2 contiki-sky.a(leds.o)
 .bss           0x000000000000311a        0x2 contiki-sky.a(watchdog.o)
 .bss           0x000000000000311c        0x8 contiki-sky.a(rtimer-arch.o)
 .bss           0x0000000000003124        0x4 /usr/lib/gcc/msp430/4.6.3/../../../../msp430/lib/mmpy-16/libc.a(sprintf.o)
 *(COMMON)
 COMMON         0x0000000000003128       0x26 obj_sky/rpl-tools.o
                0x0000000000003128                my_ipaddr
                0x0000000000003138                start_time
                0x000000000000313c                prefix
                0x000000000000314c                curr_dio_interval
 COMMON         0x000000000000314e        0x2 obj_sky/phase.o
                0x000000000000314e                cooja_debug_ptr
 COMMON         0x0000000000003150       0x1c obj_sky/cc2420-softack.o
                0x0000000000003150                cc2420_last_rssi
                0x0000000000003152                cc2420_packets_read
                0x0000000000003154                cc2420_packets_seen
                0x0000000000003156                current_is_acked
                0x0000000000003158                cc2420_sfd_start_time
                0x000000000000315a                cc2420_time_of_departure
                0x000000000000315e                cc2420_time_of_arrival
                0x0000000000003162                cc2420_last_correlation
                0x0000000000003164                cc2420_authority_level_of_sender
                0x0000000000003166                cc2420_sfd_counter
                0x0000000000003168                need_flush
                0x000000000000316a                cc2420_sfd_end_time
 COMMON         0x000000000000316c        0x4 obj_sky/softack.o
                0x000000000000316c                phaselock_target
 COMMON         0x0000000000003170        0x8 obj_sky/sicslowpan.o
                0x0000000000003170                frag_sender
 COMMON         0x0000000000003178        0x8 contiki-sky.a(rimeaddr.o)
                0x0000000000003178                rimeaddr_node_addr
 COMMON         0x0000000000003180       0x86 contiki-sky.a(rpl-dag.o)
                0x0000000000003180                default_instance
                0x0000000000003182                instance_table
 COMMON         0x0000000000003206        0x1 contiki-sky.a(process.o)
                0x0000000000003206                process_maxevents
 *fill*         0x0000000000003207        0x1 00
 COMMON         0x0000000000003208        0x8 contiki-sky.a(compower.o)
                0x0000000000003208                compower_idle_activity
 COMMON         0x0000000000003210       0x6e contiki-sky.a(energest.o)
                0x0000000000003210                energest_total_time
                0x0000000000003240                energest_total_count
                0x0000000000003242                energest_current_mode
                0x000000000000324e                energest_current_time
 COMMON         0x000000000000327e       0x50 contiki-sky.a(packetbuf.o)
                0x000000000000327e                packetbuf_addrs
                0x000000000000329e                packetbuf_attrs
 COMMON         0x00000000000032ce        0x1 contiki-sky.a(tcpip.o)
                0x00000000000032ce                tcpip_event
 *fill*         0x00000000000032cf        0x1 00
 COMMON         0x00000000000032d0      0x12c contiki-sky.a(uip-ds6.o)
                0x00000000000032d0                uip_ds6_timer_ra
                0x00000000000032d8                uip_ds6_if
                0x0000000000003394                uip_ds6_netif_addr_list_offset
                0x0000000000003395                uip_ds6_addr_size
                0x0000000000003396                uip_ds6_prefix_list
                0x00000000000033f0                uip_ds6_timer_periodic
 COMMON         0x00000000000033fc       0xec contiki-sky.a(uip6.o)
                0x00000000000033fc                uip_len
                0x00000000000033fe                uip_sappdata
                0x0000000000003400                uip_lladdr
                0x0000000000003408                uip_aligned_buf
                0x00000000000034a8                uip_flags
                0x00000000000034aa                uip_next_hdr
                0x00000000000034ac                uip_udp_conn
                0x00000000000034ae                uip_appdata
                0x00000000000034b0                uip_conn
                0x00000000000034b2                uip_slen
                0x00000000000034b4                uip_udp_conns
 COMMON         0x00000000000034e8        0x8 contiki-sky.a(ds2411.o)
                0x00000000000034e8                ds2411_id
 COMMON         0x00000000000034f0        0x2 contiki-sky.a(msp430.o)
                0x00000000000034f0                msp430_dco_required
 COMMON         0x00000000000034f2        0x4 contiki-sky.a(clock.o)
                0x00000000000034f2                seconds
                0x00000000000034f6                . = ALIGN (0x2)
                0x00000000000034f6                PROVIDE (__bss_end, .)
                0x000000000000230e                PROVIDE (__bss_size, SIZEOF (.bss))

.noinit         0x00000000000034f6        0x2 load address 0x000000000000e94a
                0x00000000000034f6                PROVIDE (__noinit_start, .)
 *(.noinit .noinit.*)
 .noinit.crt0   0x00000000000034f6        0x2 /usr/lib/gcc/msp430/4.6.3/mmpy-16/libcrt0.a(__watchdog_support.o)
                0x00000000000034f6                __wdt_clear_value
                0x00000000000034f8                . = ALIGN (0x2)
                0x00000000000034f8                PROVIDE (__noinit_end, .)
                0x00000000000034f8                . = ALIGN (0x2)
                0x00000000000034f8                _end = .

.infomem        0x0000000000001000        0x0
 *(.infomem)
                0x0000000000001000                . = ALIGN (0x2)
 *(.infomem.*)

.infomemnobits  0x0000000000001000        0x0
 *(.infomemnobits)
                0x0000000000001000                . = ALIGN (0x2)
 *(.infomemnobits.*)

.infoa
 *(.infoa .infoa.*)

.infob
 *(.infob .infob.*)

.infoc
 *(.infoc .infoc.*)

.infod
 *(.infod .infod.*)

.vectors        0x000000000000ffe0       0x20
                0x000000000000ffe0                PROVIDE (__vectors_start, .)
 *(.vectors*)
 .vectors       0x000000000000ffe0       0x20 /usr/lib/gcc/msp430/4.6.3/mmpy-16/crt0ivtbl16.o
                0x000000000000ffe0                __ivtbl_16
                0x0000000000010000                _vectors_end = .

.fartext        0x0000000000000000        0x0
                0x0000000000000000                . = ALIGN (0x2)
 *(.fartext)
                0x0000000000000000                . = ALIGN (0x2)
 *(.fartext.*)
                0x0000000000000000                _efartext = .

.profiler
 *(.profiler)

.stab
 *(.stab)

.stabstr
 *(.stabstr)

.stab.excl
 *(.stab.excl)

.stab.exclstr
 *(.stab.exclstr)

.stab.index
 *(.stab.index)

.stab.indexstr
 *(.stab.indexstr)

.comment
 *(.comment)

.debug
 *(.debug)

.line
 *(.line)

.debug_srcinfo
 *(.debug_srcinfo)

.debug_sfnames
 *(.debug_sfnames)

.debug_aranges  0x0000000000000000      0x190
 *(.debug_aranges)
 .debug_aranges
                0x0000000000000000       0x14 /usr/lib/gcc/msp430/4.6.3/mmpy-16/libgcc.a(_mulsi3.o)
 .debug_aranges
                0x0000000000000014       0x14 /usr/lib/gcc/msp430/4.6.3/mmpy-16/libgcc.a(_udivmod16.o)
 .debug_aranges
                0x0000000000000028       0x14 /usr/lib/gcc/msp430/4.6.3/mmpy-16/libgcc.a(_divmod16.o)
 .debug_aranges
                0x000000000000003c       0x14 /usr/lib/gcc/msp430/4.6.3/mmpy-16/libgcc.a(_udivmod32.o)
 .debug_aranges
                0x0000000000000050       0x14 /usr/lib/gcc/msp430/4.6.3/../../../../msp430/lib/mmpy-16/libc.a(memcmp.o)
 .debug_aranges
                0x0000000000000064       0x14 /usr/lib/gcc/msp430/4.6.3/../../../../msp430/lib/mmpy-16/libc.a(memcpy.o)
 .debug_aranges
                0x0000000000000078       0x14 /usr/lib/gcc/msp430/4.6.3/../../../../msp430/lib/mmpy-16/libc.a(memmove.o)
 .debug_aranges
                0x000000000000008c       0x14 /usr/lib/gcc/msp430/4.6.3/../../../../msp430/lib/mmpy-16/libc.a(memset.o)
 .debug_aranges
                0x00000000000000a0       0x14 /usr/lib/gcc/msp430/4.6.3/../../../../msp430/lib/mmpy-16/libc.a(printf.o)
 .debug_aranges
                0x00000000000000b4       0x14 /usr/lib/gcc/msp430/4.6.3/../../../../msp430/lib/mmpy-16/libc.a(sprintf.o)
 .debug_aranges
                0x00000000000000c8       0x14 /usr/lib/gcc/msp430/4.6.3/../../../../msp430/lib/mmpy-16/libc.a(vuprintf.o)
 .debug_aranges
                0x00000000000000dc       0x14 /usr/lib/gcc/msp430/4.6.3/../../../../msp430/lib/mmpy-16/libc.a(puts.o)
 .debug_aranges
                0x00000000000000f0       0x14 /usr/lib/gcc/msp430/4.6.3/../../../../msp430/lib/mmpy-16/libc.a(rand.o)
 .debug_aranges
                0x0000000000000104       0x14 /usr/lib/gcc/msp430/4.6.3/mmpy-16/libgcc.a(_udivmod64.o)
 .debug_aranges
                0x0000000000000118       0x14 /usr/lib/gcc/msp430/4.6.3/mmpy-16/libcrt0.a(__watchdog_support.o)
 .debug_aranges
                0x000000000000012c       0x14 /usr/lib/gcc/msp430/4.6.3/mmpy-16/libcrt0.a(__init_stack.o)
 .debug_aranges
                0x0000000000000140       0x14 /usr/lib/gcc/msp430/4.6.3/mmpy-16/libcrt0.a(_copy_data.o)
 .debug_aranges
                0x0000000000000154       0x14 /usr/lib/gcc/msp430/4.6.3/mmpy-16/libcrt0.a(_clear_bss.o)
 .debug_aranges
                0x0000000000000168       0x14 /usr/lib/gcc/msp430/4.6.3/mmpy-16/libcrt0.a(_endless_loop__.o)
 .debug_aranges
                0x000000000000017c       0x14 /usr/lib/gcc/msp430/4.6.3/mmpy-16/libcrt0.a(_unexpected_.o)

.debug_pubnames
 *(.debug_pubnames)

.debug_info     0x0000000000000000     0x1740
 *(.debug_info)
 .debug_info    0x0000000000000000       0xd6 /usr/lib/gcc/msp430/4.6.3/mmpy-16/libgcc.a(_mulsi3.o)
 .debug_info    0x00000000000000d6       0xd6 /usr/lib/gcc/msp430/4.6.3/mmpy-16/libgcc.a(_udivmod16.o)
 .debug_info    0x00000000000001ac       0xd6 /usr/lib/gcc/msp430/4.6.3/mmpy-16/libgcc.a(_divmod16.o)
 .debug_info    0x0000000000000282       0xd6 /usr/lib/gcc/msp430/4.6.3/mmpy-16/libgcc.a(_udivmod32.o)
 .debug_info    0x0000000000000358       0xe8 /usr/lib/gcc/msp430/4.6.3/../../../../msp430/lib/mmpy-16/libc.a(memcmp.o)
 .debug_info    0x0000000000000440      0x113 /usr/lib/gcc/msp430/4.6.3/../../../../msp430/lib/mmpy-16/libc.a(memcpy.o)
 .debug_info    0x0000000000000553      0x113 /usr/lib/gcc/msp430/4.6.3/../../../../msp430/lib/mmpy-16/libc.a(memmove.o)
 .debug_info    0x0000000000000666       0xfe /usr/lib/gcc/msp430/4.6.3/../../../../msp430/lib/mmpy-16/libc.a(memset.o)
 .debug_info    0x0000000000000764      0x105 /usr/lib/gcc/msp430/4.6.3/../../../../msp430/lib/mmpy-16/libc.a(printf.o)
 .debug_info    0x0000000000000869      0x277 /usr/lib/gcc/msp430/4.6.3/../../../../msp430/lib/mmpy-16/libc.a(sprintf.o)
 .debug_info    0x0000000000000ae0      0x565 /usr/lib/gcc/msp430/4.6.3/../../../../msp430/lib/mmpy-16/libc.a(vuprintf.o)
 .debug_info    0x0000000000001045       0x96 /usr/lib/gcc/msp430/4.6.3/../../../../msp430/lib/mmpy-16/libc.a(puts.o)
 .debug_info    0x00000000000010db      0x13f /usr/lib/gcc/msp430/4.6.3/../../../../msp430/lib/mmpy-16/libc.a(rand.o)
 .debug_info    0x000000000000121a       0xd6 /usr/lib/gcc/msp430/4.6.3/mmpy-16/libgcc.a(_udivmod64.o)
 .debug_info    0x00000000000012f0       0xb8 /usr/lib/gcc/msp430/4.6.3/mmpy-16/libcrt0.a(__watchdog_support.o)
 .debug_info    0x00000000000013a8       0xb8 /usr/lib/gcc/msp430/4.6.3/mmpy-16/libcrt0.a(__init_stack.o)
 .debug_info    0x0000000000001460       0xb8 /usr/lib/gcc/msp430/4.6.3/mmpy-16/libcrt0.a(_copy_data.o)
 .debug_info    0x0000000000001518       0xb8 /usr/lib/gcc/msp430/4.6.3/mmpy-16/libcrt0.a(_clear_bss.o)
 .debug_info    0x00000000000015d0       0xb8 /usr/lib/gcc/msp430/4.6.3/mmpy-16/libcrt0.a(_endless_loop__.o)
 .debug_info    0x0000000000001688       0xb8 /usr/lib/gcc/msp430/4.6.3/mmpy-16/libcrt0.a(_unexpected_.o)
 *(.gnu.linkonce.wi.*)

.debug_abbrev   0x0000000000000000      0x855
 *(.debug_abbrev)
 .debug_abbrev  0x0000000000000000       0x14 /usr/lib/gcc/msp430/4.6.3/mmpy-16/libgcc.a(_mulsi3.o)
 .debug_abbrev  0x0000000000000014       0x14 /usr/lib/gcc/msp430/4.6.3/mmpy-16/libgcc.a(_udivmod16.o)
 .debug_abbrev  0x0000000000000028       0x14 /usr/lib/gcc/msp430/4.6.3/mmpy-16/libgcc.a(_divmod16.o)
 .debug_abbrev  0x000000000000003c       0x14 /usr/lib/gcc/msp430/4.6.3/mmpy-16/libgcc.a(_udivmod32.o)
 .debug_abbrev  0x0000000000000050       0x9b /usr/lib/gcc/msp430/4.6.3/../../../../msp430/lib/mmpy-16/libc.a(memcmp.o)
 .debug_abbrev  0x00000000000000eb       0x97 /usr/lib/gcc/msp430/4.6.3/../../../../msp430/lib/mmpy-16/libc.a(memcpy.o)
 .debug_abbrev  0x0000000000000182       0x97 /usr/lib/gcc/msp430/4.6.3/../../../../msp430/lib/mmpy-16/libc.a(memmove.o)
 .debug_abbrev  0x0000000000000219       0x9c /usr/lib/gcc/msp430/4.6.3/../../../../msp430/lib/mmpy-16/libc.a(memset.o)
 .debug_abbrev  0x00000000000002b5       0xd0 /usr/lib/gcc/msp430/4.6.3/../../../../msp430/lib/mmpy-16/libc.a(printf.o)
 .debug_abbrev  0x0000000000000385      0x105 /usr/lib/gcc/msp430/4.6.3/../../../../msp430/lib/mmpy-16/libc.a(sprintf.o)
 .debug_abbrev  0x000000000000048a      0x1ef /usr/lib/gcc/msp430/4.6.3/../../../../msp430/lib/mmpy-16/libc.a(vuprintf.o)
 .debug_abbrev  0x0000000000000679       0x60 /usr/lib/gcc/msp430/4.6.3/../../../../msp430/lib/mmpy-16/libc.a(puts.o)
 .debug_abbrev  0x00000000000006d9       0xf0 /usr/lib/gcc/msp430/4.6.3/../../../../msp430/lib/mmpy-16/libc.a(rand.o)
 .debug_abbrev  0x00000000000007c9       0x14 /usr/lib/gcc/msp430/4.6.3/mmpy-16/libgcc.a(_udivmod64.o)
 .debug_abbrev  0x00000000000007dd       0x14 /usr/lib/gcc/msp430/4.6.3/mmpy-16/libcrt0.a(__watchdog_support.o)
 .debug_abbrev  0x00000000000007f1       0x14 /usr/lib/gcc/msp430/4.6.3/mmpy-16/libcrt0.a(__init_stack.o)
 .debug_abbrev  0x0000000000000805       0x14 /usr/lib/gcc/msp430/4.6.3/mmpy-16/libcrt0.a(_copy_data.o)
 .debug_abbrev  0x0000000000000819       0x14 /usr/lib/gcc/msp430/4.6.3/mmpy-16/libcrt0.a(_clear_bss.o)
 .debug_abbrev  0x000000000000082d       0x14 /usr/lib/gcc/msp430/4.6.3/mmpy-16/libcrt0.a(_endless_loop__.o)
 .debug_abbrev  0x0000000000000841       0x14 /usr/lib/gcc/msp430/4.6.3/mmpy-16/libcrt0.a(_unexpected_.o)

.debug_line     0x0000000000000000      0xe26
 *(.debug_line)
 .debug_line    0x0000000000000000       0xa3 /usr/lib/gcc/msp430/4.6.3/mmpy-16/libgcc.a(_mulsi3.o)
 .debug_line    0x00000000000000a3       0x9c /usr/lib/gcc/msp430/4.6.3/mmpy-16/libgcc.a(_udivmod16.o)
 .debug_line    0x000000000000013f       0xa7 /usr/lib/gcc/msp430/4.6.3/mmpy-16/libgcc.a(_divmod16.o)
 .debug_line    0x00000000000001e6       0xab /usr/lib/gcc/msp430/4.6.3/mmpy-16/libgcc.a(_udivmod32.o)
 .debug_line    0x0000000000000291       0x73 /usr/lib/gcc/msp430/4.6.3/../../../../msp430/lib/mmpy-16/libc.a(memcmp.o)
 .debug_line    0x0000000000000304       0xe9 /usr/lib/gcc/msp430/4.6.3/../../../../msp430/lib/mmpy-16/libc.a(memcpy.o)
 .debug_line    0x00000000000003ed       0xe9 /usr/lib/gcc/msp430/4.6.3/../../../../msp430/lib/mmpy-16/libc.a(memmove.o)
 .debug_line    0x00000000000004d6       0xc8 /usr/lib/gcc/msp430/4.6.3/../../../../msp430/lib/mmpy-16/libc.a(memset.o)
 .debug_line    0x000000000000059e       0x72 /usr/lib/gcc/msp430/4.6.3/../../../../msp430/lib/mmpy-16/libc.a(printf.o)