Archive member included because of file (symbol)

contiki-z1.a(rimeaddr.o)      obj_z1/contikimac.o (rimeaddr_copy)
contiki-z1.a(mac.o)           obj_z1/contikimac.o (mac_call_sent_callback)
contiki-z1.a(framer-802154.o)
                              obj_z1/contikimac.o (framer_802154)
contiki-z1.a(rpl-dag.o)       obj_z1/deployment.o (rpl_set_prefix)
contiki-z1.a(rpl-icmp6.o)     contiki-z1.a(rpl-dag.o) (dao_output)
contiki-z1.a(rpl-timers.o)    contiki-z1.a(rpl-dag.o) (rpl_reset_dio_timer)
contiki-z1.a(rpl-mrhof.o)     contiki-z1.a(rpl-dag.o) (rpl_mrhof)
contiki-z1.a(process.o)       obj_z1/contiki-z1-main.o (process_init)
contiki-z1.a(autostart.o)     obj_z1/contiki-z1-main.o (autostart_start)
contiki-z1.a(memb.o)          obj_z1/phase.o (memb_init)
contiki-z1.a(timer.o)         obj_z1/phase.o (timer_set)
contiki-z1.a(list.o)          obj_z1/csma.o (list_init)
contiki-z1.a(etimer.o)        obj_z1/contiki-z1-main.o (etimer_process)
contiki-z1.a(ctimer.o)        obj_z1/contiki-z1-main.o (ctimer_init)
contiki-z1.a(energest.o)      obj_z1/contiki-z1-main.o (energest_init)
contiki-z1.a(rtimer.o)        obj_z1/contiki-z1-main.o (rtimer_init)
contiki-z1.a(stimer.o)        contiki-z1.a(rpl-icmp6.o) (stimer_set)
contiki-z1.a(random.o)        app-collect-only.co (random_rand)
contiki-z1.a(nbr-table.o)     obj_z1/phase.o (nbr_table_register)
contiki-z1.a(packetbuf.o)     obj_z1/contikimac.o (packetbuf_hdr_remove)
contiki-z1.a(queuebuf.o)      obj_z1/contiki-z1-main.o (queuebuf_init)
contiki-z1.a(sicslowpan.o)    obj_z1/csma.o (sicslowpan_driver)
contiki-z1.a(simple-udp.o)    app-collect-only.co (simple_udp_sendto)
contiki-z1.a(tcpip.o)         contiki-z1.a(sicslowpan.o) (tcpip_set_outputfunc)
contiki-z1.a(uip-ds6-route.o)
                              contiki-z1.a(rpl-icmp6.o) (uip_ds6_route_nexthop)
contiki-z1.a(uip-ds6-nbr.o)   contiki-z1.a(rpl-icmp6.o) (uip_ds6_nbr_add)
contiki-z1.a(uip-ds6.o)       contiki-z1.a(tcpip.o) (uip_ds6_is_addr_onlink)
contiki-z1.a(uip-icmp6.o)     contiki-z1.a(rpl-icmp6.o) (uip_icmp6_send)
contiki-z1.a(uip-udp-packet.)
                              contiki-z1.a(simple-udp.o) (uip_udp_packet_sendto)
contiki-z1.a(uip6.o)          contiki-z1.a(rpl-icmp6.o) (uip_ext_len)
contiki-z1.a(contiki-z1-plat)
                              obj_z1/contiki-z1-main.o (init_platform)
contiki-z1.a(msp430.o)        obj_z1/contiki-z1-main.o (msp430_cpu_init)
contiki-z1.a(leds.o)          obj_z1/contiki-z1-main.o (leds_init)
contiki-z1.a(watchdog.o)      obj_z1/contiki-z1-main.o (watchdog_start)
contiki-z1.a(xmem.o)          obj_z1/contiki-z1-main.o (xmem_init)
contiki-z1.a(spi.o)           contiki-z1.a(xmem.o) (spi_init)
contiki-z1.a(cc2420-arch.o)   obj_z1/cc2420-softack.o (cc2420_arch_init)
contiki-z1.a(node-id.o)       obj_z1/contiki-z1-main.o (node_id_restore)
contiki-z1.a(sensors.o)       contiki-z1.a(contiki-z1-plat) (sensors_process)
contiki-z1.a(button-sensor.o)
                              obj_z1/contiki-z1-main.o (button_sensor)
contiki-z1.a(uart0.o)         obj_z1/contiki-z1-main.o (uart0_active)
contiki-z1.a(uart0-putchar.o)
                              obj_z1/contiki-z1-main.o (putchar)
contiki-z1.a(adxl345.o)       obj_z1/contiki-z1-main.o (accm_init)
contiki-z1.a(clock.o)         contiki-z1.a(timer.o) (clock_time)
contiki-z1.a(leds-arch.o)     contiki-z1.a(leds.o) (leds_arch_init)
contiki-z1.a(rtimer-arch.o)   contiki-z1.a(rtimer.o) (rtimer_arch_init)
contiki-z1.a(frame802154.o)   contiki-z1.a(framer-802154.o) (frame802154_hdrlen)
contiki-z1.a(rpl.o)           contiki-z1.a(rpl-timers.o) (rpl_purge_routes)
contiki-z1.a(rpl-ext-header.)
                              contiki-z1.a(uip6.o) (rpl_verify_header)
contiki-z1.a(i2cmaster.o)     contiki-z1.a(adxl345.o) (i2c_receiveinit)
/usr/local/msp430/lib/gcc/msp430/4.7.0/mcpu-430x/mmpy-16/libgcc.a(_mulsi3.o)
                              obj_z1/csma.o (__mulsi3)
/usr/local/msp430/lib/gcc/msp430/4.7.0/mcpu-430x/mmpy-16/libgcc.a(_udivmod16.o)
                              contiki-z1.a(rpl-dag.o) (__udivhi3)
/usr/local/msp430/lib/gcc/msp430/4.7.0/mcpu-430x/mmpy-16/libgcc.a(_divmod16.o)
                              contiki-z1.a(nbr-table.o) (__divhi3)
/usr/local/msp430/lib/gcc/msp430/4.7.0/mcpu-430x/mmpy-16/libgcc.a(_udivmod32.o)
                              obj_z1/simple-energest.o (__udivsi3)
/usr/local/msp430/lib/gcc/msp430/4.7.0/../../../../msp430/lib/mcpu-430x/mmpy-16/libc.a(printf.o)
                              app-collect-only.co (printf)
/usr/local/msp430/lib/gcc/msp430/4.7.0/../../../../msp430/lib/mcpu-430x/mmpy-16/libc.a(vuprintf.o)
                              /usr/local/msp430/lib/gcc/msp430/4.7.0/../../../../msp430/lib/mcpu-430x/mmpy-16/libc.a(printf.o) (vuprintf)
/usr/local/msp430/lib/gcc/msp430/4.7.0/../../../../msp430/lib/mcpu-430x/mmpy-16/libc.a(puts.o)
                              app-collect-only.co (puts)
/usr/local/msp430/lib/gcc/msp430/4.7.0/../../../../msp430/lib/mcpu-430x/mmpy-16/libc.a(rand.o)
[...]
Memory Configuration

Name             Origin             Length             Attributes
sfr              0x0000000000000000 0x0000000000000010
peripheral_8bit  0x0000000000000010 0x00000000000000f0
peripheral_16bit 0x0000000000000100 0x0000000000000100
ram_mirror       0x0000000000000200 0x0000000000000800 xw
infomem          0x0000000000001000 0x0000000000000100
infod            0x0000000000001000 0x0000000000000040
infoc            0x0000000000001040 0x0000000000000040
infob            0x0000000000001080 0x0000000000000040
infoa            0x00000000000010c0 0x0000000000000040
ram              0x0000000000001100 0x0000000000002000 xw
rom              0x0000000000003100 0x000000000000cebe xr
vectors          0x000000000000ffc0 0x0000000000000040
far_rom          0x0000000000010000 0x000000000000a000
bsl              0x0000000000000000 0x0000000000000000
ram2             0x0000000000000000 0x0000000000000000 xw
signature        0x0000000000000000 0x0000000000000000
usbram           0x0000000000000000 0x0000000000000000 xw
*default*        0x0000000000000000 0xffffffffffffffff

Linker script and memory map

LOAD /usr/local/msp430/lib/gcc/msp430/4.7.0/mcpu-430x/mmpy-16/crt0ivtbl32.o
                0x0000000000000041                __P1SEL2 = 0x41
                0x0000000000000045                __P5SEL2 = 0x45
LOAD app-collect-only.co
LOAD obj_z1/deployment.o
LOAD obj_z1/simple-energest.o
LOAD obj_z1/rpl-log.o
LOAD obj_z1/phase.o
LOAD obj_z1/contikimac.o
LOAD obj_z1/csma.o
LOAD obj_z1/cc2420-softack.o
LOAD obj_z1/softack.o
LOAD obj_z1/contiki-z1-main.o
LOAD contiki-z1.a
LOAD /usr/local/msp430/lib/gcc/msp430/4.7.0/mcpu-430x/mmpy-16/libgcc.a
LOAD /usr/local/msp430/lib/gcc/msp430/4.7.0/../../../../msp430/lib/mcpu-430x/mmpy-16/libc.a
LOAD /usr/local/msp430/lib/gcc/msp430/4.7.0/mcpu-430x/mmpy-16/libgcc.a
LOAD /usr/local/msp430/lib/gcc/msp430/4.7.0/mcpu-430x/mmpy-16/libcrt0.a
                0x0000000000000040                PROVIDE (__info_segment_size, 0x40)
                0x0000000000001000                PROVIDE (__infod, 0x1000)
                0x0000000000001040                PROVIDE (__infoc, 0x1040)
                0x0000000000001080                PROVIDE (__infob, 0x1080)
                0x00000000000010c0                PROVIDE (__infoa, 0x10c0)
                0x0000000000000000                __IE1 = 0x0
                0x0000000000000002                __IFG1 = 0x2
                0x0000000000000001                __IE2 = 0x1
                0x0000000000000003                __IFG2 = 0x3
                0x0000000000000006                __UC1IE = 0x6
                0x0000000000000007                __UC1IFG = 0x7
                0x00000000000001a0                __ADC12CTL0 = 0x1a0
                0x00000000000001a2                __ADC12CTL1 = 0x1a2
                0x00000000000001a4                __ADC12IFG = 0x1a4
                0x00000000000001a6                __ADC12IE = 0x1a6
                0x00000000000001a8                __ADC12IV = 0x1a8
                0x0000000000000140                __ADC12MEM0 = 0x140
                0x0000000000000142                __ADC12MEM1 = 0x142
                0x0000000000000144                __ADC12MEM2 = 0x144
                0x0000000000000146                __ADC12MEM3 = 0x146
                0x0000000000000148                __ADC12MEM4 = 0x148
                0x000000000000014a                __ADC12MEM5 = 0x14a
                0x000000000000014c                __ADC12MEM6 = 0x14c
                0x000000000000014e                __ADC12MEM7 = 0x14e
                0x0000000000000150                __ADC12MEM8 = 0x150
                0x0000000000000152                __ADC12MEM9 = 0x152
                0x0000000000000154                __ADC12MEM10 = 0x154
                0x0000000000000156                __ADC12MEM11 = 0x156
                0x0000000000000158                __ADC12MEM12 = 0x158
                0x000000000000015a                __ADC12MEM13 = 0x15a
                0x000000000000015c                __ADC12MEM14 = 0x15c
                0x000000000000015e                __ADC12MEM15 = 0x15e
                0x0000000000000080                __ADC12MCTL0 = 0x80
                0x0000000000000081                __ADC12MCTL1 = 0x81
                0x0000000000000082                __ADC12MCTL2 = 0x82
                0x0000000000000083                __ADC12MCTL3 = 0x83
                0x0000000000000084                __ADC12MCTL4 = 0x84
                0x0000000000000085                __ADC12MCTL5 = 0x85
                0x0000000000000086                __ADC12MCTL6 = 0x86
                0x0000000000000087                __ADC12MCTL7 = 0x87
                0x0000000000000088                __ADC12MCTL8 = 0x88
                0x0000000000000089                __ADC12MCTL9 = 0x89
                0x000000000000008a                __ADC12MCTL10 = 0x8a
                0x000000000000008b                __ADC12MCTL11 = 0x8b
                0x000000000000008c                __ADC12MCTL12 = 0x8c
                0x000000000000008d                __ADC12MCTL13 = 0x8d
                0x000000000000008e                __ADC12MCTL14 = 0x8e
                0x000000000000008f                __ADC12MCTL15 = 0x8f
                0x0000000000000056                __DCOCTL = 0x56
                0x0000000000000057                __BCSCTL1 = 0x57
                0x0000000000000058                __BCSCTL2 = 0x58
                0x0000000000000053                __BCSCTL3 = 0x53
                0x0000000000000059                __CACTL1 = 0x59
                0x000000000000005a                __CACTL2 = 0x5a
                0x000000000000005b                __CAPD = 0x5b
                0x00000000000001c0                __DAC12_0CTL = 0x1c0
                0x00000000000001c2                __DAC12_1CTL = 0x1c2
                0x00000000000001c8                __DAC12_0DAT = 0x1c8
                0x00000000000001ca                __DAC12_1DAT = 0x1ca
                0x0000000000000122                __DMACTL0 = 0x122
                0x0000000000000124                __DMACTL1 = 0x124
                0x0000000000000126                __DMAIV = 0x126
                0x00000000000001d0                __DMA0CTL = 0x1d0
                0x00000000000001dc                __DMA1CTL = 0x1dc
                0x00000000000001e8                __DMA2CTL = 0x1e8
                0x00000000000001d2                __DMA0SA = 0x1d2
                0x00000000000001d2                __DMA0SAL = 0x1d2
                0x00000000000001d6                __DMA0DA = 0x1d6
                0x00000000000001d6                __DMA0DAL = 0x1d6
                0x00000000000001da                __DMA0SZ = 0x1da
                0x00000000000001de                __DMA1SA = 0x1de
                0x00000000000001de                __DMA1SAL = 0x1de
                0x00000000000001e2                __DMA1DA = 0x1e2
                0x00000000000001e2                __DMA1DAL = 0x1e2
                0x00000000000001e6                __DMA1SZ = 0x1e6
                0x00000000000001ea                __DMA2SA = 0x1ea
                0x00000000000001ea                __DMA2SAL = 0x1ea
                0x00000000000001ee                __DMA2DA = 0x1ee
                0x00000000000001ee                __DMA2DAL = 0x1ee
                0x00000000000001f2                __DMA2SZ = 0x1f2
                0x0000000000000128                __FCTL1 = 0x128
                0x000000000000012a                __FCTL2 = 0x12a
                0x000000000000012c                __FCTL3 = 0x12c
                0x00000000000001be                __FCTL4 = 0x1be
                0x0000000000000130                __MPY = 0x130
                0x0000000000000132                __MPYS = 0x132
                0x0000000000000134                __MAC = 0x134
                0x0000000000000136                __MACS = 0x136
                0x0000000000000138                __OP2 = 0x138
                0x000000000000013a                __RESLO = 0x13a
                0x000000000000013c                __RESHI = 0x13c
                0x000000000000013e                __SUMEXT = 0x13e
                0x0000000000000020                __P1IN = 0x20
                0x0000000000000021                __P1OUT = 0x21
                0x0000000000000022                __P1DIR = 0x22
                0x0000000000000023                __P1IFG = 0x23
                0x0000000000000024                __P1IES = 0x24
                0x0000000000000025                __P1IE = 0x25
                0x0000000000000026                __P1SEL = 0x26
                0x0000000000000027                __P1REN = 0x27
                0x0000000000000028                __P2IN = 0x28
                0x0000000000000029                __P2OUT = 0x29
                0x000000000000002a                __P2DIR = 0x2a
                0x000000000000002b                __P2IFG = 0x2b
                0x000000000000002c                __P2IES = 0x2c
                0x000000000000002d                __P2IE = 0x2d
                0x000000000000002e                __P2SEL = 0x2e
                0x000000000000002f                __P2REN = 0x2f
                0x0000000000000018                __P3IN = 0x18
                0x0000000000000019                __P3OUT = 0x19
                0x000000000000001a                __P3DIR = 0x1a
                0x000000000000001b                __P3SEL = 0x1b
                0x0000000000000010                __P3REN = 0x10
                0x000000000000001c                __P4IN = 0x1c
                0x000000000000001d                __P4OUT = 0x1d
                0x000000000000001e                __P4DIR = 0x1e
                0x000000000000001f                __P4SEL = 0x1f
                0x0000000000000011                __P4REN = 0x11
                0x0000000000000030                __P5IN = 0x30
                0x0000000000000031                __P5OUT = 0x31
                0x0000000000000032                __P5DIR = 0x32
                0x0000000000000033                __P5SEL = 0x33
                0x0000000000000012                __P5REN = 0x12
                0x0000000000000034                __P6IN = 0x34
                0x0000000000000035                __P6OUT = 0x35
                0x0000000000000036                __P6DIR = 0x36
                0x0000000000000037                __P6SEL = 0x37
                0x0000000000000013                __P6REN = 0x13
                0x0000000000000038                __P7IN = 0x38
                0x000000000000003a                __P7OUT = 0x3a
                0x000000000000003c                __P7DIR = 0x3c
                0x000000000000003e                __P7SEL = 0x3e
                0x0000000000000014                __P7REN = 0x14
                0x0000000000000039                __P8IN = 0x39
                0x000000000000003b                __P8OUT = 0x3b
                0x000000000000003d                __P8DIR = 0x3d
                0x000000000000003f                __P8SEL = 0x3f
                0x0000000000000015                __P8REN = 0x15
                0x0000000000000038                __PAIN = 0x38
                0x000000000000003a                __PAOUT = 0x3a
                0x000000000000003c                __PADIR = 0x3c
                0x000000000000003e                __PASEL = 0x3e
                0x0000000000000014                __PAREN = 0x14
                0x0000000000000055                __SVSCTL = 0x55
                0x000000000000012e                __TAIV = 0x12e
                0x0000000000000160                __TACTL = 0x160
                0x0000000000000162                __TACCTL0 = 0x162
                0x0000000000000164                __TACCTL1 = 0x164
                0x0000000000000166                __TACCTL2 = 0x166
                0x0000000000000170                __TAR = 0x170
                0x0000000000000172                __TACCR0 = 0x172
                0x0000000000000174                __TACCR1 = 0x174
                0x0000000000000176                __TACCR2 = 0x176
                0x000000000000011e                __TBIV = 0x11e
                0x0000000000000180                __TBCTL = 0x180
                0x0000000000000182                __TBCCTL0 = 0x182
                0x0000000000000184                __TBCCTL1 = 0x184
                0x0000000000000186                __TBCCTL2 = 0x186
                0x0000000000000188                __TBCCTL3 = 0x188
                0x000000000000018a                __TBCCTL4 = 0x18a
                0x000000000000018c                __TBCCTL5 = 0x18c
                0x000000000000018e                __TBCCTL6 = 0x18e
                0x0000000000000190                __TBR = 0x190
                0x0000000000000192                __TBCCR0 = 0x192
                0x0000000000000194                __TBCCR1 = 0x194
                0x0000000000000196                __TBCCR2 = 0x196
                0x0000000000000198                __TBCCR3 = 0x198
                0x000000000000019a                __TBCCR4 = 0x19a
                0x000000000000019c                __TBCCR5 = 0x19c
                0x000000000000019e                __TBCCR6 = 0x19e
                0x0000000000000060                __UCA0CTL0 = 0x60
                0x0000000000000061                __UCA0CTL1 = 0x61
                0x0000000000000062                __UCA0BR0 = 0x62
                0x0000000000000063                __UCA0BR1 = 0x63
                0x0000000000000064                __UCA0MCTL = 0x64
                0x0000000000000065                __UCA0STAT = 0x65
                0x0000000000000066                __UCA0RXBUF = 0x66
                0x0000000000000067                __UCA0TXBUF = 0x67
                0x000000000000005d                __UCA0ABCTL = 0x5d
                0x000000000000005e                __UCA0IRTCTL = 0x5e
                0x000000000000005f                __UCA0IRRCTL = 0x5f
                0x0000000000000068                __UCB0CTL0 = 0x68
                0x0000000000000069                __UCB0CTL1 = 0x69
                0x000000000000006a                __UCB0BR0 = 0x6a
                0x000000000000006b                __UCB0BR1 = 0x6b
                0x000000000000006c                __UCB0I2CIE = 0x6c
                0x000000000000006d                __UCB0STAT = 0x6d
                0x000000000000006e                __UCB0RXBUF = 0x6e
                0x000000000000006f                __UCB0TXBUF = 0x6f
                0x0000000000000118                __UCB0I2COA = 0x118
                0x000000000000011a                __UCB0I2CSA = 0x11a
                0x00000000000000d0                __UCA1CTL0 = 0xd0
                0x00000000000000d1                __UCA1CTL1 = 0xd1
                0x00000000000000d2                __UCA1BR0 = 0xd2
                0x00000000000000d3                __UCA1BR1 = 0xd3
                0x00000000000000d4                __UCA1MCTL = 0xd4
                0x00000000000000d5                __UCA1STAT = 0xd5
                0x00000000000000d6                __UCA1RXBUF = 0xd6
                0x00000000000000d7                __UCA1TXBUF = 0xd7
                0x00000000000000cd                __UCA1ABCTL = 0xcd
                0x00000000000000ce                __UCA1IRTCTL = 0xce
                0x00000000000000cf                __UCA1IRRCTL = 0xcf
                0x00000000000000d8                __UCB1CTL0 = 0xd8
                0x00000000000000d9                __UCB1CTL1 = 0xd9
                0x00000000000000da                __UCB1BR0 = 0xda
                0x00000000000000db                __UCB1BR1 = 0xdb
                0x00000000000000dc                __UCB1I2CIE = 0xdc
                0x00000000000000dd                __UCB1STAT = 0xdd
                0x00000000000000de                __UCB1RXBUF = 0xde
                0x00000000000000df                __UCB1TXBUF = 0xdf
                0x000000000000017c                __UCB1I2COA = 0x17c
                0x000000000000017e                __UCB1I2CSA = 0x17e
                0x0000000000000120                __WDTCTL = 0x120
                0x00000000000010c0                __TLV_CHECKSUM = 0x10c0
                0x00000000000010f6                __TLV_DCO_30_TAG = 0x10f6
                0x00000000000010f7                __TLV_DCO_30_LEN = 0x10f7
                0x00000000000010da                __TLV_ADC12_1_TAG = 0x10da
                0x00000000000010db                __TLV_ADC12_1_LEN = 0x10db
                0x00000000000010f8                __CALDCO_16MHZ = 0x10f8
                0x00000000000010f9                __CALBC1_16MHZ = 0x10f9
                0x00000000000010fa                __CALDCO_12MHZ = 0x10fa
                0x00000000000010fb                __CALBC1_12MHZ = 0x10fb
                0x00000000000010fc                __CALDCO_8MHZ = 0x10fc
                0x00000000000010fd                __CALBC1_8MHZ = 0x10fd
                0x00000000000010fe                __CALDCO_1MHZ = 0x10fe
                0x00000000000010ff                __CALBC1_1MHZ = 0x10ff

.hash
 *(.hash)

.dynsym
 *(.dynsym)

.dynstr
 *(.dynstr)

.gnu.version
 *(.gnu.version)

.gnu.version_d
 *(.gnu.version_d)

.gnu.version_r
 *(.gnu.version_r)

.rel.init
 *(.rel.init)

.rela.init
 *(.rela.init)

.rel.fini
 *(.rel.fini)

.rela.fini
 *(.rela.fini)

.rel.text
 *(.rel.text .rel.text.* .rel.gnu.linkonce.t.*)

.rela.text
 *(.rela.text .rela.text.* .rela.gnu.linkonce.t.*)

.rel.rodata
 *(.rel.rodata .rel.rodata.* .rel.gnu.linkonce.r.*)

.rela.rodata
 *(.rela.rodata .rela.rodata.* .rela.gnu.linkonce.r.*)

.rel.data
 *(.rel.data .rel.data.* .rel.gnu.linkonce.d.*)

.rela.data
 *(.rela.data .rela.data.* .rela.gnu.linkonce.d.*)

.rel.bss
 *(.rel.bss .rel.bss.* .rel.gnu.linkonce.b.*)

.rela.bss
 *(.rela.bss .rela.bss.* .rela.gnu.linkonce.b.*)

.rel.ctors
 *(.rel.ctors)

.rela.ctors
 *(.rela.ctors)

.rel.dtors
 *(.rel.dtors)

.rela.dtors
 *(.rela.dtors)

.rel.got
 *(.rel.got)

.rela.got
 *(.rela.got)

.rel.plt
 *(.rel.plt)

.rela.plt
 *(.rela.plt)

.text           0x0000000000003100     0xa544
                0x0000000000003100                . = ALIGN (0x2)
 *(.init .init.*)
 *(.init0)
 .init0         0x0000000000003100        0x0 /usr/local/msp430/lib/gcc/msp430/4.7.0/mcpu-430x/mmpy-16/libcrt0.a(_reset_vector__.o)
                0x0000000000003100                _reset_vector__
 *(.init1)
 .init1         0x0000000000003100        0xc /usr/local/msp430/lib/gcc/msp430/4.7.0/mcpu-430x/mmpy-16/libcrt0.a(__watchdog_support.o)
                0x0000000000003100                __watchdog_support
 *(.init2)
 .init2         0x000000000000310c        0x4 /usr/local/msp430/lib/gcc/msp430/4.7.0/mcpu-430x/mmpy-16/libcrt0.a(__init_stack.o)
                0x000000000000310c                __init_stack
 *(.init3)
 .init3         0x0000000000003110        0x0 /usr/local/msp430/lib/gcc/msp430/4.7.0/mcpu-430x/mmpy-16/libcrt0.a(__low_level_init.o)
                0x0000000000003110                __low_level_init
 *(.init4)
 .init4         0x0000000000003110       0x18 /usr/local/msp430/lib/gcc/msp430/4.7.0/mcpu-430x/mmpy-16/libcrt0.a(_copy_data.o)
                0x0000000000003110                __do_copy_data
 .init4         0x0000000000003128       0x16 /usr/local/msp430/lib/gcc/msp430/4.7.0/mcpu-430x/mmpy-16/libcrt0.a(_clear_bss.o)
                0x0000000000003128                __do_clear_bss
 *(.init5)
 *(.init6)
 *(.init7)
 *(.init8)
 *(.init9)
 .init9         0x000000000000313e      0x302 obj_z1/contiki-z1-main.o
                0x000000000000313e                main
 *(.fini9)
 .fini9         0x0000000000003440        0x0 /usr/local/msp430/lib/gcc/msp430/4.7.0/mcpu-430x/mmpy-16/libcrt0.a(__stop_progExec__.o)
                0x0000000000003440                __stop_progExec__
 *(.fini8)
 *(.fini7)
 *(.fini6)
 *(.fini5)
 *(.fini4)
 *(.fini3)
 *(.fini2)
 *(.fini1)
 *(.fini0)
 .fini0         0x0000000000003440        0x6 /usr/local/msp430/lib/gcc/msp430/4.7.0/mcpu-430x/mmpy-16/libcrt0.a(_endless_loop__.o)
                0x0000000000003440                _endless_loop__
 *(.fini .fini.*)
                0x0000000000003446                . = ALIGN (0x2)
                0x0000000000003446                __ctors_start = .
 *(.ctors)
                0x0000000000003446                __ctors_end = .
                0x0000000000003446                __dtors_start = .
 *(.dtors)
                0x0000000000003446                __dtors_end = .
                0x0000000000003446                . = ALIGN (0x2)
 *(.text .text.* .gnu.linkonce.t.*)
 .text          0x0000000000003446        0x4 /usr/local/msp430/lib/gcc/msp430/4.7.0/mcpu-430x/mmpy-16/crt0ivtbl32.o
                0x0000000000003446                __isr_14
                0x0000000000003446                __isr_4
                0x0000000000003446                __isr_29
                0x0000000000003446                __isr_11
                0x0000000000003446                __isr_5
                0x0000000000003446                __isr_2
                0x0000000000003446                __isr_10
                0x0000000000003446                __isr_7
                0x0000000000003446                __isr_0
                0x0000000000003446                __isr_28
                0x0000000000003446                __isr_8
                0x0000000000003446                __isr_20
                0x0000000000003446                __isr_3
                0x0000000000003446                __isr_12
                0x0000000000003446                __isr_13
                0x0000000000003446                __isr_27
                0x0000000000003446                __isr_9
                0x0000000000003446                __isr_30
                0x0000000000003446                __isr_6
                0x0000000000003446                __isr_22
                0x0000000000003446                __isr_1
                0x0000000000003446                __isr_15
                0x0000000000003446                __isr_21
 .text.crt0     0x000000000000344a        0x0 /usr/local/msp430/lib/gcc/msp430/4.7.0/mcpu-430x/mmpy-16/crt0ivtbl32.o
 .text          0x000000000000344a      0x1f0 app-collect-only.co
                0x000000000000345e                app_send_to
 .text          0x000000000000363a       0xfe obj_z1/deployment.o
                0x000000000000363a                get_node_id
                0x0000000000003640                get_n_nodes
                0x0000000000003646                node_id_from_rimeaddr
                0x0000000000003654                lladdr_from_ipaddr_uuid
                0x0000000000003668                node_id_from_ipaddr
                0x000000000000367a                get_node_id_from_index
                0x0000000000003686                get_number_nodes
                0x000000000000368c                set_rimeaddr_from_id
                0x00000000000036b2                set_ipaddr_from_id
                0x00000000000036da                deployment_init
 .text          0x0000000000003738      0x15c obj_z1/simple-energest.o
                0x0000000000003738                simple_energest_start
                0x000000000000377e                simple_energest_step
 .text          0x0000000000003894      0x184 obj_z1/rpl-log.o
                0x00000000000038f0                appdata_copy
                0x000000000000390c                appdataptr_from_uip
                0x000000000000394a                appdataptr_from_packetbuf
                0x0000000000003992                log_appdataptr
                0x0000000000003a00                log_node_id_from_rimeaddr
                0x0000000000003a06                log_node_id_from_ipaddr
                0x0000000000003a0c                rpl_log_start
 .text          0x0000000000003a18      0x222 obj_z1/phase.o
                0x0000000000003a5c                phase_update
                0x0000000000003afe                phase_wait
                0x0000000000003c26                phase_init
 .text          0x0000000000003c3a      0x8c6 obj_z1/contikimac.o
                0x00000000000044e0                contikimac_sending
                0x00000000000044ee                contikimac_broadcasting
                0x00000000000044fc                contikimac_debug_print
 .text          0x0000000000004500      0x3c2 obj_z1/csma.o
 .text          0x00000000000048c2      0xcc2 obj_z1/cc2420-softack.o
                0x0000000000004c96                cc2420_on
                0x0000000000004cba                cc2420_off
                0x0000000000004d62                cc2420_get_channel
                0x0000000000004d68                cc2420_set_channel
                0x0000000000004dec                cc2420_set_pan_addr
                0x0000000000004f12                cc2420_init
                0x0000000000004fdc                cc2420_softack_subscribe
                0x0000000000004fe6                cc2420_interrupt
                0x00000000000052fe                cc2420_set_txpower
                0x000000000000530c                cc2420_get_txpower
                0x00000000000054e2                cc2420_rssi
                0x0000000000005548                cc2420_cca_valid
                0x000000000000556e                cc2420_set_cca_threshold
 .text          0x0000000000005584      0x124 obj_z1/softack.o
                0x000000000000569a                softack_init
 .text          0x00000000000056a8        0x6 obj_z1/contiki-z1-main.o
                0x00000000000056a8                uip_log
 .text          0x00000000000056ae       0x26 contiki-z1.a(rimeaddr.o)
                0x00000000000056ae                rimeaddr_copy
                0x00000000000056b6                rimeaddr_cmp
                0x00000000000056c8                rimeaddr_set_node_addr
 .text          0x00000000000056d4       0x14 contiki-z1.a(mac.o)
                0x00000000000056d4                mac_call_sent_callback
 .text          0x00000000000056e8      0x1b6 contiki-z1.a(framer-802154.o)
 .text          0x000000000000589e      0xdcc contiki-z1.a(rpl-dag.o)
                0x00000000000059ba                rpl_dag_init
                0x00000000000059c8                rpl_get_parent_rank
                0x00000000000059e0                rpl_get_parent_link_metric
                0x00000000000059f8                rpl_get_parent_ipaddr
                0x0000000000005a08                rpl_set_prefix
                0x0000000000005a7c                rpl_set_default_route
                0x0000000000005adc                rpl_alloc_instance
                0x0000000000005b08                rpl_set_default_instance
                0x0000000000005b0e                rpl_add_parent
                0x0000000000005b46                rpl_find_parent
                0x0000000000005b62                rpl_find_parent_any_dag
                0x0000000000005b86                rpl_select_parent
                0x0000000000005bda                rpl_select_dag
                0x0000000000005d70                rpl_nullify_parent
                0x0000000000005dba                rpl_remove_parent
                0x0000000000005dfe                rpl_free_dag
                0x0000000000005e32                rpl_free_instance
                0x0000000000005e86                rpl_move_parent
                0x0000000000005eec                rpl_get_any_dag
                0x0000000000005f02                rpl_get_instance
                0x0000000000005f50                rpl_alloc_dag
                0x0000000000005fb2                rpl_set_root
                0x000000000000608e                rpl_repair_root
                0x00000000000060da                rpl_find_of
                0x00000000000060ea                rpl_join_instance
                0x0000000000006212                rpl_local_repair
                0x000000000000625e                rpl_process_parent_event
                0x00000000000062ca                rpl_recalculate_ranks
                0x000000000000630c                rpl_add_dag
                0x000000000000640e                rpl_process_dio
 .text          0x000000000000666a      0x96c contiki-z1.a(rpl-icmp6.o)
                0x00000000000066f0                dis_output
                0x0000000000006740                dio_output
                0x000000000000697e                dao_output_target
                0x0000000000006a30                dao_output
                0x0000000000006aae                dao_ack_output
                0x0000000000006ae0                uip_rpl_input
 .text          0x0000000000006fd6      0x23c contiki-z1.a(rpl-timers.o)
                0x0000000000007160                rpl_reset_periodic_timer
                0x00000000000071b4                rpl_reset_dio_timer
                0x00000000000071cc                rpl_schedule_dao
 .text          0x0000000000007212      0x120 contiki-z1.a(rpl-mrhof.o)
 .text          0x0000000000007332      0x2a0 contiki-z1.a(process.o)
                0x000000000000742e                process_alloc_event
                0x000000000000743c                process_exit
                0x0000000000007446                process_init
                0x0000000000007462                process_run
                0x0000000000007506                process_nevents
                0x0000000000007514                process_post
                0x0000000000007564                process_post_synch
                0x0000000000007576                process_start
                0x00000000000075ac                process_poll
                0x00000000000075c4                process_is_running
 .text          0x00000000000075d2       0x2a contiki-z1.a(autostart.o)
                0x00000000000075d2                autostart_start
                0x00000000000075e8                autostart_exit
 .text          0x00000000000075fc       0xd8 contiki-z1.a(memb.o)
                0x00000000000075fc                memb_init
                0x0000000000007632                memb_alloc
                0x0000000000007670                memb_free
                0x00000000000076aa                memb_inmemb
 .text          0x00000000000076d4       0x8c contiki-z1.a(timer.o)
                0x00000000000076d4                timer_set
                0x00000000000076f0                timer_reset
                0x00000000000076fe                timer_restart
                0x0000000000007712                timer_expired
                0x000000000000773c                timer_remaining
 .text          0x0000000000007760       0xec contiki-z1.a(list.o)
                0x0000000000007760                list_init
                0x0000000000007766                list_head
                0x000000000000776a                list_copy
                0x0000000000007770                list_tail
                0x0000000000007782                list_chop
                0x000000000000779c                list_pop
                0x00000000000077aa                list_remove
                0x00000000000077de                list_push
                0x00000000000077f4                list_add
                0x000000000000781a                list_length
                0x000000000000782a                list_insert
                0x0000000000007840                list_item_next
 .text          0x000000000000784c      0x258 contiki-z1.a(etimer.o)
                0x00000000000078bc                etimer_request_poll
                0x00000000000079ca                etimer_set
                0x00000000000079dc                etimer_reset
                0x00000000000079ee                etimer_restart
                0x0000000000007a00                etimer_adjust
                0x0000000000007a1a                etimer_expired
                0x0000000000007a28                etimer_expiration_time
                0x0000000000007a3c                etimer_start_time
                0x0000000000007a44                etimer_pending
                0x0000000000007a50                etimer_next_expiration_time
                0x0000000000007a66                etimer_stop
 .text          0x0000000000007aa4      0x1ce contiki-z1.a(ctimer.o)
                0x0000000000007b44                ctimer_init
                0x0000000000007b5c                ctimer_set
                0x0000000000007bae                ctimer_reset
                0x0000000000007be4                ctimer_restart
                0x0000000000007c1a                ctimer_stop
                0x0000000000007c42                ctimer_expired
 .text          0x0000000000007c72       0xca contiki-z1.a(energest.o)
                0x0000000000007c72                energest_init
                0x0000000000007c96                energest_type_time
                0x0000000000007ce2                energest_leveldevice_leveltime
                0x0000000000007ce8                energest_type_set
                0x0000000000007cf4                energest_flush
 .text          0x0000000000007d3c       0x5e contiki-z1.a(rtimer.o)
                0x0000000000007d3c                rtimer_init
                0x0000000000007d42                rtimer_set
                0x0000000000007d70                rtimer_run_next
 .text          0x0000000000007d9a       0xa4 contiki-z1.a(stimer.o)
                0x0000000000007d9a                stimer_set
                0x0000000000007db6                stimer_reset
                0x0000000000007dc4                stimer_restart
                0x0000000000007dd8                stimer_expired
                0x0000000000007e08                stimer_remaining
                0x0000000000007e2c                stimer_elapsed
 .text          0x0000000000007e3e        0xc contiki-z1.a(random.o)
                0x0000000000007e3e                random_init
                0x0000000000007e44                random_rand
 .text          0x0000000000007e4a      0x372 contiki-z1.a(nbr-table.o)
                0x0000000000007f72                nbr_table_register
                0x0000000000007f98                nbr_table_next
                0x0000000000007fe4                nbr_table_head
                0x000000000000801a                nbr_table_add_lladdr
                0x000000000000812a                nbr_table_get_from_lladdr
                0x0000000000008152                nbr_table_remove
                0x000000000000817c                nbr_table_lock
                0x000000000000818c                nbr_table_unlock
                0x000000000000819c                nbr_table_get_lladdr
 .text          0x00000000000081bc      0x21a contiki-z1.a(packetbuf.o)
                0x00000000000081bc                packetbuf_clear_hdr
                0x00000000000081c4                packetbuf_copyto_hdr
                0x00000000000081e0                packetbuf_copyto
                0x0000000000008226                packetbuf_hdr_remove
                0x000000000000822c                packetbuf_hdrreduce
                0x0000000000008246                packetbuf_set_datalen
                0x000000000000824c                packetbuf_dataptr
                0x000000000000825a                packetbuf_hdrptr
                0x0000000000008264                packetbuf_is_reference
                0x0000000000008272                packetbuf_compact
                0x00000000000082ba                packetbuf_reference_ptr
                0x00000000000082c0                packetbuf_datalen
                0x00000000000082c6                packetbuf_hdrlen
                0x00000000000082d0                packetbuf_totlen
                0x00000000000082e0                packetbuf_hdralloc
                0x000000000000830a                packetbuf_attr_clear
                0x0000000000008336                packetbuf_clear
                0x0000000000008350                packetbuf_reference
                0x0000000000008366                packetbuf_copyfrom
                0x0000000000008390                packetbuf_attr_copyto
                0x00000000000083b2                packetbuf_attr_copyfrom
 .text          0x00000000000083d6      0x1a6 contiki-z1.a(queuebuf.o)
                0x00000000000083d6                queuebuf_init
                0x00000000000083f0                queuebuf_new_from_packetbuf
                0x000000000000846a                queuebuf_update_attr_from_packetbuf
                0x000000000000847c                queuebuf_free
                0x00000000000084bc                queuebuf_to_packetbuf
                0x0000000000008526                queuebuf_dataptr
                0x0000000000008558                queuebuf_datalen
                0x000000000000855e                queuebuf_addr
                0x000000000000856c                queuebuf_attr
                0x000000000000857a                queuebuf_debug_print
 .text          0x000000000000857c      0xe82 contiki-z1.a(sicslowpan.o)
                0x0000000000008cda                sicslowpan_init
                0x00000000000093f2                rime_sniffer_add
                0x00000000000093f8                rime_sniffer_remove
 .text          0x00000000000093fe      0x198 contiki-z1.a(simple-udp.o)
                0x000000000000949c                simple_udp_send
                0x00000000000094c6                simple_udp_sendto
                0x00000000000094ee                simple_udp_sendto_port
                0x0000000000009514                simple_udp_register
 .text          0x0000000000009596      0x274 contiki-z1.a(tcpip.o)
                0x0000000000009596                tcpip_output
                0x00000000000095a6                tcpip_set_outputfunc
                0x00000000000095ac                udp_attach
                0x00000000000095b8                udp_new
                0x00000000000095d2                udp_broadcast_new
                0x0000000000009618                tcpip_input
                0x000000000000962e                tcpip_ipv6_output
                0x00000000000097d2                tcpip_poll_udp
                0x00000000000097e0                tcpip_uipcall
 .text          0x000000000000980a      0x3e0 contiki-z1.a(uip-ds6-route.o)
                0x000000000000984a                uip_ds6_notification_add
                0x0000000000009862                uip_ds6_notification_rm
                0x000000000000986e                uip_ds6_route_init
                0x000000000000989c                uip_ds6_route_nexthop
                0x00000000000098b6                uip_ds6_route_head
                0x00000000000098de                uip_ds6_route_next
                0x000000000000990e                uip_ds6_route_num_routes
                0x0000000000009914                uip_ds6_route_lookup
                0x0000000000009954                uip_ds6_route_add
                0x00000000000099f4                uip_ds6_route_rm
                0x0000000000009a8a                uip_ds6_route_rm_by_nexthop
                0x0000000000009a9e                uip_ds6_defrt_rm
                0x0000000000009ae2                uip_ds6_defrt_lookup
                0x0000000000009b14                uip_ds6_defrt_add
                0x0000000000009b7c                uip_ds6_defrt_choose
                0x0000000000009bb2                uip_ds6_defrt_periodic
 .text          0x0000000000009bea      0x1bc contiki-z1.a(uip-ds6-nbr.o)
                0x0000000000009bea                uip_ds6_nbr_rm
                0x0000000000009c04                uip_ds6_neighbors_init
                0x0000000000009c12                uip_ds6_nbr_add
                0x0000000000009c66                uip_ds6_nbr_get_ipaddr
                0x0000000000009c68                uip_ds6_nbr_get_ll
                0x0000000000009c74                uip_ds6_nbr_num
                0x0000000000009c98                uip_ds6_nbr_lookup
                0x0000000000009cd6                uip_ds6_nbr_ll_lookup
                0x0000000000009ce2                uip_ds6_nbr_ipaddr_from_lladdr
                0x0000000000009ce8                uip_ds6_nbr_lladdr_from_ipaddr
                0x0000000000009cfa                uip_ds6_link_neighbor_callback
                0x0000000000009d20                uip_ds6_neighbor_periodic
                0x0000000000009d58                uip_ds6_get_least_lifetime_neighbor
 .text          0x0000000000009da6      0x686 contiki-z1.a(uip-ds6.o)
                0x0000000000009da6                uip_ds6_list_loop
                0x0000000000009e0c                uip_ds6_prefix_add
                0x0000000000009e7c                uip_ds6_prefix_rm
                0x0000000000009e86                uip_ds6_prefix_lookup
                0x0000000000009eae                uip_ds6_is_addr_onlink
                0x0000000000009ef0                uip_ds6_addr_lookup
                0x0000000000009f18                uip_ds6_get_link_local
                0x0000000000009f56                uip_ds6_get_global
                0x0000000000009f94                uip_ds6_maddr_add
                0x0000000000009fda                uip_ds6_addr_add
                0x000000000000a08c                uip_ds6_maddr_rm
                0x000000000000a096                uip_ds6_maddr_lookup
                0x000000000000a0be                uip_ds6_addr_rm
                0x000000000000a112                uip_ds6_periodic
                0x000000000000a15c                uip_ds6_aaddr_add
                0x000000000000a1a2                uip_ds6_aaddr_rm
                0x000000000000a1ac                uip_ds6_aaddr_lookup
                0x000000000000a1d4                uip_ds6_set_addr_iid
                0x000000000000a1e8                get_match_length
                0x000000000000a224                uip_ds6_select_src
                0x000000000000a2be                uip_ds6_compute_reachable_time
                0x000000000000a2f4                uip_ds6_init
 .text          0x000000000000a42c      0x318 contiki-z1.a(uip-icmp6.o)
                0x000000000000a42c                uip_icmp6_echo_request_input
                0x000000000000a554                uip_icmp6_error_output
                0x000000000000a6c0                uip_icmp6_send
 .text          0x000000000000a744       0x84 contiki-z1.a(uip-udp-packet.)
                0x000000000000a744                uip_udp_packet_send
                0x000000000000a772                uip_udp_packet_sendto
 .text          0x000000000000a7c8      0x77c contiki-z1.a(uip6.o)
                0x000000000000a8bc                uip_chksum
                0x000000000000a8d4                uip_icmp6chksum
                0x000000000000a92a                uip_init
                0x000000000000a956                remove_ext_hdr
                0x000000000000a9aa                uip_udp_new
                0x000000000000aa52                uip_process
                0x000000000000aee2                uip_htons
                0x000000000000aeee                uip_htonl
                0x000000000000af18                uip_send
 .text          0x000000000000af44        0xc contiki-z1.a(contiki-z1-plat)
                0x000000000000af44                init_platform
 .text          0x000000000000af50       0xd2 contiki-z1.a(msp430.o)
                0x000000000000af50                msp430_init_dco
                0x000000000000af78                msp430_quick_synch_dco
                0x000000000000aff4                msp430_cpu_init
                0x000000000000b01a                splhigh_
 .text          0x000000000000b022      0x168 contiki-z1.a(leds.o)
                0x000000000000b11a                leds_init
                0x000000000000b128                leds_get
                0x000000000000b12e                leds_on
                0x000000000000b142                leds_off
                0x000000000000b156                leds_invert
                0x000000000000b160                leds_toggle
                0x000000000000b166                leds_blink
 .text          0x000000000000b18a       0x54 contiki-z1.a(watchdog.o)
                0x000000000000b18a                watchdog_start
                0x000000000000b19e                watchdog_periodic
                0x000000000000b1b0                watchdog_stop
                0x000000000000b1c6                watchdog_init
                0x000000000000b1d8                watchdog_reboot
 .text          0x000000000000b1de      0x30a contiki-z1.a(xmem.o)
                0x000000000000b24a                xmem_init
                0x000000000000b268                xmem_pread
                0x000000000000b32a                xmem_pwrite
                0x000000000000b43e                xmem_erase
 .text          0x000000000000b4e8       0x32 contiki-z1.a(spi.o)
                0x000000000000b4e8                spi_init
 .text          0x000000000000b51a       0x1a contiki-z1.a(cc2420-arch.o)
                0x000000000000b51a                cc2420_arch_init
 .text          0x000000000000b534        0xc contiki-z1.a(node-id.o)
                0x000000000000b534                node_id_restore
                0x000000000000b53e                node_id_burn
 .text          0x000000000000b540      0x156 contiki-z1.a(sensors.o)
                0x000000000000b602                sensors_first
                0x000000000000b608                sensors_next
                0x000000000000b62c                sensors_changed
                0x000000000000b656                sensors_find
 .text          0x000000000000b696       0x86 contiki-z1.a(button-sensor.o)
 .text          0x000000000000b71c       0x6a contiki-z1.a(uart0.o)
                0x000000000000b71c                uart0_active
                0x000000000000b72a                uart0_set_input
                0x000000000000b730                uart0_writeb
                0x000000000000b746                uart0_init
 .text          0x000000000000b786       0x10 contiki-z1.a(uart0-putchar.o)
                0x000000000000b786                putchar
 .text          0x000000000000b796      0x254 contiki-z1.a(adxl345.o)
                0x000000000000b796                accm_write_reg
                0x000000000000b7c4                accm_write_stream
                0x000000000000b7ee                accm_read_reg
                0x000000000000b898                accm_read_stream
                0x000000000000b8ea                accm_read_axis
                0x000000000000b910                accm_set_grange
                0x000000000000b934                accm_init
                0x000000000000b9be                accm_set_irq
 .text          0x000000000000b9ea       0xdc contiki-z1.a(clock.o)
                0x000000000000b9ea                clock_time
                0x000000000000ba04                clock_set
                0x000000000000ba1a                clock_fine_max
                0x000000000000ba20                clock_fine
                0x000000000000ba2c                clock_init
                0x000000000000ba54                clock_delay
                0x000000000000ba60                clock_wait
                0x000000000000ba84                clock_set_seconds
                0x000000000000ba9c                clock_seconds
                0x000000000000bab6                clock_counter
 .text          0x000000000000bac6       0x74 contiki-z1.a(leds-arch.o)
                0x000000000000bac6                leds_arch_init
                0x000000000000bad4                leds_arch_get
                0x000000000000bb02                leds_arch_set
 .text          0x000000000000bb3a       0xda contiki-z1.a(rtimer-arch.o)
                0x000000000000bb3a                rtimer_arch_init
                0x000000000000bb48                rtimer_arch_now
                0x000000000000bc06                rtimer_arch_schedule
 .text          0x000000000000bc14      0x366 contiki-z1.a(frame802154.o)
                0x000000000000bca0                frame802154_hdrlen
                0x000000000000bcce                frame802154_create
                0x000000000000be04                frame802154_parse
 .text          0x000000000000bf7a      0x202 contiki-z1.a(rpl.o)
                0x000000000000bf7a                rpl_purge_routes
                0x000000000000c010                rpl_remove_routes
                0x000000000000c032                rpl_remove_routes_by_nexthop
                0x000000000000c070                rpl_add_route
                0x000000000000c0b8                rpl_link_neighbor_callback
                0x000000000000c11e                rpl_ipv6_neighbor_callback
                0x000000000000c13c                rpl_init
 .text          0x000000000000c17c      0x2de contiki-z1.a(rpl-ext-header.)
                0x000000000000c17c                rpl_verify_header
                0x000000000000c22c                rpl_update_header_empty
                0x000000000000c31c                rpl_update_header_final
                0x000000000000c3a4                rpl_remove_header
                0x000000000000c3f0                rpl_invert_header
                0x000000000000c43e                rpl_insert_header
 .text          0x000000000000c45a       0xfa contiki-z1.a(i2cmaster.o)
                0x000000000000c45a                i2c_receiveinit
                0x000000000000c48e                i2c_transmitinit
                0x000000000000c4bc                i2c_receive_n
                0x000000000000c4fa                i2c_busy
                0x000000000000c504                i2c_enable
                0x000000000000c526                i2c_disable
                0x000000000000c540                i2c_transmit_n
 .text          0x000000000000c554        0x0 /usr/local/msp430/lib/gcc/msp430/4.7.0/mcpu-430x/mmpy-16/libgcc.a(_mulsi3.o)
 .text.libgcc   0x000000000000c554       0x26 /usr/local/msp430/lib/gcc/msp430/4.7.0/mcpu-430x/mmpy-16/libgcc.a(_mulsi3.o)
                0x000000000000c554                __mulsi3
 .text          0x000000000000c57a        0x0 /usr/local/msp430/lib/gcc/msp430/4.7.0/mcpu-430x/mmpy-16/libgcc.a(_udivmod16.o)
 .text.libgcc   0x000000000000c57a       0x22 /usr/local/msp430/lib/gcc/msp430/4.7.0/mcpu-430x/mmpy-16/libgcc.a(_udivmod16.o)
                0x000000000000c57a                __udivhi3
                0x000000000000c57a                __ext_udivmod16
                0x000000000000c594                __umodhi3
 .text          0x000000000000c59c        0x0 /usr/local/msp430/lib/gcc/msp430/4.7.0/mcpu-430x/mmpy-16/libgcc.a(_divmod16.o)
 .text.libgcc   0x000000000000c59c       0x3a /usr/local/msp430/lib/gcc/msp430/4.7.0/mcpu-430x/mmpy-16/libgcc.a(_divmod16.o)
                0x000000000000c59c                __ext_divmod16
                0x000000000000c59c                __divhi3
                0x000000000000c5ce                __modhi3
 .text          0x000000000000c5d6        0x0 /usr/local/msp430/lib/gcc/msp430/4.7.0/mcpu-430x/mmpy-16/libgcc.a(_udivmod32.o)
 .text.libgcc   0x000000000000c5d6       0x38 /usr/local/msp430/lib/gcc/msp430/4.7.0/mcpu-430x/mmpy-16/libgcc.a(_udivmod32.o)
                0x000000000000c5d6                __udivsi3
                0x000000000000c5d6                __ext_udivmod32
                0x000000000000c604                __umodsi3
 .text          0x000000000000c60e        0x0 /usr/local/msp430/lib/gcc/msp430/4.7.0/../../../../msp430/lib/mcpu-430x/mmpy-16/libc.a(printf.o)
 .text.printf   0x000000000000c60e       0x10 /usr/local/msp430/lib/gcc/msp430/4.7.0/../../../../msp430/lib/mcpu-430x/mmpy-16/libc.a(printf.o)
                0x000000000000c60e                printf
 .text.vprintf  0x000000000000c61e        0xe /usr/local/msp430/lib/gcc/msp430/4.7.0/../../../../msp430/lib/mcpu-430x/mmpy-16/libc.a(printf.o)
                0x000000000000c61e                vprintf
 .text          0x000000000000c62c        0x0 /usr/local/msp430/lib/gcc/msp430/4.7.0/../../../../msp430/lib/mcpu-430x/mmpy-16/libc.a(vuprintf.o)
 .text.print_field
                0x000000000000c62c      0x176 /usr/local/msp430/lib/gcc/msp430/4.7.0/../../../../msp430/lib/mcpu-430x/mmpy-16/libc.a(vuprintf.o)
 .text.vuprintf
                0x000000000000c7a2      0x740 /usr/local/msp430/lib/gcc/msp430/4.7.0/../../../../msp430/lib/mcpu-430x/mmpy-16/libc.a(vuprintf.o)
                0x000000000000c7a2                vuprintf
 .text          0x000000000000cee2        0x0 /usr/local/msp430/lib/gcc/msp430/4.7.0/../../../../msp430/lib/mcpu-430x/mmpy-16/libc.a(puts.o)
 .text.puts     0x000000000000cee2       0x2c /usr/local/msp430/lib/gcc/msp430/4.7.0/../../../../msp430/lib/mcpu-430x/mmpy-16/libc.a(puts.o)
                0x000000000000cee2                puts
 .text          0x000000000000cf0e        0x0 /usr/local/msp430/lib/gcc/msp430/4.7.0/../../../../msp430/lib/mcpu-430x/mmpy-16/libc.a(rand.o)
 .text.rand_r   0x000000000000cf0e       0x24 /usr/local/msp430/lib/gcc/msp430/4.7.0/../../../../msp430/lib/mcpu-430x/mmpy-16/libc.a(rand.o)
                0x000000000000cf0e                rand_r
 .text.rand     0x000000000000cf32       0x26 /usr/local/msp430/lib/gcc/msp430/4.7.0/../../../../msp430/lib/mcpu-430x/mmpy-16/libc.a(rand.o)
                0x000000000000cf32                rand
 .text.srand    0x000000000000cf58        0xa /usr/local/msp430/lib/gcc/msp430/4.7.0/../../../../msp430/lib/mcpu-430x/mmpy-16/libc.a(rand.o)
                0x000000000000cf58                srand
 .text          0x000000000000cf62        0x0 /usr/local/msp430/lib/gcc/msp430/4.7.0/../../../../msp430/lib/mcpu-430x/mmpy-16/libc.a(strncmp.o)
 .text.strncmp  0x000000000000cf62       0x2a /usr/local/msp430/lib/gcc/msp430/4.7.0/../../../../msp430/lib/mcpu-430x/mmpy-16/libc.a(strncmp.o)
                0x000000000000cf62                strncmp
 .text          0x000000000000cf8c        0x0 /usr/local/msp430/lib/gcc/msp430/4.7.0/../../../../msp430/lib/mcpu-430x/mmpy-16/libc.a(memcmp.o)
 .text.memcmp   0x000000000000cf8c       0x2c /usr/local/msp430/lib/gcc/msp430/4.7.0/../../../../msp430/lib/mcpu-430x/mmpy-16/libc.a(memcmp.o)
                0x000000000000cf8c                memcmp
 .text          0x000000000000cfb8        0x0 /usr/local/msp430/lib/gcc/msp430/4.7.0/../../../../msp430/lib/mcpu-430x/mmpy-16/libc.a(strcpy.o)
 .text.strcpy   0x000000000000cfb8       0x14 /usr/local/msp430/lib/gcc/msp430/4.7.0/../../../../msp430/lib/mcpu-430x/mmpy-16/libc.a(strcpy.o)
                0x000000000000cfb8                strcpy
 .text          0x000000000000cfcc        0x0 /usr/local/msp430/lib/gcc/msp430/4.7.0/../../../../msp430/lib/mcpu-430x/mmpy-16/libc.a(memcpy.o)
 .text.memcpy   0x000000000000cfcc       0xe8 /usr/local/msp430/lib/gcc/msp430/4.7.0/../../../../msp430/lib/mcpu-430x/mmpy-16/libc.a(memcpy.o)
                0x000000000000cfcc                memcpy
 .text          0x000000000000d0b4        0x0 /usr/local/msp430/lib/gcc/msp430/4.7.0/../../../../msp430/lib/mcpu-430x/mmpy-16/libc.a(memmove.o)
 .text.memmove  0x000000000000d0b4       0xe8 /usr/local/msp430/lib/gcc/msp430/4.7.0/../../../../msp430/lib/mcpu-430x/mmpy-16/libc.a(memmove.o)
                0x000000000000d0b4                memmove
 .text          0x000000000000d19c        0x0 /usr/local/msp430/lib/gcc/msp430/4.7.0/../../../../msp430/lib/mcpu-430x/mmpy-16/libc.a(memset.o)
 .text.memset   0x000000000000d19c       0x5c /usr/local/msp430/lib/gcc/msp430/4.7.0/../../../../msp430/lib/mcpu-430x/mmpy-16/libc.a(memset.o)
                0x000000000000d19c                memset
 .text          0x000000000000d1f8        0x0 /usr/local/msp430/lib/gcc/msp430/4.7.0/mcpu-430x/mmpy-16/libgcc.a(_udivmod64.o)
 .text.libgcc   0x000000000000d1f8       0xbc /usr/local/msp430/lib/gcc/msp430/4.7.0/mcpu-430x/mmpy-16/libgcc.a(_udivmod64.o)
                0x000000000000d1f8                __xabi_udivmod64
                0x000000000000d24a                __udivdi3
                0x000000000000d264                __umoddi3
                0x000000000000d286                __udivmoddi4
 .text          0x000000000000d2b4        0x0 /usr/local/msp430/lib/gcc/msp430/4.7.0/mcpu-430x/mmpy-16/libcrt0.a(_reset_vector__.o)
 .text          0x000000000000d2b4        0x0 /usr/local/msp430/lib/gcc/msp430/4.7.0/mcpu-430x/mmpy-16/libcrt0.a(__watchdog_support.o)
 .text          0x000000000000d2b4        0x0 /usr/local/msp430/lib/gcc/msp430/4.7.0/mcpu-430x/mmpy-16/libcrt0.a(__init_stack.o)
 .text          0x000000000000d2b4        0x0 /usr/local/msp430/lib/gcc/msp430/4.7.0/mcpu-430x/mmpy-16/libcrt0.a(__low_level_init.o)
 .text          0x000000000000d2b4        0x0 /usr/local/msp430/lib/gcc/msp430/4.7.0/mcpu-430x/mmpy-16/libcrt0.a(_copy_data.o)
 .text          0x000000000000d2b4        0x0 /usr/local/msp430/lib/gcc/msp430/4.7.0/mcpu-430x/mmpy-16/libcrt0.a(_clear_bss.o)
 .text          0x000000000000d2b4        0x0 /usr/local/msp430/lib/gcc/msp430/4.7.0/mcpu-430x/mmpy-16/libcrt0.a(__stop_progExec__.o)
 .text          0x000000000000d2b4        0x0 /usr/local/msp430/lib/gcc/msp430/4.7.0/mcpu-430x/mmpy-16/libcrt0.a(_endless_loop__.o)
 .text          0x000000000000d2b4        0x0 /usr/local/msp430/lib/gcc/msp430/4.7.0/mcpu-430x/mmpy-16/libcrt0.a(_unexpected_.o)
 .text.crt0     0x000000000000d2b4        0x2 /usr/local/msp430/lib/gcc/msp430/4.7.0/mcpu-430x/mmpy-16/libcrt0.a(_unexpected_.o)
                0x000000000000d2b4                _unexpected_
 *(.near.text .near.text.*)
 .near.text     0x000000000000d2b6        0x6 contiki-z1.a(watchdog.o)
                0x000000000000d2b6                __isr_26
                0x000000000000d2b6                watchdog_interrupt
 .near.text     0x000000000000d2bc       0x76 contiki-z1.a(button-sensor.o)
                0x000000000000d2bc                irq_p2
                0x000000000000d2bc                __isr_19
 .near.text     0x000000000000d332       0x64 contiki-z1.a(uart0.o)
                0x000000000000d332                __isr_23
                0x000000000000d332                uart0_rx_interrupt
 .near.text     0x000000000000d396       0xbe contiki-z1.a(adxl345.o)
                0x000000000000d396                port1_isr
                0x000000000000d396                __isr_18
 .near.text     0x000000000000d454       0xea contiki-z1.a(clock.o)
                0x000000000000d454                __isr_24
                0x000000000000d454                timera1
 .near.text     0x000000000000d53e       0x6e contiki-z1.a(rtimer-arch.o)
                0x000000000000d53e                __isr_25
                0x000000000000d53e                timera0
 .near.text     0x000000000000d5ac       0x98 contiki-z1.a(i2cmaster.o)
                0x000000000000d5ac                __isr_16
                0x000000000000d5ac                i2c_tx_interrupt
                0x000000000000d630                i2c_rx_interrupt
                0x000000000000d630                __isr_17

.rodata         0x000000000000d644      0x435
                0x000000000000d644                . = ALIGN (0x2)
 *(.rodata .rodata.* .gnu.linkonce.r.*)
 .rodata        0x000000000000d644       0x86 app-collect-only.co
                0x000000000000d6a4                autostart_processes
 .rodata        0x000000000000d6ca       0x2e obj_z1/simple-energest.o
 .rodata        0x000000000000d6f8       0x2d obj_z1/rpl-log.o
 .rodata        0x000000000000d725        0xf obj_z1/phase.o
 .rodata        0x000000000000d734       0xaa obj_z1/contikimac.o
                0x000000000000d7ce                contikimac_driver
 .rodata        0x000000000000d7de       0x8a obj_z1/csma.o
                0x000000000000d85a                csma_driver
 .rodata        0x000000000000d868       0x2a obj_z1/cc2420-softack.o
                0x000000000000d868                cc2420_softack_driver
 .rodata        0x000000000000d892        0xc obj_z1/softack.o
 .rodata        0x000000000000d89e       0xc3 obj_z1/contiki-z1-main.o
 *fill*         0x000000000000d961        0x1 00
 .rodata        0x000000000000d962        0x8 contiki-z1.a(rimeaddr.o)
                0x000000000000d962                rimeaddr_null
 .rodata        0x000000000000d96a        0x4 contiki-z1.a(framer-802154.o)
                0x000000000000d96a                framer_802154
 .rodata        0x000000000000d96e        0xc contiki-z1.a(etimer.o)
 .rodata        0x000000000000d97a        0xf contiki-z1.a(ctimer.o)
 *fill*         0x000000000000d989        0x1 00
 .rodata        0x000000000000d98a       0x24 contiki-z1.a(sicslowpan.o)
                0x000000000000d996                sicslowpan_driver
                0x000000000000d99c                llprefix
                0x000000000000d99e                unc_mxconf
                0x000000000000d9a2                unc_ctxconf
                0x000000000000d9a6                unc_llconf
 .rodata        0x000000000000d9ae       0x13 contiki-z1.a(simple-udp.o)
 .rodata        0x000000000000d9c1       0x2e contiki-z1.a(tcpip.o)
 .rodata        0x000000000000d9ef       0x26 contiki-z1.a(uip6.o)
 .rodata        0x000000000000da15       0x2c contiki-z1.a(xmem.o)
 .rodata        0x000000000000da41        0x8 contiki-z1.a(sensors.o)
 *fill*         0x000000000000da49        0x1 00
 .rodata        0x000000000000da4a       0x10 contiki-z1.a(button-sensor.o)
                0x000000000000da52                button_sensor
 .rodata        0x000000000000da5a       0x16 contiki-z1.a(adxl345.o)
 .rodata        0x000000000000da70        0x2 contiki-z1.a(frame802154.o)
 .rodata.vuprintf
                0x000000000000da72        0x7 /usr/local/msp430/lib/gcc/msp430/4.7.0/../../../../msp430/lib/mcpu-430x/mmpy-16/libc.a(vuprintf.o)
 *(.near.rodata .near.rodata.*)
                0x000000000000da7a                . = ALIGN (0x2)
                0x000000000000da7a                _etext = .

.data           0x0000000000001100      0x114 load address 0x000000000000da7a
                0x0000000000001100                . = ALIGN (0x2)
                0x0000000000001100                __data_start = .
 *(.data .data.* .gnu.linkonce.d.*)
 .data          0x0000000000001100        0x0 /usr/local/msp430/lib/gcc/msp430/4.7.0/mcpu-430x/mmpy-16/crt0ivtbl32.o
 .data          0x0000000000001100        0xa app-collect-only.co
                0x0000000000001100                unicast_sender_process
 .data          0x000000000000110a        0x0 obj_z1/deployment.o
 .data          0x000000000000110a        0x0 obj_z1/simple-energest.o
 .data          0x000000000000110a        0xa obj_z1/rpl-log.o
                0x000000000000110a                rpl_log_process
 .data          0x0000000000001114       0x10 obj_z1/phase.o
 .data          0x0000000000001124        0x0 obj_z1/contikimac.o
 .data          0x0000000000001124       0x18 obj_z1/csma.o
 .data          0x000000000000113c       0x14 obj_z1/cc2420-softack.o
                0x000000000000113c                cc2420_process
 .data          0x0000000000001150        0xe obj_z1/softack.o
 .data          0x000000000000115e        0x4 obj_z1/contiki-z1-main.o
                0x000000000000115e                sensors
 .data          0x0000000000001162        0x0 contiki-z1.a(rimeaddr.o)
 .data          0x0000000000001162        0x0 contiki-z1.a(mac.o)
 .data          0x0000000000001162        0x0 contiki-z1.a(framer-802154.o)
 .data          0x0000000000001162        0x8 contiki-z1.a(rpl-dag.o)
 .data          0x000000000000116a        0x1 contiki-z1.a(rpl-icmp6.o)
 .data          0x000000000000116b        0x0 contiki-z1.a(rpl-timers.o)
 *fill*         0x000000000000116b        0x1 00
 .data          0x000000000000116c        0xe contiki-z1.a(rpl-mrhof.o)
                0x000000000000116c                rpl_mrhof
 .data          0x000000000000117a        0x0 contiki-z1.a(process.o)
 .data          0x000000000000117a        0x0 contiki-z1.a(autostart.o)
 .data          0x000000000000117a        0x0 contiki-z1.a(memb.o)
 .data          0x000000000000117a        0x0 contiki-z1.a(timer.o)
 .data          0x000000000000117a        0x0 contiki-z1.a(list.o)
 .data          0x000000000000117a        0xa contiki-z1.a(etimer.o)
                0x000000000000117a                etimer_process
 .data          0x0000000000001184        0xa contiki-z1.a(ctimer.o)
                0x0000000000001184                ctimer_process
 .data          0x000000000000118e        0x0 contiki-z1.a(energest.o)
 .data          0x000000000000118e        0x0 contiki-z1.a(rtimer.o)
 .data          0x000000000000118e        0x0 contiki-z1.a(stimer.o)
 .data          0x000000000000118e        0x0 contiki-z1.a(random.o)
 .data          0x000000000000118e        0x8 contiki-z1.a(nbr-table.o)
 .data          0x0000000000001196        0x0 contiki-z1.a(packetbuf.o)
 .data          0x0000000000001196       0x18 contiki-z1.a(queuebuf.o)
 .data          0x00000000000011ae        0x0 contiki-z1.a(sicslowpan.o)
 .data          0x00000000000011ae        0xa contiki-z1.a(simple-udp.o)
                0x00000000000011ae                simple_udp_process
 .data          0x00000000000011b8        0xa contiki-z1.a(tcpip.o)
                0x00000000000011b8                tcpip_process
 .data          0x00000000000011c2       0x18 contiki-z1.a(uip-ds6-route.o)
 .data          0x00000000000011da        0xa contiki-z1.a(uip-ds6-nbr.o)
                0x00000000000011da                ds6_neighbors
 .data          0x00000000000011e4        0x0 contiki-z1.a(uip-ds6.o)
 .data          0x00000000000011e4        0x0 contiki-z1.a(uip-icmp6.o)
 .data          0x00000000000011e4        0x0 contiki-z1.a(uip-udp-packet.)
 .data          0x00000000000011e4        0x0 contiki-z1.a(uip6.o)
 .data          0x00000000000011e4        0x0 contiki-z1.a(contiki-z1-plat)
 .data          0x00000000000011e4        0x2 contiki-z1.a(msp430.o)
 .data          0x00000000000011e6        0x0 contiki-z1.a(leds.o)
 .data          0x00000000000011e6        0x0 contiki-z1.a(watchdog.o)
 .data          0x00000000000011e6        0x0 contiki-z1.a(xmem.o)
 .data          0x00000000000011e6        0x0 contiki-z1.a(spi.o)
 .data          0x00000000000011e6        0x0 contiki-z1.a(cc2420-arch.o)
 .data          0x00000000000011e6        0x0 contiki-z1.a(node-id.o)
 .data          0x00000000000011e6        0xa contiki-z1.a(sensors.o)
                0x00000000000011e6                sensors_process
 .data          0x00000000000011f0        0x0 contiki-z1.a(button-sensor.o)
 .data          0x00000000000011f0        0x0 contiki-z1.a(uart0.o)
 .data          0x00000000000011f0        0x0 contiki-z1.a(uart0-putchar.o)
 .data          0x00000000000011f0       0x20 contiki-z1.a(adxl345.o)
                0x00000000000011f0                accmeter_process
 .data          0x0000000000001210        0x0 contiki-z1.a(clock.o)
 .data          0x0000000000001210        0x0 contiki-z1.a(leds-arch.o)
 .data          0x0000000000001210        0x0 contiki-z1.a(rtimer-arch.o)
 .data          0x0000000000001210        0x0 contiki-z1.a(frame802154.o)
 .data          0x0000000000001210        0x0 contiki-z1.a(rpl.o)
 .data          0x0000000000001210        0x0 contiki-z1.a(rpl-ext-header.)
 .data          0x0000000000001210        0x0 contiki-z1.a(i2cmaster.o)
 .data          0x0000000000001210        0x0 /usr/local/msp430/lib/gcc/msp430/4.7.0/mcpu-430x/mmpy-16/libgcc.a(_mulsi3.o)
 .data          0x0000000000001210        0x0 /usr/local/msp430/lib/gcc/msp430/4.7.0/mcpu-430x/mmpy-16/libgcc.a(_udivmod16.o)
 .data          0x0000000000001210        0x0 /usr/local/msp430/lib/gcc/msp430/4.7.0/mcpu-430x/mmpy-16/libgcc.a(_divmod16.o)
 .data          0x0000000000001210        0x0 /usr/local/msp430/lib/gcc/msp430/4.7.0/mcpu-430x/mmpy-16/libgcc.a(_udivmod32.o)
 .data          0x0000000000001210        0x0 /usr/local/msp430/lib/gcc/msp430/4.7.0/../../../../msp430/lib/mcpu-430x/mmpy-16/libc.a(printf.o)
 .data          0x0000000000001210        0x0 /usr/local/msp430/lib/gcc/msp430/4.7.0/../../../../msp430/lib/mcpu-430x/mmpy-16/libc.a(vuprintf.o)
 .data          0x0000000000001210        0x0 /usr/local/msp430/lib/gcc/msp430/4.7.0/../../../../msp430/lib/mcpu-430x/mmpy-16/libc.a(puts.o)
 .data          0x0000000000001210        0x0 /usr/local/msp430/lib/gcc/msp430/4.7.0/../../../../msp430/lib/mcpu-430x/mmpy-16/libc.a(rand.o)
 .data.next     0x0000000000001210        0x4 /usr/local/msp430/lib/gcc/msp430/4.7.0/../../../../msp430/lib/mcpu-430x/mmpy-16/libc.a(rand.o)
 .data          0x0000000000001214        0x0 /usr/local/msp430/lib/gcc/msp430/4.7.0/../../../../msp430/lib/mcpu-430x/mmpy-16/libc.a(strncmp.o)
 .data          0x0000000000001214        0x0 /usr/local/msp430/lib/gcc/msp430/4.7.0/../../../../msp430/lib/mcpu-430x/mmpy-16/libc.a(memcmp.o)
 .data          0x0000000000001214        0x0 /usr/local/msp430/lib/gcc/msp430/4.7.0/../../../../msp430/lib/mcpu-430x/mmpy-16/libc.a(strcpy.o)
 .data          0x0000000000001214        0x0 /usr/local/msp430/lib/gcc/msp430/4.7.0/../../../../msp430/lib/mcpu-430x/mmpy-16/libc.a(memcpy.o)
 .data          0x0000000000001214        0x0 /usr/local/msp430/lib/gcc/msp430/4.7.0/../../../../msp430/lib/mcpu-430x/mmpy-16/libc.a(memmove.o)
 .data          0x0000000000001214        0x0 /usr/local/msp430/lib/gcc/msp430/4.7.0/../../../../msp430/lib/mcpu-430x/mmpy-16/libc.a(memset.o)
 .data          0x0000000000001214        0x0 /usr/local/msp430/lib/gcc/msp430/4.7.0/mcpu-430x/mmpy-16/libgcc.a(_udivmod64.o)
 .data          0x0000000000001214        0x0 /usr/local/msp430/lib/gcc/msp430/4.7.0/mcpu-430x/mmpy-16/libcrt0.a(_reset_vector__.o)
 .data          0x0000000000001214        0x0 /usr/local/msp430/lib/gcc/msp430/4.7.0/mcpu-430x/mmpy-16/libcrt0.a(__watchdog_support.o)
 .data          0x0000000000001214        0x0 /usr/local/msp430/lib/gcc/msp430/4.7.0/mcpu-430x/mmpy-16/libcrt0.a(__init_stack.o)
 .data          0x0000000000001214        0x0 /usr/local/msp430/lib/gcc/msp430/4.7.0/mcpu-430x/mmpy-16/libcrt0.a(__low_level_init.o)
 .data          0x0000000000001214        0x0 /usr/local/msp430/lib/gcc/msp430/4.7.0/mcpu-430x/mmpy-16/libcrt0.a(_copy_data.o)
 .data          0x0000000000001214        0x0 /usr/local/msp430/lib/gcc/msp430/4.7.0/mcpu-430x/mmpy-16/libcrt0.a(_clear_bss.o)
 .data          0x0000000000001214        0x0 /usr/local/msp430/lib/gcc/msp430/4.7.0/mcpu-430x/mmpy-16/libcrt0.a(__stop_progExec__.o)
 .data          0x0000000000001214        0x0 /usr/local/msp430/lib/gcc/msp430/4.7.0/mcpu-430x/mmpy-16/libcrt0.a(_endless_loop__.o)
 .data          0x0000000000001214        0x0 /usr/local/msp430/lib/gcc/msp430/4.7.0/mcpu-430x/mmpy-16/libcrt0.a(_unexpected_.o)
 *(.near.data .near.data.*)
                0x0000000000001214                . = ALIGN (0x2)
                0x0000000000001214                _edata = .
                0x000000000000da7a                __data_load_start = LOADADDR (.data)
                0x0000000000000114                __data_size = SIZEOF (.data)

.bss            0x0000000000001214     0x1eb6 load address 0x000000000000db8e
                0x0000000000001214                __bss_start = .
 *(.bss .bss.*)
 .bss           0x0000000000001214        0x0 /usr/local/msp430/lib/gcc/msp430/4.7.0/mcpu-430x/mmpy-16/crt0ivtbl32.o
 .bss           0x0000000000001214       0x36 app-collect-only.co
 .bss           0x000000000000124a       0x10 obj_z1/deployment.o
 .bss           0x000000000000125a       0x26 obj_z1/simple-energest.o
 .bss           0x0000000000001280        0xe obj_z1/rpl-log.o
 .bss           0x000000000000128e      0x388 obj_z1/phase.o
 .bss           0x0000000000001616       0xda obj_z1/contikimac.o
                0x0000000000001616                current_cycle_start_time
                0x000000000000161a                we_are_sending
                0x000000000000161b                contikimac_keep_radio_on
                0x000000000000161c                we_are_broadcasting
 .bss           0x00000000000016f0       0x8a obj_z1/csma.o
 .bss           0x000000000000177a      0x222 obj_z1/cc2420-softack.o
 .bss           0x000000000000199c        0x0 obj_z1/softack.o
 .bss           0x000000000000199c        0x4 obj_z1/contiki-z1-main.o
 .bss           0x00000000000019a0        0x0 contiki-z1.a(rimeaddr.o)
 .bss           0x00000000000019a0        0x0 contiki-z1.a(mac.o)
 .bss           0x00000000000019a0        0x2 contiki-z1.a(framer-802154.o)
 .bss           0x00000000000019a2      0x1e0 contiki-z1.a(rpl-dag.o)
 .bss           0x0000000000001b82        0x0 contiki-z1.a(rpl-icmp6.o)
 .bss           0x0000000000001b82       0x18 contiki-z1.a(rpl-timers.o)
 .bss           0x0000000000001b9a        0x0 contiki-z1.a(rpl-mrhof.o)
 .bss           0x0000000000001b9a       0x42 contiki-z1.a(process.o)
                0x0000000000001b9a                process_current
                0x0000000000001b9c                process_list
 .bss           0x0000000000001bdc        0x0 contiki-z1.a(autostart.o)
 .bss           0x0000000000001bdc        0x0 contiki-z1.a(memb.o)
 .bss           0x0000000000001bdc        0x0 contiki-z1.a(timer.o)
 .bss           0x0000000000001bdc        0x0 contiki-z1.a(list.o)
 .bss           0x0000000000001bdc        0x6 contiki-z1.a(etimer.o)
 .bss           0x0000000000001be2        0x4 contiki-z1.a(ctimer.o)
 .bss           0x0000000000001be6        0x0 contiki-z1.a(energest.o)
 .bss           0x0000000000001be6        0x2 contiki-z1.a(rtimer.o)
 .bss           0x0000000000001be8        0x0 contiki-z1.a(stimer.o)
 .bss           0x0000000000001be8        0x0 contiki-z1.a(random.o)
 .bss           0x0000000000001be8      0x284 contiki-z1.a(nbr-table.o)
 .bss           0x0000000000001e6c       0xba contiki-z1.a(packetbuf.o)
 .bss           0x0000000000001f26      0x3c6 contiki-z1.a(queuebuf.o)
 .bss           0x00000000000022ec       0xd2 contiki-z1.a(sicslowpan.o)
 .bss           0x00000000000023be       0xa1 contiki-z1.a(simple-udp.o)
 *fill*         0x000000000000245f        0x1 00
 .bss           0x0000000000002460        0xe contiki-z1.a(tcpip.o)
 .bss           0x000000000000246e      0x17c contiki-z1.a(uip-ds6-route.o)
 .bss           0x00000000000025ea      0x6c0 contiki-z1.a(uip-ds6-nbr.o)
 .bss           0x0000000000002caa       0x18 contiki-z1.a(uip-ds6.o)
 .bss           0x0000000000002cc2       0x10 contiki-z1.a(uip-icmp6.o)
 .bss           0x0000000000002cd2        0x0 contiki-z1.a(uip-udp-packet.)
 .bss           0x0000000000002cd2        0x8 contiki-z1.a(uip6.o)
                0x0000000000002cd2                uip_ext_opt_offset
                0x0000000000002cd3                uip_ext_len
                0x0000000000002cd4                uip_ext_bitmap
 .bss           0x0000000000002cda        0x0 contiki-z1.a(contiki-z1-plat)
 .bss           0x0000000000002cda        0x0 contiki-z1.a(msp430.o)
 .bss           0x0000000000002cda        0x2 contiki-z1.a(leds.o)
 .bss           0x0000000000002cdc        0x2 contiki-z1.a(watchdog.o)
 .bss           0x0000000000002cde        0x0 contiki-z1.a(xmem.o)
 .bss           0x0000000000002cde        0x1 contiki-z1.a(spi.o)
                0x0000000000002cde                spi_busy
 .bss           0x0000000000002cdf        0x0 contiki-z1.a(cc2420-arch.o)
 *fill*         0x0000000000002cdf        0x1 00
 .bss           0x0000000000002ce0        0x2 contiki-z1.a(node-id.o)
                0x0000000000002ce0                node_id
 .bss           0x0000000000002ce2        0x6 contiki-z1.a(sensors.o)
 .bss           0x0000000000002ce8        0x8 contiki-z1.a(button-sensor.o)
 .bss           0x0000000000002cf0        0x4 contiki-z1.a(uart0.o)
 .bss           0x0000000000002cf4        0x0 contiki-z1.a(uart0-putchar.o)
 .bss           0x0000000000002cf4       0x16 contiki-z1.a(adxl345.o)
 .bss           0x0000000000002d0a        0x6 contiki-z1.a(clock.o)
 .bss           0x0000000000002d10        0x0 contiki-z1.a(leds-arch.o)
 .bss           0x0000000000002d10        0x8 contiki-z1.a(rtimer-arch.o)
 .bss           0x0000000000002d18        0x0 contiki-z1.a(frame802154.o)
 .bss           0x0000000000002d18        0x0 contiki-z1.a(rpl.o)
 .bss           0x0000000000002d18        0x0 contiki-z1.a(rpl-ext-header.)
 .bss           0x0000000000002d18        0x2 contiki-z1.a(i2cmaster.o)
 .bss           0x0000000000002d1a        0x0 /usr/local/msp430/lib/gcc/msp430/4.7.0/mcpu-430x/mmpy-16/libgcc.a(_mulsi3.o)
 .bss           0x0000000000002d1a        0x0 /usr/local/msp430/lib/gcc/msp430/4.7.0/mcpu-430x/mmpy-16/libgcc.a(_udivmod16.o)
 .bss           0x0000000000002d1a        0x0 /usr/local/msp430/lib/gcc/msp430/4.7.0/mcpu-430x/mmpy-16/libgcc.a(_divmod16.o)
 .bss           0x0000000000002d1a        0x0 /usr/local/msp430/lib/gcc/msp430/4.7.0/mcpu-430x/mmpy-16/libgcc.a(_udivmod32.o)
 .bss           0x0000000000002d1a        0x0 /usr/local/msp430/lib/gcc/msp430/4.7.0/../../../../msp430/lib/mcpu-430x/mmpy-16/libc.a(printf.o)
 .bss           0x0000000000002d1a        0x0 /usr/local/msp430/lib/gcc/msp430/4.7.0/../../../../msp430/lib/mcpu-430x/mmpy-16/libc.a(vuprintf.o)
 .bss           0x0000000000002d1a        0x0 /usr/local/msp430/lib/gcc/msp430/4.7.0/../../../../msp430/lib/mcpu-430x/mmpy-16/libc.a(puts.o)
 .bss           0x0000000000002d1a        0x0 /usr/local/msp430/lib/gcc/msp430/4.7.0/../../../../msp430/lib/mcpu-430x/mmpy-16/libc.a(rand.o)
 .bss           0x0000000000002d1a        0x0 /usr/local/msp430/lib/gcc/msp430/4.7.0/../../../../msp430/lib/mcpu-430x/mmpy-16/libc.a(strncmp.o)
 .bss           0x0000000000002d1a        0x0 /usr/local/msp430/lib/gcc/msp430/4.7.0/../../../../msp430/lib/mcpu-430x/mmpy-16/libc.a(memcmp.o)
 .bss           0x0000000000002d1a        0x0 /usr/local/msp430/lib/gcc/msp430/4.7.0/../../../../msp430/lib/mcpu-430x/mmpy-16/libc.a(strcpy.o)
 .bss           0x0000000000002d1a        0x0 /usr/local/msp430/lib/gcc/msp430/4.7.0/../../../../msp430/lib/mcpu-430x/mmpy-16/libc.a(memcpy.o)
 .bss           0x0000000000002d1a        0x0 /usr/local/msp430/lib/gcc/msp430/4.7.0/../../../../msp430/lib/mcpu-430x/mmpy-16/libc.a(memmove.o)
 .bss           0x0000000000002d1a        0x0 /usr/local/msp430/lib/gcc/msp430/4.7.0/../../../../msp430/lib/mcpu-430x/mmpy-16/libc.a(memset.o)
 .bss           0x0000000000002d1a        0x0 /usr/local/msp430/lib/gcc/msp430/4.7.0/mcpu-430x/mmpy-16/libgcc.a(_udivmod64.o)
 .bss           0x0000000000002d1a        0x0 /usr/local/msp430/lib/gcc/msp430/4.7.0/mcpu-430x/mmpy-16/libcrt0.a(_reset_vector__.o)
 .bss           0x0000000000002d1a        0x0 /usr/local/msp430/lib/gcc/msp430/4.7.0/mcpu-430x/mmpy-16/libcrt0.a(__watchdog_support.o)
 .bss           0x0000000000002d1a        0x0 /usr/local/msp430/lib/gcc/msp430/4.7.0/mcpu-430x/mmpy-16/libcrt0.a(__init_stack.o)
 .bss           0x0000000000002d1a        0x0 /usr/local/msp430/lib/gcc/msp430/4.7.0/mcpu-430x/mmpy-16/libcrt0.a(__low_level_init.o)
 .bss           0x0000000000002d1a        0x0 /usr/local/msp430/lib/gcc/msp430/4.7.0/mcpu-430x/mmpy-16/libcrt0.a(_copy_data.o)
 .bss           0x0000000000002d1a        0x0 /usr/local/msp430/lib/gcc/msp430/4.7.0/mcpu-430x/mmpy-16/libcrt0.a(_clear_bss.o)
 .bss           0x0000000000002d1a        0x0 /usr/local/msp430/lib/gcc/msp430/4.7.0/mcpu-430x/mmpy-16/libcrt0.a(__stop_progExec__.o)
 .bss           0x0000000000002d1a        0x0 /usr/local/msp430/lib/gcc/msp430/4.7.0/mcpu-430x/mmpy-16/libcrt0.a(_endless_loop__.o)
 .bss           0x0000000000002d1a        0x0 /usr/local/msp430/lib/gcc/msp430/4.7.0/mcpu-430x/mmpy-16/libcrt0.a(_unexpected_.o)
 *(.near.bss .near.bss.*)
 *(COMMON)
 COMMON         0x0000000000002d1a        0x2 obj_z1/phase.o
                0x0000000000002d1a                cooja_debug_ptr
 COMMON         0x0000000000002d1c       0x1c obj_z1/cc2420-softack.o
                0x0000000000002d1c                cc2420_last_rssi
                0x0000000000002d1e                cc2420_packets_read
                0x0000000000002d20                cc2420_packets_seen
                0x0000000000002d22                current_is_acked
                0x0000000000002d24                cc2420_sfd_start_time
                0x0000000000002d26                cc2420_time_of_departure
                0x0000000000002d2a                cc2420_time_of_arrival
                0x0000000000002d2e                cc2420_last_correlation
                0x0000000000002d30                cc2420_authority_level_of_sender
                0x0000000000002d32                cc2420_sfd_counter
                0x0000000000002d34                need_flush
                0x0000000000002d36                cc2420_sfd_end_time
 COMMON         0x0000000000002d38        0x4 obj_z1/softack.o
                0x0000000000002d38                phaselock_target
 COMMON         0x0000000000002d3c        0x2 obj_z1/contiki-z1-main.o
                0x0000000000002d3c                sensors_flags
 COMMON         0x0000000000002d3e        0x8 contiki-z1.a(rimeaddr.o)
                0x0000000000002d3e                rimeaddr_node_addr
 COMMON         0x0000000000002d46       0x86 contiki-z1.a(rpl-dag.o)
                0x0000000000002d46                default_instance
                0x0000000000002d48                instance_table
 COMMON         0x0000000000002dcc        0x1 contiki-z1.a(process.o)
                0x0000000000002dcc                process_maxevents
 *fill*         0x0000000000002dcd        0x1 00
 COMMON         0x0000000000002dce       0x6e contiki-z1.a(energest.o)
                0x0000000000002dce                energest_total_time
                0x0000000000002dfe                energest_total_count
                0x0000000000002e00                energest_current_mode
                0x0000000000002e0c                energest_current_time
 COMMON         0x0000000000002e3c       0x50 contiki-z1.a(packetbuf.o)
                0x0000000000002e3c                packetbuf_addrs
                0x0000000000002e5c                packetbuf_attrs
 COMMON         0x0000000000002e8c        0x8 contiki-z1.a(sicslowpan.o)
                0x0000000000002e8c                frag_sender
 COMMON         0x0000000000002e94        0x1 contiki-z1.a(tcpip.o)
                0x0000000000002e94                tcpip_event
 *fill*         0x0000000000002e95        0x1 00
 COMMON         0x0000000000002e96      0x12c contiki-z1.a(uip-ds6.o)
                0x0000000000002e96                uip_ds6_timer_ra
                0x0000000000002e9e                uip_ds6_if
                0x0000000000002f5a                uip_ds6_netif_addr_list_offset
                0x0000000000002f5b                uip_ds6_addr_size
                0x0000000000002f5c                uip_ds6_prefix_list
                0x0000000000002fb6                uip_ds6_timer_periodic
 COMMON         0x0000000000002fc2       0xec contiki-z1.a(uip6.o)
                0x0000000000002fc2                uip_len
                0x0000000000002fc4                uip_sappdata
                0x0000000000002fc6                uip_lladdr
                0x0000000000002fce                uip_aligned_buf
                0x000000000000306e                uip_flags
                0x0000000000003070                uip_next_hdr
                0x0000000000003072                uip_udp_conn
                0x0000000000003074                uip_appdata
                0x0000000000003076                uip_conn
                0x0000000000003078                uip_slen
                0x000000000000307a                uip_udp_conns
 COMMON         0x00000000000030ae        0x1 contiki-z1.a(sensors.o)
                0x00000000000030ae                sensors_event
 *fill*         0x00000000000030af        0x1 00
 COMMON         0x00000000000030b0        0x7 contiki-z1.a(adxl345.o)
                0x00000000000030b0                accm_int2_cb
                0x00000000000030b2                int2_event
                0x00000000000030b4                accm_int1_cb
                0x00000000000030b6                int1_event
 *fill*         0x00000000000030b7        0x1 00
 COMMON         0x00000000000030b8        0x4 contiki-z1.a(clock.o)
                0x00000000000030b8                seconds
 COMMON         0x00000000000030bc        0xe contiki-z1.a(i2cmaster.o)
                0x00000000000030bc                transmit_data1
                0x00000000000030bd                rx_byte_ctr
                0x00000000000030be                tx_buf_ptr
                0x00000000000030c0                tx_byte_ctr
                0x00000000000030c2                i
                0x00000000000030c4                receive_data
                0x00000000000030c5                rx_buf
                0x00000000000030c7                transmit_data2
                0x00000000000030c8                rx_buf_ptr
                0x00000000000030ca                . = ALIGN (0x2)
                0x00000000000030ca                __bss_end = .
                0x0000000000001eb6                __bss_size = SIZEOF (.bss)

.noinit         0x00000000000030ca        0x2 load address 0x000000000000db8e
                0x00000000000030ca                . = ALIGN (0x2)
                0x00000000000030ca                __noinit_start = .
 *(.noinit .noinit.*)
 .noinit.crt0   0x00000000000030ca        0x2 /usr/local/msp430/lib/gcc/msp430/4.7.0/mcpu-430x/mmpy-16/libcrt0.a(__watchdog_support.o)
                0x00000000000030ca                __wdt_clear_value
                0x00000000000030cc                . = ALIGN (0x2)
                0x00000000000030cc                __noinit_end = .
                0x00000000000030cc                . = ALIGN (0x2)
                0x00000000000030cc                _end = .

.infomem        0x0000000000001000        0x0
                0x0000000000001000                . = ALIGN (0x2)
 *(.infomem .infomem.*)

.infomemnobits  0x0000000000001000        0x0
                0x0000000000001000                . = ALIGN (0x2)
 *(.infomemnobits .infomemnobits.*)

.infoa          0x00000000000010c0        0x0
                0x00000000000010c0                . = ALIGN (0x2)
 *(.infoa .infoa.*)

.infob          0x0000000000001080        0x0
                0x0000000000001080                . = ALIGN (0x2)
 *(.infob .infob.*)

.infoc          0x0000000000001040        0x0
                0x0000000000001040                . = ALIGN (0x2)
 *(.infoc .infoc.*)

.infod          0x0000000000001000        0x0
                0x0000000000001000                . = ALIGN (0x2)
 *(.infod .infod.*)
                0x000000000000ffff                PROVIDE (__vte_0, 0xffff)
                0x000000000000ffff                PROVIDE (__vte_1, 0xffff)
                0x000000000000ffff                PROVIDE (__vte_2, 0xffff)
                0x000000000000ffff                PROVIDE (__vte_3, 0xffff)
                0x000000000000ffff                PROVIDE (__vte_4, 0xffff)
                0x000000000000ffff                PROVIDE (__vte_5, 0xffff)
                0x000000000000ffff                PROVIDE (__vte_6, 0xffff)
                0x000000000000ffff                PROVIDE (__vte_7, 0xffff)
                0x000000000000ffff                PROVIDE (__vte_8, 0xffff)
                0x000000000000ffff                PROVIDE (__vte_9, 0xffff)
                0x000000000000ffff                PROVIDE (__vte_10, 0xffff)
                0x000000000000ffff                PROVIDE (__vte_11, 0xffff)
                0x000000000000ffff                PROVIDE (__vte_12, 0xffff)
                0x000000000000ffff                PROVIDE (__vte_13, 0xffff)
                0x000000000000ffff                PROVIDE (__vte_14, 0xffff)
                0x000000000000ffff                PROVIDE (__vte_15, 0xffff)
                0x000000000000ffff                PROVIDE (__vte_16, 0xffff)
                0x000000000000ffff                PROVIDE (__vte_17, 0xffff)
                0x000000000000ffff                PROVIDE (__vte_18, 0xffff)
                0x000000000000ffff                PROVIDE (__vte_19, 0xffff)
                0x000000000000ffff                PROVIDE (__vte_20, 0xffff)
                0x000000000000ffff                PROVIDE (__vte_21, 0xffff)
                0x000000000000ffff                PROVIDE (__vte_22, 0xffff)
                0x000000000000ffff                PROVIDE (__vte_23, 0xffff)
                0x000000000000ffff                PROVIDE (__vte_24, 0xffff)
                0x000000000000ffff                PROVIDE (__vte_25, 0xffff)
                0x000000000000ffff                PROVIDE (__vte_26, 0xffff)
                0x000000000000ffff                PROVIDE (__vte_27, 0xffff)
                0x000000000000ffff                PROVIDE (__vte_28, 0xffff)
                0x000000000000ffff                PROVIDE (__vte_29, 0xffff)
                0x000000000000ffff                PROVIDE (__vte_30, 0xffff)
                0x000000000000ffff                PROVIDE (__vte_31, 0xffff)

.vectors        0x000000000000ffc0       0x40
                0x000000000000ffc0                __vectors_start = .
 *(.vectors*)
 .vectors       0x000000000000ffc0       0x40 /usr/local/msp430/lib/gcc/msp430/4.7.0/mcpu-430x/mmpy-16/crt0ivtbl32.o
                0x000000000000ffc0                __ivtbl_32
                0x0000000000010000                _vectors_end = .

.fartext        0x0000000000010000        0x0
                0x0000000000010000                . = ALIGN (0x2)
 *(.fartext .fartext.*)

.far.text       0x0000000000010000        0x0
                0x0000000000010000                . = ALIGN (0x2)
 *(.far.text .far.text.*)

.far.rodata     0x0000000000010000        0x0
                0x0000000000010000                . = ALIGN (0x2)
 *(.far.rodata .far.rodata.*)
                0x0000000000010000                . = ALIGN (0x2)
                0x0000000000010000                _efartext = .

.far.data       0x0000000000000000        0x0 load address 0x0000000000010000
                0x0000000000000000                . = ALIGN (0x2)
                0x0000000000000000                __far_data_start = .
 *(.far.data .far.data.*)
                0x0000000000000000                . = ALIGN (0x2)
                0x0000000000000000                _efardata = .
                0x0000000000010000                __far_data_load_start = LOADADDR (.far.data)
                0x0000000000000000                __far_data_size = SIZEOF (.far.data)

.far.bss        0x0000000000000000        0x0 load address 0x0000000000010000
                0x0000000000000000                . = ALIGN (0x2)
                0x0000000000000000                __far_bss_start = .
 *(.far.bss .far.bss.*)
                0x0000000000000000                . = ALIGN (0x2)
                0x0000000000000000                __far_bss_end = .
                0x0000000000000000                __far_bss_size = SIZEOF (.far.bss)
                0x0000000000000000                . = ALIGN (0x2)
                0x0000000000000000                _far_end = .

.profiler
 *(.profiler)

.stab
 *(.stab)

.stabstr
 *(.stabstr)

.stab.excl
 *(.stab.excl)

.stab.exclstr
 *(.stab.exclstr)

.stab.index
 *(.stab.index)

.stab.indexstr
 *(.stab.indexstr)

.comment        0x0000000000000000       0x30
 *(.comment)
 .comment       0x0000000000000000       0x30 app-collect-only.co
                                         0x31 (size before relaxing)
 .comment       0x0000000000000000       0x31 obj_z1/deployment.o
 .comment       0x0000000000000000       0x31 obj_z1/simple-energest.o
 .comment       0x0000000000000000       0x31 obj_z1/rpl-log.o
 .comment       0x0000000000000000       0x31 obj_z1/phase.o
 .comment       0x0000000000000000       0x31 obj_z1/contikimac.o
 .comment       0x0000000000000000       0x31 obj_z1/csma.o
 .comment       0x0000000000000000       0x31 obj_z1/cc2420-softack.o
 .comment       0x0000000000000000       0x31 obj_z1/softack.o
 .comment       0x0000000000000000       0x31 obj_z1/contiki-z1-main.o
 .comment       0x0000000000000000       0x31 contiki-z1.a(rimeaddr.o)
 .comment       0x0000000000000000       0x31 contiki-z1.a(mac.o)
 .comment       0x0000000000000000       0x31 contiki-z1.a(framer-802154.o)
 .comment       0x0000000000000000       0x31 contiki-z1.a(rpl-dag.o)
 .comment       0x0000000000000000       0x31 contiki-z1.a(rpl-icmp6.o)
 .comment       0x0000000000000000       0x31 contiki-z1.a(rpl-timers.o)
 .comment       0x0000000000000000       0x31 contiki-z1.a(rpl-mrhof.o)
 .comment       0x0000000000000000       0x31 contiki-z1.a(process.o)
 .comment       0x0000000000000000       0x31 contiki-z1.a(autostart.o)
 .comment       0x0000000000000000       0x31 contiki-z1.a(memb.o)
 .comment       0x0000000000000000       0x31 contiki-z1.a(timer.o)
 .comment       0x0000000000000000       0x31 contiki-z1.a(list.o)
 .comment       0x0000000000000000       0x31 contiki-z1.a(etimer.o)
 .comment       0x0000000000000000       0x31 contiki-z1.a(ctimer.o)
 .comment       0x0000000000000000       0x31 contiki-z1.a(energest.o)
 .comment       0x0000000000000000       0x31 contiki-z1.a(rtimer.o)
 .comment       0x0000000000000000       0x31 contiki-z1.a(stimer.o)
 .comment       0x0000000000000000       0x31 contiki-z1.a(random.o)
 .comment       0x0000000000000000       0x31 contiki-z1.a(nbr-table.o)
 .comment       0x0000000000000000       0x31 contiki-z1.a(packetbuf.o)
 .comment       0x0000000000000000       0x31 contiki-z1.a(queuebuf.o)
 .comment       0x0000000000000000       0x31 contiki-z1.a(sicslowpan.o)
 .comment       0x0000000000000000       0x31 contiki-z1.a(simple-udp.o)
 .comment       0x0000000000000000       0x31 contiki-z1.a(tcpip.o)
 .comment       0x0000000000000000       0x31 contiki-z1.a(uip-ds6-route.o)
 .comment       0x0000000000000000       0x31 contiki-z1.a(uip-ds6-nbr.o)
 .comment       0x0000000000000000       0x31 contiki-z1.a(uip-ds6.o)
 .comment       0x0000000000000000       0x31 contiki-z1.a(uip-icmp6.o)
 .comment       0x0000000000000000       0x31 contiki-z1.a(uip-udp-packet.)
 .comment       0x0000000000000000       0x31 contiki-z1.a(uip6.o)
 .comment       0x0000000000000000       0x31 contiki-z1.a(contiki-z1-plat)
 .comment       0x0000000000000000       0x31 contiki-z1.a(msp430.o)
 .comment       0x0000000000000000       0x31 contiki-z1.a(leds.o)
 .comment       0x0000000000000000       0x31 contiki-z1.a(watchdog.o)
 .comment       0x0000000000000000       0x31 contiki-z1.a(xmem.o)
 .comment       0x0000000000000000       0x31 contiki-z1.a(spi.o)
 .comment       0x0000000000000000       0x31 contiki-z1.a(cc2420-arch.o)
 .comment       0x0000000000000000       0x31 contiki-z1.a(node-id.o)