Archive member included because of file (symbol)

contiki-z1.a(rimeaddr.o)      obj_z1/contikimac.o (rimeaddr_copy)
contiki-z1.a(mac.o)           obj_z1/contikimac.o (mac_call_sent_callback)
contiki-z1.a(framer-802154.o)
                              obj_z1/contikimac.o (framer_802154)
contiki-z1.a(rpl-dag.o)       obj_z1/deployment.o (rpl_set_prefix)
contiki-z1.a(rpl-icmp6.o)     contiki-z1.a(rpl-dag.o) (dao_output)
contiki-z1.a(rpl-timers.o)    contiki-z1.a(rpl-dag.o) (rpl_reset_dio_timer)
contiki-z1.a(rpl-mrhof.o)     contiki-z1.a(rpl-dag.o) (rpl_mrhof)
contiki-z1.a(process.o)       obj_z1/contiki-z1-main.o (process_init)
contiki-z1.a(autostart.o)     obj_z1/contiki-z1-main.o (autostart_start)
contiki-z1.a(memb.o)          obj_z1/phase.o (memb_init)
contiki-z1.a(timer.o)         obj_z1/phase.o (timer_set)
contiki-z1.a(list.o)          obj_z1/csma.o (list_init)
contiki-z1.a(etimer.o)        obj_z1/contiki-z1-main.o (etimer_process)
contiki-z1.a(ctimer.o)        obj_z1/contiki-z1-main.o (ctimer_init)
contiki-z1.a(energest.o)      obj_z1/contiki-z1-main.o (energest_init)
contiki-z1.a(rtimer.o)        obj_z1/contiki-z1-main.o (rtimer_init)
contiki-z1.a(stimer.o)        contiki-z1.a(rpl-icmp6.o) (stimer_set)
contiki-z1.a(random.o)        app-collect-only.co (random_rand)
contiki-z1.a(nbr-table.o)     obj_z1/phase.o (nbr_table_register)
contiki-z1.a(packetbuf.o)     obj_z1/contikimac.o (packetbuf_hdr_remove)
contiki-z1.a(queuebuf.o)      obj_z1/contiki-z1-main.o (queuebuf_init)
contiki-z1.a(sicslowpan.o)    obj_z1/csma.o (sicslowpan_driver)
contiki-z1.a(simple-udp.o)    app-collect-only.co (simple_udp_sendto)
contiki-z1.a(tcpip.o)         contiki-z1.a(sicslowpan.o) (tcpip_set_outputfunc)
contiki-z1.a(uip-ds6-route.o)
                              contiki-z1.a(rpl-icmp6.o) (uip_ds6_route_nexthop)
contiki-z1.a(uip-ds6-nbr.o)   contiki-z1.a(rpl-icmp6.o) (uip_ds6_nbr_add)
contiki-z1.a(uip-ds6.o)       contiki-z1.a(tcpip.o) (uip_ds6_is_addr_onlink)
contiki-z1.a(uip-icmp6.o)     contiki-z1.a(rpl-icmp6.o) (uip_icmp6_send)
contiki-z1.a(uip-udp-packet.)
                              contiki-z1.a(simple-udp.o) (uip_udp_packet_sendto)
contiki-z1.a(uip6.o)          contiki-z1.a(rpl-icmp6.o) (uip_ext_len)
contiki-z1.a(contiki-z1-plat)
                              obj_z1/contiki-z1-main.o (init_platform)
contiki-z1.a(msp430.o)        obj_z1/contiki-z1-main.o (msp430_cpu_init)
contiki-z1.a(leds.o)          obj_z1/contiki-z1-main.o (leds_init)
contiki-z1.a(watchdog.o)      obj_z1/contiki-z1-main.o (watchdog_start)
contiki-z1.a(xmem.o)          obj_z1/contiki-z1-main.o (xmem_init)
contiki-z1.a(spi.o)           contiki-z1.a(xmem.o) (spi_init)
contiki-z1.a(cc2420-arch.o)   obj_z1/cc2420-softack.o (cc2420_arch_init)
contiki-z1.a(node-id.o)       obj_z1/contiki-z1-main.o (node_id_restore)
contiki-z1.a(sensors.o)       contiki-z1.a(contiki-z1-plat) (sensors_process)
contiki-z1.a(button-sensor.o)
                              obj_z1/contiki-z1-main.o (button_sensor)
contiki-z1.a(uart0.o)         obj_z1/contiki-z1-main.o (uart0_active)
contiki-z1.a(uart0-putchar.o)
                              obj_z1/contiki-z1-main.o (putchar)
contiki-z1.a(adxl345.o)       obj_z1/contiki-z1-main.o (accm_init)
contiki-z1.a(clock.o)         contiki-z1.a(timer.o) (clock_time)
contiki-z1.a(leds-arch.o)     contiki-z1.a(leds.o) (leds_arch_init)
contiki-z1.a(rtimer-arch.o)   contiki-z1.a(rtimer.o) (rtimer_arch_init)
contiki-z1.a(frame802154.o)   contiki-z1.a(framer-802154.o) (frame802154_hdrlen)
contiki-z1.a(rpl.o)           contiki-z1.a(rpl-timers.o) (rpl_purge_routes)
contiki-z1.a(rpl-ext-header.)
                              contiki-z1.a(uip6.o) (rpl_verify_header)
contiki-z1.a(i2cmaster.o)     contiki-z1.a(adxl345.o) (i2c_receiveinit)
/usr/lib/gcc/msp430/4.6.3/mcpu-430x/mmpy-16/libgcc.a(_mulsi3.o)
                              obj_z1/contikimac.o (__mulsi3)
/usr/lib/gcc/msp430/4.6.3/mcpu-430x/mmpy-16/libgcc.a(_udivmod16.o)
                              contiki-z1.a(rpl-dag.o) (__udivhi3)
/usr/lib/gcc/msp430/4.6.3/mcpu-430x/mmpy-16/libgcc.a(_divmod16.o)
                              contiki-z1.a(nbr-table.o) (__divhi3)
/usr/lib/gcc/msp430/4.6.3/mcpu-430x/mmpy-16/libgcc.a(_udivmod32.o)
                              obj_z1/simple-energest.o (__udivsi3)
/usr/lib/gcc/msp430/4.6.3/../../../../msp430/lib/mcpu-430x/mmpy-16/libc.a(strncmp.o)
                              contiki-z1.a(sensors.o) (strncmp)
/usr/lib/gcc/msp430/4.6.3/../../../../msp430/lib/mcpu-430x/mmpy-16/libc.a(memcmp.o)
                              contiki-z1.a(rimeaddr.o) (memcmp)
/usr/lib/gcc/msp430/4.6.3/../../../../msp430/lib/mcpu-430x/mmpy-16/libc.a(strcpy.o)
                              obj_z1/softack.o (strcpy)
/usr/lib/gcc/msp430/4.6.3/../../../../msp430/lib/mcpu-430x/mmpy-16/libc.a(memcpy.o)
                              obj_z1/deployment.o (memcpy)
/usr/lib/gcc/msp430/4.6.3/../../../../msp430/lib/mcpu-430x/mmpy-16/libc.a(memmove.o)
[...]
Memory Configuration

Name             Origin             Length             Attributes
sfr              0x0000000000000000 0x0000000000000010
peripheral_8bit  0x0000000000000010 0x00000000000000f0
peripheral_16bit 0x0000000000000100 0x0000000000000100
ram_mirror       0x0000000000000200 0x0000000000000800 xw
infomem          0x0000000000001000 0x0000000000000100
infod            0x0000000000001000 0x0000000000000040
infoc            0x0000000000001040 0x0000000000000040
infob            0x0000000000001080 0x0000000000000040
infoa            0x00000000000010c0 0x0000000000000040
ram              0x0000000000001100 0x0000000000002000 xw
rom              0x0000000000003100 0x000000000000cebe xr
vectors          0x000000000000ffc0 0x0000000000000040
far_rom          0x0000000000010000 0x000000000000a000
bsl              0x0000000000000000 0x0000000000000000
ram2             0x0000000000000000 0x0000000000000000 xw
usbram           0x0000000000000000 0x0000000000000000 xw
*default*        0x0000000000000000 0xffffffffffffffff

Linker script and memory map

LOAD /usr/lib/gcc/msp430/4.6.3/mcpu-430x/mmpy-16/crt0ivtbl32.o
                0x0000000000000041                __P1SEL2 = 0x41
                0x0000000000000045                __P5SEL2 = 0x45
LOAD app-collect-only.co
LOAD obj_z1/deployment.o
LOAD obj_z1/simple-energest.o
LOAD obj_z1/rpl-log.o
LOAD obj_z1/phase.o
LOAD obj_z1/contikimac.o
LOAD obj_z1/csma.o
LOAD obj_z1/cc2420-softack.o
LOAD obj_z1/softack.o
LOAD obj_z1/contiki-z1-main.o
LOAD contiki-z1.a
LOAD /usr/lib/gcc/msp430/4.6.3/mcpu-430x/mmpy-16/libgcc.a
LOAD /usr/lib/gcc/msp430/4.6.3/../../../../msp430/lib/mcpu-430x/mmpy-16/libc.a
LOAD /usr/lib/gcc/msp430/4.6.3/mcpu-430x/mmpy-16/libgcc.a
LOAD /usr/lib/gcc/msp430/4.6.3/mcpu-430x/mmpy-16/libcrt0.a
                0x0000000000000040                PROVIDE (__info_segment_size, 0x40)
                0x0000000000001000                PROVIDE (__infod, 0x1000)
                0x0000000000001040                PROVIDE (__infoc, 0x1040)
                0x0000000000001080                PROVIDE (__infob, 0x1080)
                0x00000000000010c0                PROVIDE (__infoa, 0x10c0)
                0x0000000000000000                __IE1 = 0x0
                0x0000000000000002                __IFG1 = 0x2
                0x0000000000000001                __IE2 = 0x1
                0x0000000000000003                __IFG2 = 0x3
                0x0000000000000006                __UC1IE = 0x6
                0x0000000000000007                __UC1IFG = 0x7
                0x00000000000001a0                __ADC12CTL0 = 0x1a0
                0x00000000000001a2                __ADC12CTL1 = 0x1a2
                0x00000000000001a4                __ADC12IFG = 0x1a4
                0x00000000000001a6                __ADC12IE = 0x1a6
                0x00000000000001a8                __ADC12IV = 0x1a8
                0x0000000000000140                __ADC12MEM0 = 0x140
                0x0000000000000142                __ADC12MEM1 = 0x142
                0x0000000000000144                __ADC12MEM2 = 0x144
                0x0000000000000146                __ADC12MEM3 = 0x146
                0x0000000000000148                __ADC12MEM4 = 0x148
                0x000000000000014a                __ADC12MEM5 = 0x14a
                0x000000000000014c                __ADC12MEM6 = 0x14c
                0x000000000000014e                __ADC12MEM7 = 0x14e
                0x0000000000000150                __ADC12MEM8 = 0x150
                0x0000000000000152                __ADC12MEM9 = 0x152
                0x0000000000000154                __ADC12MEM10 = 0x154
                0x0000000000000156                __ADC12MEM11 = 0x156
                0x0000000000000158                __ADC12MEM12 = 0x158
                0x000000000000015a                __ADC12MEM13 = 0x15a
                0x000000000000015c                __ADC12MEM14 = 0x15c
                0x000000000000015e                __ADC12MEM15 = 0x15e
                0x0000000000000080                __ADC12MCTL0 = 0x80
                0x0000000000000081                __ADC12MCTL1 = 0x81
                0x0000000000000082                __ADC12MCTL2 = 0x82
                0x0000000000000083                __ADC12MCTL3 = 0x83
                0x0000000000000084                __ADC12MCTL4 = 0x84
                0x0000000000000085                __ADC12MCTL5 = 0x85
                0x0000000000000086                __ADC12MCTL6 = 0x86
                0x0000000000000087                __ADC12MCTL7 = 0x87
                0x0000000000000088                __ADC12MCTL8 = 0x88
                0x0000000000000089                __ADC12MCTL9 = 0x89
                0x000000000000008a                __ADC12MCTL10 = 0x8a
                0x000000000000008b                __ADC12MCTL11 = 0x8b
                0x000000000000008c                __ADC12MCTL12 = 0x8c
                0x000000000000008d                __ADC12MCTL13 = 0x8d
                0x000000000000008e                __ADC12MCTL14 = 0x8e
                0x000000000000008f                __ADC12MCTL15 = 0x8f
                0x0000000000000056                __DCOCTL = 0x56
                0x0000000000000057                __BCSCTL1 = 0x57
                0x0000000000000058                __BCSCTL2 = 0x58
                0x0000000000000053                __BCSCTL3 = 0x53
                0x0000000000000059                __CACTL1 = 0x59
                0x000000000000005a                __CACTL2 = 0x5a
                0x000000000000005b                __CAPD = 0x5b
                0x00000000000001c0                __DAC12_0CTL = 0x1c0
                0x00000000000001c2                __DAC12_1CTL = 0x1c2
                0x00000000000001c8                __DAC12_0DAT = 0x1c8
                0x00000000000001ca                __DAC12_1DAT = 0x1ca
                0x0000000000000122                __DMACTL0 = 0x122
                0x0000000000000124                __DMACTL1 = 0x124
                0x0000000000000126                __DMAIV = 0x126
                0x00000000000001d0                __DMA0CTL = 0x1d0
                0x00000000000001dc                __DMA1CTL = 0x1dc
                0x00000000000001e8                __DMA2CTL = 0x1e8
                0x00000000000001d2                __DMA0SA = 0x1d2
                0x00000000000001d2                __DMA0SAL = 0x1d2
                0x00000000000001d6                __DMA0DA = 0x1d6
                0x00000000000001d6                __DMA0DAL = 0x1d6
                0x00000000000001da                __DMA0SZ = 0x1da
                0x00000000000001de                __DMA1SA = 0x1de
                0x00000000000001de                __DMA1SAL = 0x1de
                0x00000000000001e2                __DMA1DA = 0x1e2
                0x00000000000001e2                __DMA1DAL = 0x1e2
                0x00000000000001e6                __DMA1SZ = 0x1e6
                0x00000000000001ea                __DMA2SA = 0x1ea
                0x00000000000001ea                __DMA2SAL = 0x1ea
                0x00000000000001ee                __DMA2DA = 0x1ee
                0x00000000000001ee                __DMA2DAL = 0x1ee
                0x00000000000001f2                __DMA2SZ = 0x1f2
                0x0000000000000128                __FCTL1 = 0x128
                0x000000000000012a                __FCTL2 = 0x12a
                0x000000000000012c                __FCTL3 = 0x12c
                0x00000000000001be                __FCTL4 = 0x1be
                0x0000000000000130                __MPY = 0x130
                0x0000000000000132                __MPYS = 0x132
                0x0000000000000134                __MAC = 0x134
                0x0000000000000136                __MACS = 0x136
                0x0000000000000138                __OP2 = 0x138
                0x000000000000013a                __RESLO = 0x13a
                0x000000000000013c                __RESHI = 0x13c
                0x000000000000013e                __SUMEXT = 0x13e
                0x0000000000000020                __P1IN = 0x20
                0x0000000000000021                __P1OUT = 0x21
                0x0000000000000022                __P1DIR = 0x22
                0x0000000000000023                __P1IFG = 0x23
                0x0000000000000024                __P1IES = 0x24
                0x0000000000000025                __P1IE = 0x25
                0x0000000000000026                __P1SEL = 0x26
                0x0000000000000027                __P1REN = 0x27
                0x0000000000000028                __P2IN = 0x28
                0x0000000000000029                __P2OUT = 0x29
                0x000000000000002a                __P2DIR = 0x2a
                0x000000000000002b                __P2IFG = 0x2b
                0x000000000000002c                __P2IES = 0x2c
                0x000000000000002d                __P2IE = 0x2d
                0x000000000000002e                __P2SEL = 0x2e
                0x000000000000002f                __P2REN = 0x2f
                0x0000000000000018                __P3IN = 0x18
                0x0000000000000019                __P3OUT = 0x19
                0x000000000000001a                __P3DIR = 0x1a
                0x000000000000001b                __P3SEL = 0x1b
                0x0000000000000010                __P3REN = 0x10
                0x000000000000001c                __P4IN = 0x1c
                0x000000000000001d                __P4OUT = 0x1d
                0x000000000000001e                __P4DIR = 0x1e
                0x000000000000001f                __P4SEL = 0x1f
                0x0000000000000011                __P4REN = 0x11
                0x0000000000000030                __P5IN = 0x30
                0x0000000000000031                __P5OUT = 0x31
                0x0000000000000032                __P5DIR = 0x32
                0x0000000000000033                __P5SEL = 0x33
                0x0000000000000012                __P5REN = 0x12
                0x0000000000000034                __P6IN = 0x34
                0x0000000000000035                __P6OUT = 0x35
                0x0000000000000036                __P6DIR = 0x36
                0x0000000000000037                __P6SEL = 0x37
                0x0000000000000013                __P6REN = 0x13
                0x0000000000000038                __P7IN = 0x38
                0x000000000000003a                __P7OUT = 0x3a
                0x000000000000003c                __P7DIR = 0x3c
                0x000000000000003e                __P7SEL = 0x3e
                0x0000000000000014                __P7REN = 0x14
                0x0000000000000039                __P8IN = 0x39
                0x000000000000003b                __P8OUT = 0x3b
                0x000000000000003d                __P8DIR = 0x3d
                0x000000000000003f                __P8SEL = 0x3f
                0x0000000000000015                __P8REN = 0x15
                0x0000000000000038                __PAIN = 0x38
                0x000000000000003a                __PAOUT = 0x3a
                0x000000000000003c                __PADIR = 0x3c
                0x000000000000003e                __PASEL = 0x3e
                0x0000000000000014                __PAREN = 0x14
                0x0000000000000055                __SVSCTL = 0x55
                0x000000000000012e                __TAIV = 0x12e
                0x0000000000000160                __TACTL = 0x160
                0x0000000000000162                __TACCTL0 = 0x162
                0x0000000000000164                __TACCTL1 = 0x164
                0x0000000000000166                __TACCTL2 = 0x166
                0x0000000000000170                __TAR = 0x170
                0x0000000000000172                __TACCR0 = 0x172
                0x0000000000000174                __TACCR1 = 0x174
                0x0000000000000176                __TACCR2 = 0x176
                0x000000000000011e                __TBIV = 0x11e
                0x0000000000000180                __TBCTL = 0x180
                0x0000000000000182                __TBCCTL0 = 0x182
                0x0000000000000184                __TBCCTL1 = 0x184
                0x0000000000000186                __TBCCTL2 = 0x186
                0x0000000000000188                __TBCCTL3 = 0x188
                0x000000000000018a                __TBCCTL4 = 0x18a
                0x000000000000018c                __TBCCTL5 = 0x18c
                0x000000000000018e                __TBCCTL6 = 0x18e
                0x0000000000000190                __TBR = 0x190
                0x0000000000000192                __TBCCR0 = 0x192
                0x0000000000000194                __TBCCR1 = 0x194
                0x0000000000000196                __TBCCR2 = 0x196
                0x0000000000000198                __TBCCR3 = 0x198
                0x000000000000019a                __TBCCR4 = 0x19a
                0x000000000000019c                __TBCCR5 = 0x19c
                0x000000000000019e                __TBCCR6 = 0x19e
                0x0000000000000060                __UCA0CTL0 = 0x60
                0x0000000000000061                __UCA0CTL1 = 0x61
                0x0000000000000062                __UCA0BR0 = 0x62
                0x0000000000000063                __UCA0BR1 = 0x63
                0x0000000000000064                __UCA0MCTL = 0x64
                0x0000000000000065                __UCA0STAT = 0x65
                0x0000000000000066                __UCA0RXBUF = 0x66
                0x0000000000000067                __UCA0TXBUF = 0x67
                0x000000000000005d                __UCA0ABCTL = 0x5d
                0x000000000000005e                __UCA0IRTCTL = 0x5e
                0x000000000000005f                __UCA0IRRCTL = 0x5f
                0x0000000000000068                __UCB0CTL0 = 0x68
                0x0000000000000069                __UCB0CTL1 = 0x69
                0x000000000000006a                __UCB0BR0 = 0x6a
                0x000000000000006b                __UCB0BR1 = 0x6b
                0x000000000000006c                __UCB0I2CIE = 0x6c
                0x000000000000006d                __UCB0STAT = 0x6d
                0x000000000000006e                __UCB0RXBUF = 0x6e
                0x000000000000006f                __UCB0TXBUF = 0x6f
                0x0000000000000118                __UCB0I2COA = 0x118
                0x000000000000011a                __UCB0I2CSA = 0x11a
                0x00000000000000d0                __UCA1CTL0 = 0xd0
                0x00000000000000d1                __UCA1CTL1 = 0xd1
                0x00000000000000d2                __UCA1BR0 = 0xd2
                0x00000000000000d3                __UCA1BR1 = 0xd3
                0x00000000000000d4                __UCA1MCTL = 0xd4
                0x00000000000000d5                __UCA1STAT = 0xd5
                0x00000000000000d6                __UCA1RXBUF = 0xd6
                0x00000000000000d7                __UCA1TXBUF = 0xd7
                0x00000000000000cd                __UCA1ABCTL = 0xcd
                0x00000000000000ce                __UCA1IRTCTL = 0xce
                0x00000000000000cf                __UCA1IRRCTL = 0xcf
                0x00000000000000d8                __UCB1CTL0 = 0xd8
                0x00000000000000d9                __UCB1CTL1 = 0xd9
                0x00000000000000da                __UCB1BR0 = 0xda
                0x00000000000000db                __UCB1BR1 = 0xdb
                0x00000000000000dc                __UCB1I2CIE = 0xdc
                0x00000000000000dd                __UCB1STAT = 0xdd
                0x00000000000000de                __UCB1RXBUF = 0xde
                0x00000000000000df                __UCB1TXBUF = 0xdf
                0x000000000000017c                __UCB1I2COA = 0x17c
                0x000000000000017e                __UCB1I2CSA = 0x17e
                0x0000000000000120                __WDTCTL = 0x120
                0x00000000000010c0                __TLV_CHECKSUM = 0x10c0
                0x00000000000010f6                __TLV_DCO_30_TAG = 0x10f6
                0x00000000000010f7                __TLV_DCO_30_LEN = 0x10f7
                0x00000000000010da                __TLV_ADC12_1_TAG = 0x10da
                0x00000000000010db                __TLV_ADC12_1_LEN = 0x10db
                0x00000000000010f8                __CALDCO_16MHZ = 0x10f8
                0x00000000000010f9                __CALBC1_16MHZ = 0x10f9
                0x00000000000010fa                __CALDCO_12MHZ = 0x10fa
                0x00000000000010fb                __CALBC1_12MHZ = 0x10fb
                0x00000000000010fc                __CALDCO_8MHZ = 0x10fc
                0x00000000000010fd                __CALBC1_8MHZ = 0x10fd
                0x00000000000010fe                __CALDCO_1MHZ = 0x10fe
                0x00000000000010ff                __CALBC1_1MHZ = 0x10ff

.hash
 *(.hash)

.dynsym
 *(.dynsym)

.dynstr
 *(.dynstr)

.gnu.version
 *(.gnu.version)

.gnu.version_d
 *(.gnu.version_d)

.gnu.version_r
 *(.gnu.version_r)

.rel.init
 *(.rel.init)

.rela.init
 *(.rela.init)

.rel.fini
 *(.rel.fini)

.rela.fini
 *(.rela.fini)

.rel.text
 *(.rel.text .rel.text.* .rel.gnu.linkonce.t.*)

.rela.text
 *(.rela.text .rela.text.* .rela.gnu.linkonce.t.*)

.rel.rodata
 *(.rel.rodata .rel.rodata.* .rel.gnu.linkonce.r.*)

.rela.rodata
 *(.rela.rodata .rela.rodata.* .rela.gnu.linkonce.r.*)

.rel.data
 *(.rel.data .rel.data.* .rel.gnu.linkonce.d.*)

.rela.data
 *(.rela.data .rela.data.* .rela.gnu.linkonce.d.*)

.rel.bss
 *(.rel.bss .rel.bss.* .rel.gnu.linkonce.b.*)

.rela.bss
 *(.rela.bss .rela.bss.* .rela.gnu.linkonce.b.*)

.rel.ctors
 *(.rel.ctors)

.rela.ctors
 *(.rela.ctors)

.rel.dtors
 *(.rel.dtors)

.rela.dtors
 *(.rela.dtors)

.rel.got
 *(.rel.got)

.rela.got
 *(.rela.got)

.rel.plt
 *(.rel.plt)

.rela.plt
 *(.rela.plt)

.text           0x0000000000003100     0xa742
                0x0000000000003100                . = ALIGN (0x2)
 *(.init .init.*)
 *(.init0)
 .init0         0x0000000000003100        0x0 /usr/lib/gcc/msp430/4.6.3/mcpu-430x/mmpy-16/libcrt0.a(_reset_vector__.o)
                0x0000000000003100                _reset_vector__
 *(.init1)
 .init1         0x0000000000003100        0xc /usr/lib/gcc/msp430/4.6.3/mcpu-430x/mmpy-16/libcrt0.a(__watchdog_support.o)
                0x0000000000003100                __watchdog_support
 *(.init2)
 .init2         0x000000000000310c        0x4 /usr/lib/gcc/msp430/4.6.3/mcpu-430x/mmpy-16/libcrt0.a(__init_stack.o)
                0x000000000000310c                __init_stack
 *(.init3)
 .init3         0x0000000000003110        0x0 /usr/lib/gcc/msp430/4.6.3/mcpu-430x/mmpy-16/libcrt0.a(__low_level_init.o)
                0x0000000000003110                __low_level_init
 *(.init4)
 .init4         0x0000000000003110       0x18 /usr/lib/gcc/msp430/4.6.3/mcpu-430x/mmpy-16/libcrt0.a(_copy_data.o)
                0x0000000000003110                __do_copy_data
 .init4         0x0000000000003128       0x16 /usr/lib/gcc/msp430/4.6.3/mcpu-430x/mmpy-16/libcrt0.a(_clear_bss.o)
                0x0000000000003128                __do_clear_bss
 *(.init5)
 *(.init6)
 *(.init7)
 *(.init8)
 *(.init9)
 .init9         0x000000000000313e      0x312 obj_z1/contiki-z1-main.o
                0x000000000000313e                main
 *(.fini9)
 .fini9         0x0000000000003450        0x0 /usr/lib/gcc/msp430/4.6.3/mcpu-430x/mmpy-16/libcrt0.a(__stop_progExec__.o)
                0x0000000000003450                __stop_progExec__
 *(.fini8)
 *(.fini7)
 *(.fini6)
 *(.fini5)
 *(.fini4)
 *(.fini3)
 *(.fini2)
 *(.fini1)
 *(.fini0)
 .fini0         0x0000000000003450        0x6 /usr/lib/gcc/msp430/4.6.3/mcpu-430x/mmpy-16/libcrt0.a(_endless_loop__.o)
                0x0000000000003450                _endless_loop__
 *(.fini .fini.*)
                0x0000000000003456                . = ALIGN (0x2)
                0x0000000000003456                __ctors_start = .
 *(.ctors)
                0x0000000000003456                __ctors_end = .
                0x0000000000003456                __dtors_start = .
 *(.dtors)
                0x0000000000003456                __dtors_end = .
                0x0000000000003456                . = ALIGN (0x2)
 *(.text .text.* .gnu.linkonce.t.*)
 .text          0x0000000000003456        0x4 /usr/lib/gcc/msp430/4.6.3/mcpu-430x/mmpy-16/crt0ivtbl32.o
                0x0000000000003456                __isr_14
                0x0000000000003456                __isr_4
                0x0000000000003456                __isr_29
                0x0000000000003456                __isr_11
                0x0000000000003456                __isr_5
                0x0000000000003456                __isr_2
                0x0000000000003456                __isr_10
                0x0000000000003456                __isr_7
                0x0000000000003456                __isr_0
                0x0000000000003456                __isr_28
                0x0000000000003456                __isr_8
                0x0000000000003456                __isr_20
                0x0000000000003456                __isr_3
                0x0000000000003456                __isr_12
                0x0000000000003456                __isr_13
                0x0000000000003456                __isr_27
                0x0000000000003456                __isr_9
                0x0000000000003456                __isr_30
                0x0000000000003456                __isr_6
                0x0000000000003456                __isr_22
                0x0000000000003456                __isr_1
                0x0000000000003456                __isr_15
                0x0000000000003456                __isr_21
 .text.crt0     0x000000000000345a        0x0 /usr/lib/gcc/msp430/4.6.3/mcpu-430x/mmpy-16/crt0ivtbl32.o
 .text          0x000000000000345a      0x1ea app-collect-only.co
                0x000000000000346e                app_send_to
 .text          0x0000000000003644       0xfe obj_z1/deployment.o
                0x0000000000003644                get_node_id
                0x000000000000364a                get_n_nodes
                0x0000000000003650                node_id_from_rimeaddr
                0x000000000000365e                lladdr_from_ipaddr_uuid
                0x0000000000003672                node_id_from_ipaddr
                0x0000000000003684                get_node_id_from_index
                0x0000000000003690                get_number_nodes
                0x0000000000003696                set_rimeaddr_from_id
                0x00000000000036bc                set_ipaddr_from_id
                0x00000000000036e4                deployment_init
 .text          0x0000000000003742      0x178 obj_z1/simple-energest.o
                0x0000000000003742                simple_energest_start
                0x000000000000378c                simple_energest_step
 .text          0x00000000000038ba      0x180 obj_z1/rpl-log.o
                0x0000000000003916                appdata_copy
                0x0000000000003932                appdataptr_from_uip
                0x000000000000396e                appdataptr_from_packetbuf
                0x00000000000039b4                log_appdataptr
                0x0000000000003a22                log_node_id_from_rimeaddr
                0x0000000000003a28                log_node_id_from_ipaddr
                0x0000000000003a2e                rpl_log_start
 .text          0x0000000000003a3a      0x21c obj_z1/phase.o
                0x0000000000003a7e                phase_update
                0x0000000000003b1e                phase_wait
                0x0000000000003c42                phase_init
 .text          0x0000000000003c56      0x950 obj_z1/contikimac.o
                0x0000000000004586                contikimac_sending
                0x0000000000004594                contikimac_broadcasting
                0x00000000000045a2                contikimac_debug_print
 .text          0x00000000000045a6      0x3be obj_z1/csma.o
 .text          0x0000000000004964      0xd88 obj_z1/cc2420-softack.o
                0x0000000000004d72                cc2420_on
                0x0000000000004d96                cc2420_off
                0x0000000000004e40                cc2420_get_channel
                0x0000000000004e46                cc2420_set_channel
                0x0000000000004ec2                cc2420_set_pan_addr
                0x000000000000500a                cc2420_init
                0x00000000000050da                cc2420_softack_subscribe
                0x00000000000050e4                cc2420_interrupt
                0x0000000000005454                cc2420_set_txpower
                0x0000000000005462                cc2420_get_txpower
                0x000000000000564c                cc2420_rssi
                0x00000000000056ae                cc2420_cca_valid
                0x00000000000056d6                cc2420_set_cca_threshold
 .text          0x00000000000056ec      0x12a obj_z1/softack.o
                0x0000000000005808                softack_init
 .text          0x0000000000005816        0x6 obj_z1/contiki-z1-main.o
                0x0000000000005816                uip_log
 .text          0x000000000000581c       0x26 contiki-z1.a(rimeaddr.o)
                0x000000000000581c                rimeaddr_copy
                0x0000000000005824                rimeaddr_cmp
                0x0000000000005836                rimeaddr_set_node_addr
 .text          0x0000000000005842       0x14 contiki-z1.a(mac.o)
                0x0000000000005842                mac_call_sent_callback
 .text          0x0000000000005856      0x1b8 contiki-z1.a(framer-802154.o)
 .text          0x0000000000005a0e      0xdc0 contiki-z1.a(rpl-dag.o)
                0x0000000000005b76                rpl_dag_init
                0x0000000000005b84                rpl_get_parent_rank
                0x0000000000005b9c                rpl_get_parent_link_metric
                0x0000000000005bb4                rpl_get_parent_ipaddr
                0x0000000000005bc4                rpl_set_prefix
                0x0000000000005c38                rpl_set_default_route
                0x0000000000005c8e                rpl_alloc_instance
                0x0000000000005cba                rpl_set_default_instance
                0x0000000000005cc0                rpl_add_parent
                0x0000000000005cf8                rpl_find_parent
                0x0000000000005d12                rpl_find_parent_any_dag
                0x0000000000005d34                rpl_select_parent
                0x0000000000005d88                rpl_select_dag
                0x0000000000005efa                rpl_nullify_parent
                0x0000000000005f44                rpl_remove_parent
                0x0000000000005f88                rpl_free_dag
                0x0000000000005fbe                rpl_free_instance
                0x0000000000006012                rpl_move_parent
                0x0000000000006078                rpl_get_any_dag
                0x0000000000006090                rpl_get_instance
                0x00000000000060e2                rpl_alloc_dag
                0x0000000000006144                rpl_set_root
                0x0000000000006220                rpl_repair_root
                0x0000000000006270                rpl_find_of
                0x0000000000006280                rpl_join_instance
                0x00000000000063a8                rpl_local_repair
                0x00000000000063f0                rpl_process_parent_event
                0x0000000000006436                rpl_recalculate_ranks
                0x0000000000006478                rpl_add_dag
                0x000000000000657a                rpl_process_dio
 .text          0x00000000000067ce      0x978 contiki-z1.a(rpl-icmp6.o)
                0x0000000000006854                dis_output
                0x00000000000068a4                dio_output
                0x0000000000006ae2                dao_output_target
                0x0000000000006b94                dao_output
                0x0000000000006c14                dao_ack_output
                0x0000000000006c46                uip_rpl_input
 .text          0x0000000000007146      0x24a contiki-z1.a(rpl-timers.o)
                0x00000000000072d0                rpl_reset_periodic_timer
                0x000000000000732c                rpl_reset_dio_timer
                0x0000000000007344                rpl_schedule_dao
 .text          0x0000000000007390      0x12e contiki-z1.a(rpl-mrhof.o)
 .text          0x00000000000074be      0x2a0 contiki-z1.a(process.o)
                0x00000000000075be                process_alloc_event
                0x00000000000075cc                process_exit
                0x00000000000075d6                process_init
                0x00000000000075f2                process_run
                0x0000000000007696                process_nevents
                0x00000000000076a4                process_post
                0x00000000000076f4                process_post_synch
                0x0000000000007706                process_start
                0x0000000000007738                process_poll
                0x0000000000007750                process_is_running
 .text          0x000000000000775e       0x2a contiki-z1.a(autostart.o)
                0x000000000000775e                autostart_start
                0x0000000000007774                autostart_exit
 .text          0x0000000000007788       0xdc contiki-z1.a(memb.o)
                0x0000000000007788                memb_init
                0x00000000000077be                memb_alloc
                0x00000000000077fc                memb_free
                0x0000000000007836                memb_inmemb
 .text          0x0000000000007864       0x8c contiki-z1.a(timer.o)
                0x0000000000007864                timer_set
                0x0000000000007880                timer_reset
                0x000000000000788e                timer_restart
                0x00000000000078a2                timer_expired
                0x00000000000078cc                timer_remaining
 .text          0x00000000000078f0       0xf6 contiki-z1.a(list.o)
                0x00000000000078f0                list_init
                0x00000000000078f6                list_head
                0x00000000000078fa                list_copy
                0x0000000000007900                list_tail
                0x0000000000007912                list_chop
                0x0000000000007936                list_pop
                0x0000000000007944                list_remove
                0x0000000000007978                list_push
                0x000000000000798e                list_add
                0x00000000000079b4                list_length
                0x00000000000079c4                list_insert
                0x00000000000079da                list_item_next
 .text          0x00000000000079e6      0x252 contiki-z1.a(etimer.o)
                0x0000000000007a56                etimer_request_poll
                0x0000000000007b60                etimer_set
                0x0000000000007b72                etimer_reset
                0x0000000000007b84                etimer_restart
                0x0000000000007b96                etimer_adjust
                0x0000000000007bb0                etimer_expired
                0x0000000000007bbe                etimer_expiration_time
                0x0000000000007bd2                etimer_start_time
                0x0000000000007bda                etimer_pending
                0x0000000000007be6                etimer_next_expiration_time
                0x0000000000007bfc                etimer_stop
 .text          0x0000000000007c38      0x1cc contiki-z1.a(ctimer.o)
                0x0000000000007cd4                ctimer_init
                0x0000000000007cec                ctimer_set
                0x0000000000007d3e                ctimer_reset
                0x0000000000007d74                ctimer_restart
                0x0000000000007daa                ctimer_stop
                0x0000000000007dd2                ctimer_expired
 .text          0x0000000000007e04       0xce contiki-z1.a(energest.o)
                0x0000000000007e04                energest_init
                0x0000000000007e2a                energest_type_time
                0x0000000000007e76                energest_leveldevice_leveltime
                0x0000000000007e7c                energest_type_set
                0x0000000000007e88                energest_flush
 .text          0x0000000000007ed2       0x5e contiki-z1.a(rtimer.o)
                0x0000000000007ed2                rtimer_init
                0x0000000000007ed8                rtimer_set
                0x0000000000007f06                rtimer_run_next
 .text          0x0000000000007f30       0xa4 contiki-z1.a(stimer.o)
                0x0000000000007f30                stimer_set
                0x0000000000007f4c                stimer_reset
                0x0000000000007f5a                stimer_restart
                0x0000000000007f6e                stimer_expired
                0x0000000000007f9e                stimer_remaining
                0x0000000000007fc2                stimer_elapsed
 .text          0x0000000000007fd4        0xc contiki-z1.a(random.o)
                0x0000000000007fd4                random_init
                0x0000000000007fda                random_rand
 .text          0x0000000000007fe0      0x464 contiki-z1.a(nbr-table.o)
                0x0000000000008166                nbr_table_register
                0x000000000000818c                nbr_table_next
                0x0000000000008204                nbr_table_head
                0x0000000000008236                nbr_table_add_lladdr
                0x0000000000008362                nbr_table_get_from_lladdr
                0x00000000000083a6                nbr_table_remove
                0x00000000000083d0                nbr_table_lock
                0x00000000000083e0                nbr_table_unlock
                0x00000000000083f0                nbr_table_get_lladdr
 .text          0x0000000000008444      0x21a contiki-z1.a(packetbuf.o)
                0x0000000000008444                packetbuf_clear_hdr
                0x000000000000844c                packetbuf_copyto_hdr
                0x0000000000008468                packetbuf_copyto
                0x00000000000084ae                packetbuf_hdr_remove
                0x00000000000084b4                packetbuf_hdrreduce
                0x00000000000084ce                packetbuf_set_datalen
                0x00000000000084d4                packetbuf_dataptr
                0x00000000000084e2                packetbuf_hdrptr
                0x00000000000084ec                packetbuf_is_reference
                0x00000000000084fa                packetbuf_compact
                0x0000000000008542                packetbuf_reference_ptr
                0x0000000000008548                packetbuf_datalen
                0x000000000000854e                packetbuf_hdrlen
                0x0000000000008558                packetbuf_totlen
                0x0000000000008568                packetbuf_hdralloc
                0x0000000000008592                packetbuf_attr_clear
                0x00000000000085be                packetbuf_clear
                0x00000000000085d8                packetbuf_reference
                0x00000000000085ee                packetbuf_copyfrom
                0x0000000000008618                packetbuf_attr_copyto
                0x000000000000863a                packetbuf_attr_copyfrom
 .text          0x000000000000865e      0x1a6 contiki-z1.a(queuebuf.o)
                0x000000000000865e                queuebuf_init
                0x0000000000008678                queuebuf_new_from_packetbuf
                0x00000000000086f2                queuebuf_update_attr_from_packetbuf
                0x0000000000008704                queuebuf_free
                0x0000000000008744                queuebuf_to_packetbuf
                0x00000000000087ae                queuebuf_dataptr
                0x00000000000087e0                queuebuf_datalen
                0x00000000000087e6                queuebuf_addr
                0x00000000000087f4                queuebuf_attr
                0x0000000000008802                queuebuf_debug_print
 .text          0x0000000000008804      0xcfc contiki-z1.a(sicslowpan.o)
                0x0000000000008eea                sicslowpan_init
                0x00000000000094f4                rime_sniffer_add
                0x00000000000094fa                rime_sniffer_remove
 .text          0x0000000000009500      0x19a contiki-z1.a(simple-udp.o)
                0x000000000000959c                simple_udp_send
                0x00000000000095c6                simple_udp_sendto
                0x00000000000095ee                simple_udp_sendto_port
                0x0000000000009614                simple_udp_register
 .text          0x000000000000969a      0x26e contiki-z1.a(tcpip.o)
                0x000000000000969a                tcpip_output
                0x00000000000096aa                tcpip_set_outputfunc
                0x00000000000096b0                udp_attach
                0x00000000000096bc                udp_new
                0x00000000000096d6                udp_broadcast_new
                0x000000000000971c                tcpip_input
                0x0000000000009732                tcpip_ipv6_output
                0x00000000000098d0                tcpip_poll_udp
                0x00000000000098de                tcpip_uipcall
 .text          0x0000000000009908      0x3e6 contiki-z1.a(uip-ds6-route.o)
                0x0000000000009948                uip_ds6_notification_add
                0x0000000000009960                uip_ds6_notification_rm
                0x000000000000996c                uip_ds6_route_init
                0x000000000000999a                uip_ds6_route_nexthop
                0x00000000000099b4                uip_ds6_route_head
                0x00000000000099dc                uip_ds6_route_next
                0x0000000000009a12                uip_ds6_route_num_routes
                0x0000000000009a18                uip_ds6_route_lookup
                0x0000000000009a58                uip_ds6_route_add
                0x0000000000009af8                uip_ds6_route_rm
                0x0000000000009b8e                uip_ds6_route_rm_by_nexthop
                0x0000000000009ba2                uip_ds6_defrt_rm
                0x0000000000009be6                uip_ds6_defrt_lookup
                0x0000000000009c18                uip_ds6_defrt_add
                0x0000000000009c80                uip_ds6_defrt_choose
                0x0000000000009cb6                uip_ds6_defrt_periodic
 .text          0x0000000000009cee      0x1ba contiki-z1.a(uip-ds6-nbr.o)
                0x0000000000009cee                uip_ds6_nbr_rm
                0x0000000000009d08                uip_ds6_neighbors_init
                0x0000000000009d16                uip_ds6_nbr_add
                0x0000000000009d6a                uip_ds6_nbr_get_ipaddr
                0x0000000000009d6c                uip_ds6_nbr_get_ll
                0x0000000000009d78                uip_ds6_nbr_num
                0x0000000000009d9c                uip_ds6_nbr_lookup
                0x0000000000009dda                uip_ds6_nbr_ll_lookup
                0x0000000000009de6                uip_ds6_nbr_ipaddr_from_lladdr
                0x0000000000009dec                uip_ds6_nbr_lladdr_from_ipaddr
                0x0000000000009dfe                uip_ds6_link_neighbor_callback
                0x0000000000009e24                uip_ds6_neighbor_periodic
                0x0000000000009e5c                uip_ds6_get_least_lifetime_neighbor
 .text          0x0000000000009ea8      0x684 contiki-z1.a(uip-ds6.o)
                0x0000000000009ea8                uip_ds6_list_loop
                0x0000000000009f0e                uip_ds6_prefix_add
                0x0000000000009f7e                uip_ds6_prefix_rm
                0x0000000000009f88                uip_ds6_prefix_lookup
                0x0000000000009fb0                uip_ds6_is_addr_onlink
                0x0000000000009ff2                uip_ds6_addr_lookup
                0x000000000000a01a                uip_ds6_get_link_local
                0x000000000000a058                uip_ds6_get_global
                0x000000000000a096                uip_ds6_maddr_add
                0x000000000000a0dc                uip_ds6_addr_add
                0x000000000000a18e                uip_ds6_maddr_rm
                0x000000000000a198                uip_ds6_maddr_lookup
                0x000000000000a1c0                uip_ds6_addr_rm
                0x000000000000a214                uip_ds6_periodic
                0x000000000000a25e                uip_ds6_aaddr_add
                0x000000000000a2a4                uip_ds6_aaddr_rm
                0x000000000000a2ae                uip_ds6_aaddr_lookup
                0x000000000000a2d6                uip_ds6_set_addr_iid
                0x000000000000a2ea                get_match_length
                0x000000000000a324                uip_ds6_select_src
                0x000000000000a3be                uip_ds6_compute_reachable_time
                0x000000000000a3f4                uip_ds6_init
 .text          0x000000000000a52c      0x314 contiki-z1.a(uip-icmp6.o)
                0x000000000000a52c                uip_icmp6_echo_request_input
                0x000000000000a654                uip_icmp6_error_output
                0x000000000000a7ba                uip_icmp6_send
 .text          0x000000000000a840       0x84 contiki-z1.a(uip-udp-packet.)
                0x000000000000a840                uip_udp_packet_send
                0x000000000000a86e                uip_udp_packet_sendto
 .text          0x000000000000a8c4      0x7b8 contiki-z1.a(uip6.o)
                0x000000000000a9c2                uip_chksum
                0x000000000000a9da                uip_icmp6chksum
                0x000000000000aa30                uip_init
                0x000000000000aa5c                remove_ext_hdr
                0x000000000000aab2                uip_udp_new
                0x000000000000ab58                uip_process
                0x000000000000affa                uip_htons
                0x000000000000b006                uip_htonl
                0x000000000000b030                uip_send
 .text          0x000000000000b07c        0xc contiki-z1.a(contiki-z1-plat)
                0x000000000000b07c                init_platform
 .text          0x000000000000b088       0xd4 contiki-z1.a(msp430.o)
                0x000000000000b088                msp430_init_dco
                0x000000000000b0b0                msp430_quick_synch_dco
                0x000000000000b12e                msp430_cpu_init
                0x000000000000b154                splhigh_
 .text          0x000000000000b15c      0x180 contiki-z1.a(leds.o)
                0x000000000000b26c                leds_init
                0x000000000000b27a                leds_get
                0x000000000000b280                leds_on
                0x000000000000b294                leds_off
                0x000000000000b2a8                leds_invert
                0x000000000000b2b2                leds_toggle
                0x000000000000b2b8                leds_blink
 .text          0x000000000000b2dc       0x5c contiki-z1.a(watchdog.o)
                0x000000000000b2dc                __isr_26
                0x000000000000b2dc                watchdog_interrupt
                0x000000000000b2e2                watchdog_start
                0x000000000000b2f6                watchdog_periodic
                0x000000000000b308                watchdog_stop
                0x000000000000b31e                watchdog_init
                0x000000000000b332                watchdog_reboot
 .text          0x000000000000b338      0x360 contiki-z1.a(xmem.o)
                0x000000000000b3b0                xmem_init
                0x000000000000b3ce                xmem_pread
                0x000000000000b4a6                xmem_pwrite
                0x000000000000b5e2                xmem_erase
 .text          0x000000000000b698       0x38 contiki-z1.a(spi.o)
                0x000000000000b698                spi_init
 .text          0x000000000000b6d0       0x1a contiki-z1.a(cc2420-arch.o)
                0x000000000000b6d0                cc2420_arch_init
 .text          0x000000000000b6ea       0x96 contiki-z1.a(node-id.o)
                0x000000000000b6ea                node_id_restore
                0x000000000000b736                node_id_burn
 .text          0x000000000000b780      0x158 contiki-z1.a(sensors.o)
                0x000000000000b83e                sensors_first
                0x000000000000b844                sensors_next
                0x000000000000b870                sensors_changed
                0x000000000000b89a                sensors_find
 .text          0x000000000000b8d8      0x108 contiki-z1.a(button-sensor.o)
                0x000000000000b962                irq_p2
                0x000000000000b962                __isr_19
 .text          0x000000000000b9e0       0xe0 contiki-z1.a(uart0.o)
                0x000000000000b9e0                uart0_active
                0x000000000000b9ee                uart0_set_input
                0x000000000000b9f4                uart0_writeb
                0x000000000000ba0c                uart0_init
                0x000000000000ba52                __isr_23
                0x000000000000ba52                uart0_rx_interrupt
 .text          0x000000000000bac0       0x10 contiki-z1.a(uart0-putchar.o)
                0x000000000000bac0                putchar
 .text          0x000000000000bad0      0x320 contiki-z1.a(adxl345.o)
                0x000000000000bad0                accm_write_reg
                0x000000000000bafe                accm_write_stream
                0x000000000000bb28                accm_read_reg
                0x000000000000bbd2                accm_read_stream
                0x000000000000bc24                accm_read_axis
                0x000000000000bc4a                accm_set_grange
                0x000000000000bc6e                accm_init
                0x000000000000bcf8                accm_set_irq
                0x000000000000bd24                port1_isr
                0x000000000000bd24                __isr_18
 .text          0x000000000000bdf0      0x1d2 contiki-z1.a(clock.o)
                0x000000000000bdf0                __isr_24
                0x000000000000bdf0                timera1
                0x000000000000bee2                clock_time
                0x000000000000befc                clock_set
                0x000000000000bf12                clock_fine_max
                0x000000000000bf18                clock_fine
                0x000000000000bf24                clock_init
                0x000000000000bf4c                clock_delay
                0x000000000000bf58                clock_wait
                0x000000000000bf80                clock_set_seconds
                0x000000000000bf98                clock_seconds
                0x000000000000bfb2                clock_counter
 .text          0x000000000000bfc2       0x78 contiki-z1.a(leds-arch.o)
                0x000000000000bfc2                leds_arch_init
                0x000000000000bfd0                leds_arch_get
                0x000000000000c000                leds_arch_set
 .text          0x000000000000c03a      0x150 contiki-z1.a(rtimer-arch.o)
                0x000000000000c03a                rtimer_arch_init
                0x000000000000c048                rtimer_arch_now
                0x000000000000c106                __isr_25
                0x000000000000c106                timera0
                0x000000000000c17c                rtimer_arch_schedule
 .text          0x000000000000c18a      0x38c contiki-z1.a(frame802154.o)
                0x000000000000c21e                frame802154_hdrlen
                0x000000000000c24c                frame802154_create
                0x000000000000c382                frame802154_parse
 .text          0x000000000000c516      0x1fa contiki-z1.a(rpl.o)
                0x000000000000c516                rpl_purge_routes
                0x000000000000c5ac                rpl_remove_routes
                0x000000000000c5ce                rpl_remove_routes_by_nexthop
                0x000000000000c60c                rpl_add_route
                0x000000000000c64c                rpl_link_neighbor_callback
                0x000000000000c6b2                rpl_ipv6_neighbor_callback
                0x000000000000c6d0                rpl_init
 .text          0x000000000000c710      0x2d8 contiki-z1.a(rpl-ext-header.)
                0x000000000000c710                rpl_verify_header
                0x000000000000c7c4                rpl_update_header_empty
                0x000000000000c8b0                rpl_update_header_final
                0x000000000000c936                rpl_remove_header
                0x000000000000c980                rpl_invert_header
                0x000000000000c9cc                rpl_insert_header
 .text          0x000000000000c9e8      0x1a8 contiki-z1.a(i2cmaster.o)
                0x000000000000c9e8                i2c_receiveinit
                0x000000000000ca1e                i2c_transmitinit
                0x000000000000ca4e                i2c_receive_n
                0x000000000000ca92                i2c_busy
                0x000000000000ca9c                i2c_enable
                0x000000000000cac0                i2c_disable
                0x000000000000cada                i2c_transmit_n
                0x000000000000caee                __isr_16
                0x000000000000caee                i2c_tx_interrupt
                0x000000000000cb78                i2c_rx_interrupt
                0x000000000000cb78                __isr_17
 .text          0x000000000000cb90        0x0 /usr/lib/gcc/msp430/4.6.3/mcpu-430x/mmpy-16/libgcc.a(_mulsi3.o)
 .text.libgcc   0x000000000000cb90       0x2a /usr/lib/gcc/msp430/4.6.3/mcpu-430x/mmpy-16/libgcc.a(_mulsi3.o)
                0x000000000000cb90                __mulsi3
 .text          0x000000000000cbba        0x0 /usr/lib/gcc/msp430/4.6.3/mcpu-430x/mmpy-16/libgcc.a(_udivmod16.o)
 .text.libgcc   0x000000000000cbba       0x22 /usr/lib/gcc/msp430/4.6.3/mcpu-430x/mmpy-16/libgcc.a(_udivmod16.o)
                0x000000000000cbba                __udivhi3
                0x000000000000cbba                __ext_udivmod16
                0x000000000000cbd4                __umodhi3
 .text          0x000000000000cbdc        0x0 /usr/lib/gcc/msp430/4.6.3/mcpu-430x/mmpy-16/libgcc.a(_divmod16.o)
 .text.libgcc   0x000000000000cbdc       0x3a /usr/lib/gcc/msp430/4.6.3/mcpu-430x/mmpy-16/libgcc.a(_divmod16.o)
                0x000000000000cbdc                __ext_divmod16
                0x000000000000cbdc                __divhi3
                0x000000000000cc0e                __modhi3
 .text          0x000000000000cc16        0x0 /usr/lib/gcc/msp430/4.6.3/mcpu-430x/mmpy-16/libgcc.a(_udivmod32.o)
 .text.libgcc   0x000000000000cc16       0x38 /usr/lib/gcc/msp430/4.6.3/mcpu-430x/mmpy-16/libgcc.a(_udivmod32.o)
                0x000000000000cc16                __udivsi3
                0x000000000000cc16                __ext_udivmod32
                0x000000000000cc44                __umodsi3
 .text          0x000000000000cc4e       0x28 /usr/lib/gcc/msp430/4.6.3/../../../../msp430/lib/mcpu-430x/mmpy-16/libc.a(strncmp.o)
                0x000000000000cc4e                strncmp
 .text          0x000000000000cc76       0x20 /usr/lib/gcc/msp430/4.6.3/../../../../msp430/lib/mcpu-430x/mmpy-16/libc.a(memcmp.o)
                0x000000000000cc76                memcmp
 .text          0x000000000000cc96       0x14 /usr/lib/gcc/msp430/4.6.3/../../../../msp430/lib/mcpu-430x/mmpy-16/libc.a(strcpy.o)
                0x000000000000cc96                strcpy
 .text          0x000000000000ccaa       0xe4 /usr/lib/gcc/msp430/4.6.3/../../../../msp430/lib/mcpu-430x/mmpy-16/libc.a(memcpy.o)
                0x000000000000ccaa                memcpy
 .text          0x000000000000cd8e       0xe4 /usr/lib/gcc/msp430/4.6.3/../../../../msp430/lib/mcpu-430x/mmpy-16/libc.a(memmove.o)
                0x000000000000cd8e                memmove
 .text          0x000000000000ce72       0x5c /usr/lib/gcc/msp430/4.6.3/../../../../msp430/lib/mcpu-430x/mmpy-16/libc.a(memset.o)
                0x000000000000ce72                memset
 .text          0x000000000000cece       0x1e /usr/lib/gcc/msp430/4.6.3/../../../../msp430/lib/mcpu-430x/mmpy-16/libc.a(printf.o)
                0x000000000000cece                printf
                0x000000000000cede                vprintf
 .text          0x000000000000ceec      0x818 /usr/lib/gcc/msp430/4.6.3/../../../../msp430/lib/mcpu-430x/mmpy-16/libc.a(vuprintf.o)
                0x000000000000d068                vuprintf
 .text          0x000000000000d704       0x2c /usr/lib/gcc/msp430/4.6.3/../../../../msp430/lib/mcpu-430x/mmpy-16/libc.a(puts.o)
                0x000000000000d704                puts
 .text          0x000000000000d730       0x54 /usr/lib/gcc/msp430/4.6.3/../../../../msp430/lib/mcpu-430x/mmpy-16/libc.a(rand.o)
                0x000000000000d730                rand_r
                0x000000000000d754                rand
                0x000000000000d77a                srand
 .text          0x000000000000d784        0x0 /usr/lib/gcc/msp430/4.6.3/mcpu-430x/mmpy-16/libgcc.a(_udivmod64.o)
 .text.libgcc   0x000000000000d784       0xbc /usr/lib/gcc/msp430/4.6.3/mcpu-430x/mmpy-16/libgcc.a(_udivmod64.o)
                0x000000000000d784                __xabi_udivmod64
                0x000000000000d7d6                __udivdi3
                0x000000000000d7f0                __umoddi3
                0x000000000000d812                __udivmoddi4
 .text          0x000000000000d840        0x0 /usr/lib/gcc/msp430/4.6.3/mcpu-430x/mmpy-16/libcrt0.a(_reset_vector__.o)
 .text          0x000000000000d840        0x0 /usr/lib/gcc/msp430/4.6.3/mcpu-430x/mmpy-16/libcrt0.a(__watchdog_support.o)
 .text          0x000000000000d840        0x0 /usr/lib/gcc/msp430/4.6.3/mcpu-430x/mmpy-16/libcrt0.a(__init_stack.o)
 .text          0x000000000000d840        0x0 /usr/lib/gcc/msp430/4.6.3/mcpu-430x/mmpy-16/libcrt0.a(__low_level_init.o)
 .text          0x000000000000d840        0x0 /usr/lib/gcc/msp430/4.6.3/mcpu-430x/mmpy-16/libcrt0.a(_copy_data.o)
 .text          0x000000000000d840        0x0 /usr/lib/gcc/msp430/4.6.3/mcpu-430x/mmpy-16/libcrt0.a(_clear_bss.o)
 .text          0x000000000000d840        0x0 /usr/lib/gcc/msp430/4.6.3/mcpu-430x/mmpy-16/libcrt0.a(__stop_progExec__.o)
 .text          0x000000000000d840        0x0 /usr/lib/gcc/msp430/4.6.3/mcpu-430x/mmpy-16/libcrt0.a(_endless_loop__.o)
 .text          0x000000000000d840        0x0 /usr/lib/gcc/msp430/4.6.3/mcpu-430x/mmpy-16/libcrt0.a(_unexpected_.o)
 .text.crt0     0x000000000000d840        0x2 /usr/lib/gcc/msp430/4.6.3/mcpu-430x/mmpy-16/libcrt0.a(_unexpected_.o)
                0x000000000000d840                _unexpected_
                0x000000000000d842                . = ALIGN (0x2)

.rodata         0x000000000000d842      0x45e
                0x000000000000d842                . = ALIGN (0x2)
 *(.rodata .rodata.* .gnu.linkonce.r.*)
 .rodata        0x000000000000d842       0x86 app-collect-only.co
                0x000000000000d8a2                autostart_processes
 .rodata        0x000000000000d8c8       0x2e obj_z1/simple-energest.o
 .rodata        0x000000000000d8f6       0x2d obj_z1/rpl-log.o
 .rodata        0x000000000000d923        0xf obj_z1/phase.o
 .rodata        0x000000000000d932       0xc8 obj_z1/contikimac.o
                0x000000000000d9ea                contikimac_driver
 .rodata        0x000000000000d9fa       0x8a obj_z1/csma.o
                0x000000000000da76                csma_driver
 .rodata        0x000000000000da84       0x2a obj_z1/cc2420-softack.o
                0x000000000000da84                cc2420_softack_driver
 .rodata        0x000000000000daae       0x16 obj_z1/softack.o
 .rodata        0x000000000000dac4       0xc3 obj_z1/contiki-z1-main.o
 *fill*         0x000000000000db87        0x1 00
 .rodata        0x000000000000db88        0x8 contiki-z1.a(rimeaddr.o)
                0x000000000000db88                rimeaddr_null
 .rodata        0x000000000000db90        0x4 contiki-z1.a(framer-802154.o)
                0x000000000000db90                framer_802154
 .rodata        0x000000000000db94        0xc contiki-z1.a(etimer.o)
 .rodata        0x000000000000dba0        0xf contiki-z1.a(ctimer.o)
 *fill*         0x000000000000dbaf        0x1 00
 .rodata        0x000000000000dbb0       0x24 contiki-z1.a(sicslowpan.o)
                0x000000000000dbbc                sicslowpan_driver
                0x000000000000dbc2                llprefix
                0x000000000000dbc4                unc_mxconf
                0x000000000000dbc8                unc_ctxconf
                0x000000000000dbcc                unc_llconf
 .rodata        0x000000000000dbd4       0x13 contiki-z1.a(simple-udp.o)
 .rodata        0x000000000000dbe7       0x2e contiki-z1.a(tcpip.o)
 .rodata        0x000000000000dc15       0x26 contiki-z1.a(uip6.o)
 .rodata        0x000000000000dc3b       0x2c contiki-z1.a(xmem.o)
 .rodata        0x000000000000dc67        0x8 contiki-z1.a(sensors.o)
 *fill*         0x000000000000dc6f        0x1 00
 .rodata        0x000000000000dc70       0x10 contiki-z1.a(button-sensor.o)
                0x000000000000dc78                button_sensor
 .rodata        0x000000000000dc80       0x16 contiki-z1.a(adxl345.o)
 .rodata        0x000000000000dc96        0x2 contiki-z1.a(frame802154.o)
 .rodata        0x000000000000dc98        0x7 /usr/lib/gcc/msp430/4.6.3/../../../../msp430/lib/mcpu-430x/mmpy-16/libc.a(vuprintf.o)
                0x000000000000dca0                . = ALIGN (0x2)
 *fill*         0x000000000000dc9f        0x1 00
                0x000000000000dca0                _etext = .

.data           0x0000000000001100      0x114 load address 0x000000000000dca0
                0x0000000000001100                . = ALIGN (0x2)
                0x0000000000001100                PROVIDE (__data_start, .)
 *(.data .data.* .gnu.linkonce.d.*)
 .data          0x0000000000001100        0x0 /usr/lib/gcc/msp430/4.6.3/mcpu-430x/mmpy-16/crt0ivtbl32.o
 .data          0x0000000000001100        0xa app-collect-only.co
                0x0000000000001100                unicast_sender_process
 .data          0x000000000000110a        0x0 obj_z1/deployment.o
 .data          0x000000000000110a        0x0 obj_z1/simple-energest.o
 .data          0x000000000000110a        0xa obj_z1/rpl-log.o
                0x000000000000110a                rpl_log_process
 .data          0x0000000000001114       0x10 obj_z1/phase.o
 .data          0x0000000000001124        0x0 obj_z1/contikimac.o
 .data          0x0000000000001124       0x18 obj_z1/csma.o
 .data          0x000000000000113c       0x14 obj_z1/cc2420-softack.o
                0x000000000000113c                cc2420_process
 .data          0x0000000000001150        0xe obj_z1/softack.o
 .data          0x000000000000115e        0x4 obj_z1/contiki-z1-main.o
                0x000000000000115e                sensors
 .data          0x0000000000001162        0x0 contiki-z1.a(rimeaddr.o)
 .data          0x0000000000001162        0x0 contiki-z1.a(mac.o)
 .data          0x0000000000001162        0x0 contiki-z1.a(framer-802154.o)
 .data          0x0000000000001162        0x8 contiki-z1.a(rpl-dag.o)
 .data          0x000000000000116a        0x1 contiki-z1.a(rpl-icmp6.o)
 .data          0x000000000000116b        0x0 contiki-z1.a(rpl-timers.o)
 *fill*         0x000000000000116b        0x1 00
 .data          0x000000000000116c        0xe contiki-z1.a(rpl-mrhof.o)
                0x000000000000116c                rpl_mrhof
 .data          0x000000000000117a        0x0 contiki-z1.a(process.o)
 .data          0x000000000000117a        0x0 contiki-z1.a(autostart.o)
 .data          0x000000000000117a        0x0 contiki-z1.a(memb.o)
 .data          0x000000000000117a        0x0 contiki-z1.a(timer.o)
 .data          0x000000000000117a        0x0 contiki-z1.a(list.o)
 .data          0x000000000000117a        0xa contiki-z1.a(etimer.o)
                0x000000000000117a                etimer_process
 .data          0x0000000000001184        0xa contiki-z1.a(ctimer.o)
                0x0000000000001184                ctimer_process
 .data          0x000000000000118e        0x0 contiki-z1.a(energest.o)
 .data          0x000000000000118e        0x0 contiki-z1.a(rtimer.o)
 .data          0x000000000000118e        0x0 contiki-z1.a(stimer.o)
 .data          0x000000000000118e        0x0 contiki-z1.a(random.o)
 .data          0x000000000000118e        0x8 contiki-z1.a(nbr-table.o)
 .data          0x0000000000001196        0x0 contiki-z1.a(packetbuf.o)
 .data          0x0000000000001196       0x18 contiki-z1.a(queuebuf.o)
 .data          0x00000000000011ae        0x0 contiki-z1.a(sicslowpan.o)
 .data          0x00000000000011ae        0xa contiki-z1.a(simple-udp.o)
                0x00000000000011ae                simple_udp_process
 .data          0x00000000000011b8        0xa contiki-z1.a(tcpip.o)
                0x00000000000011b8                tcpip_process
 .data          0x00000000000011c2       0x18 contiki-z1.a(uip-ds6-route.o)
 .data          0x00000000000011da        0xa contiki-z1.a(uip-ds6-nbr.o)
                0x00000000000011da                ds6_neighbors
 .data          0x00000000000011e4        0x0 contiki-z1.a(uip-ds6.o)
 .data          0x00000000000011e4        0x0 contiki-z1.a(uip-icmp6.o)
 .data          0x00000000000011e4        0x0 contiki-z1.a(uip-udp-packet.)
 .data          0x00000000000011e4        0x0 contiki-z1.a(uip6.o)
 .data          0x00000000000011e4        0x0 contiki-z1.a(contiki-z1-plat)
 .data          0x00000000000011e4        0x2 contiki-z1.a(msp430.o)
 .data          0x00000000000011e6        0x0 contiki-z1.a(leds.o)
 .data          0x00000000000011e6        0x0 contiki-z1.a(watchdog.o)
 .data          0x00000000000011e6        0x0 contiki-z1.a(xmem.o)
 .data          0x00000000000011e6        0x0 contiki-z1.a(spi.o)
 .data          0x00000000000011e6        0x0 contiki-z1.a(cc2420-arch.o)
 .data          0x00000000000011e6        0x0 contiki-z1.a(node-id.o)
 .data          0x00000000000011e6        0xa contiki-z1.a(sensors.o)
                0x00000000000011e6                sensors_process
 .data          0x00000000000011f0        0x0 contiki-z1.a(button-sensor.o)
 .data          0x00000000000011f0        0x0 contiki-z1.a(uart0.o)
 .data          0x00000000000011f0        0x0 contiki-z1.a(uart0-putchar.o)
 .data          0x00000000000011f0       0x20 contiki-z1.a(adxl345.o)
                0x00000000000011f0                accmeter_process
 .data          0x0000000000001210        0x0 contiki-z1.a(clock.o)
 .data          0x0000000000001210        0x0 contiki-z1.a(leds-arch.o)
 .data          0x0000000000001210        0x0 contiki-z1.a(rtimer-arch.o)
 .data          0x0000000000001210        0x0 contiki-z1.a(frame802154.o)
 .data          0x0000000000001210        0x0 contiki-z1.a(rpl.o)
 .data          0x0000000000001210        0x0 contiki-z1.a(rpl-ext-header.)
 .data          0x0000000000001210        0x0 contiki-z1.a(i2cmaster.o)
 .data          0x0000000000001210        0x0 /usr/lib/gcc/msp430/4.6.3/mcpu-430x/mmpy-16/libgcc.a(_mulsi3.o)
 .data          0x0000000000001210        0x0 /usr/lib/gcc/msp430/4.6.3/mcpu-430x/mmpy-16/libgcc.a(_udivmod16.o)
 .data          0x0000000000001210        0x0 /usr/lib/gcc/msp430/4.6.3/mcpu-430x/mmpy-16/libgcc.a(_divmod16.o)
 .data          0x0000000000001210        0x0 /usr/lib/gcc/msp430/4.6.3/mcpu-430x/mmpy-16/libgcc.a(_udivmod32.o)
 .data          0x0000000000001210        0x0 /usr/lib/gcc/msp430/4.6.3/../../../../msp430/lib/mcpu-430x/mmpy-16/libc.a(strncmp.o)
 .data          0x0000000000001210        0x0 /usr/lib/gcc/msp430/4.6.3/../../../../msp430/lib/mcpu-430x/mmpy-16/libc.a(memcmp.o)
 .data          0x0000000000001210        0x0 /usr/lib/gcc/msp430/4.6.3/../../../../msp430/lib/mcpu-430x/mmpy-16/libc.a(strcpy.o)
 .data          0x0000000000001210        0x0 /usr/lib/gcc/msp430/4.6.3/../../../../msp430/lib/mcpu-430x/mmpy-16/libc.a(memcpy.o)
 .data          0x0000000000001210        0x0 /usr/lib/gcc/msp430/4.6.3/../../../../msp430/lib/mcpu-430x/mmpy-16/libc.a(memmove.o)
 .data          0x0000000000001210        0x0 /usr/lib/gcc/msp430/4.6.3/../../../../msp430/lib/mcpu-430x/mmpy-16/libc.a(memset.o)
 .data          0x0000000000001210        0x0 /usr/lib/gcc/msp430/4.6.3/../../../../msp430/lib/mcpu-430x/mmpy-16/libc.a(printf.o)
 .data          0x0000000000001210        0x0 /usr/lib/gcc/msp430/4.6.3/../../../../msp430/lib/mcpu-430x/mmpy-16/libc.a(vuprintf.o)
 .data          0x0000000000001210        0x0 /usr/lib/gcc/msp430/4.6.3/../../../../msp430/lib/mcpu-430x/mmpy-16/libc.a(puts.o)
 .data          0x0000000000001210        0x4 /usr/lib/gcc/msp430/4.6.3/../../../../msp430/lib/mcpu-430x/mmpy-16/libc.a(rand.o)
 .data          0x0000000000001214        0x0 /usr/lib/gcc/msp430/4.6.3/mcpu-430x/mmpy-16/libgcc.a(_udivmod64.o)
 .data          0x0000000000001214        0x0 /usr/lib/gcc/msp430/4.6.3/mcpu-430x/mmpy-16/libcrt0.a(_reset_vector__.o)
 .data          0x0000000000001214        0x0 /usr/lib/gcc/msp430/4.6.3/mcpu-430x/mmpy-16/libcrt0.a(__watchdog_support.o)
 .data          0x0000000000001214        0x0 /usr/lib/gcc/msp430/4.6.3/mcpu-430x/mmpy-16/libcrt0.a(__init_stack.o)
 .data          0x0000000000001214        0x0 /usr/lib/gcc/msp430/4.6.3/mcpu-430x/mmpy-16/libcrt0.a(__low_level_init.o)
 .data          0x0000000000001214        0x0 /usr/lib/gcc/msp430/4.6.3/mcpu-430x/mmpy-16/libcrt0.a(_copy_data.o)
 .data          0x0000000000001214        0x0 /usr/lib/gcc/msp430/4.6.3/mcpu-430x/mmpy-16/libcrt0.a(_clear_bss.o)
 .data          0x0000000000001214        0x0 /usr/lib/gcc/msp430/4.6.3/mcpu-430x/mmpy-16/libcrt0.a(__stop_progExec__.o)
 .data          0x0000000000001214        0x0 /usr/lib/gcc/msp430/4.6.3/mcpu-430x/mmpy-16/libcrt0.a(_endless_loop__.o)
 .data          0x0000000000001214        0x0 /usr/lib/gcc/msp430/4.6.3/mcpu-430x/mmpy-16/libcrt0.a(_unexpected_.o)
                0x0000000000001214                . = ALIGN (0x2)
                0x0000000000001214                _edata = .
                0x000000000000dca0                PROVIDE (__data_load_start, LOADADDR (.data))
                0x0000000000000114                PROVIDE (__data_size, SIZEOF (.data))

.bss            0x0000000000001214     0x1ec4 load address 0x000000000000ddb4
                0x0000000000001214                PROVIDE (__bss_start, .)
 *(.bss .bss.*)
 .bss           0x0000000000001214        0x0 /usr/lib/gcc/msp430/4.6.3/mcpu-430x/mmpy-16/crt0ivtbl32.o
 .bss           0x0000000000001214       0x36 app-collect-only.co
 .bss           0x000000000000124a       0x10 obj_z1/deployment.o
 .bss           0x000000000000125a       0x26 obj_z1/simple-energest.o
 .bss           0x0000000000001280        0xe obj_z1/rpl-log.o
 .bss           0x000000000000128e      0x388 obj_z1/phase.o
 .bss           0x0000000000001616       0xdc obj_z1/contikimac.o
                0x0000000000001616                current_cycle_start_time
                0x000000000000161a                we_are_sending
                0x000000000000161c                contikimac_keep_radio_on
                0x000000000000161e                we_are_broadcasting
 .bss           0x00000000000016f2       0x8a obj_z1/csma.o
 .bss           0x000000000000177c      0x222 obj_z1/cc2420-softack.o
 .bss           0x000000000000199e        0x0 obj_z1/softack.o
 .bss           0x000000000000199e        0x4 obj_z1/contiki-z1-main.o
 .bss           0x00000000000019a2        0x0 contiki-z1.a(rimeaddr.o)
 .bss           0x00000000000019a2        0x0 contiki-z1.a(mac.o)
 .bss           0x00000000000019a2        0x2 contiki-z1.a(framer-802154.o)
 .bss           0x00000000000019a4      0x1e0 contiki-z1.a(rpl-dag.o)
 .bss           0x0000000000001b84        0x0 contiki-z1.a(rpl-icmp6.o)
 .bss           0x0000000000001b84       0x18 contiki-z1.a(rpl-timers.o)
 .bss           0x0000000000001b9c        0x0 contiki-z1.a(rpl-mrhof.o)
 .bss           0x0000000000001b9c       0x42 contiki-z1.a(process.o)
                0x0000000000001b9c                process_current
                0x0000000000001b9e                process_list
 .bss           0x0000000000001bde        0x0 contiki-z1.a(autostart.o)
 .bss           0x0000000000001bde        0x0 contiki-z1.a(memb.o)
 .bss           0x0000000000001bde        0x0 contiki-z1.a(timer.o)
 .bss           0x0000000000001bde        0x0 contiki-z1.a(list.o)
 .bss           0x0000000000001bde        0x6 contiki-z1.a(etimer.o)
 .bss           0x0000000000001be4        0x4 contiki-z1.a(ctimer.o)
 .bss           0x0000000000001be8        0x0 contiki-z1.a(energest.o)
 .bss           0x0000000000001be8        0x2 contiki-z1.a(rtimer.o)
 .bss           0x0000000000001bea        0x0 contiki-z1.a(stimer.o)
 .bss           0x0000000000001bea        0x0 contiki-z1.a(random.o)
 .bss           0x0000000000001bea      0x284 contiki-z1.a(nbr-table.o)
 .bss           0x0000000000001e6e       0xba contiki-z1.a(packetbuf.o)
 .bss           0x0000000000001f28      0x3c6 contiki-z1.a(queuebuf.o)
 .bss           0x00000000000022ee       0xd2 contiki-z1.a(sicslowpan.o)
 .bss           0x00000000000023c0       0xa2 contiki-z1.a(simple-udp.o)
 .bss           0x0000000000002462        0xe contiki-z1.a(tcpip.o)
 .bss           0x0000000000002470      0x17c contiki-z1.a(uip-ds6-route.o)
 .bss           0x00000000000025ec      0x6c0 contiki-z1.a(uip-ds6-nbr.o)
 .bss           0x0000000000002cac       0x18 contiki-z1.a(uip-ds6.o)
 .bss           0x0000000000002cc4       0x10 contiki-z1.a(uip-icmp6.o)
 .bss           0x0000000000002cd4        0x0 contiki-z1.a(uip-udp-packet.)
 .bss           0x0000000000002cd4        0xa contiki-z1.a(uip6.o)
                0x0000000000002cd4                uip_ext_opt_offset
                0x0000000000002cd6                uip_ext_len
                0x0000000000002cd8                uip_ext_bitmap
 .bss           0x0000000000002cde        0x0 contiki-z1.a(contiki-z1-plat)
 .bss           0x0000000000002cde        0x0 contiki-z1.a(msp430.o)
 .bss           0x0000000000002cde        0x2 contiki-z1.a(leds.o)
 .bss           0x0000000000002ce0        0x2 contiki-z1.a(watchdog.o)
 .bss           0x0000000000002ce2        0x0 contiki-z1.a(xmem.o)
 .bss           0x0000000000002ce2        0x2 contiki-z1.a(spi.o)
                0x0000000000002ce2                spi_busy
 .bss           0x0000000000002ce4        0x0 contiki-z1.a(cc2420-arch.o)
 .bss           0x0000000000002ce4        0x2 contiki-z1.a(node-id.o)
                0x0000000000002ce4                node_id
 .bss           0x0000000000002ce6        0x6 contiki-z1.a(sensors.o)
 .bss           0x0000000000002cec        0x8 contiki-z1.a(button-sensor.o)
 .bss           0x0000000000002cf4        0x4 contiki-z1.a(uart0.o)
 .bss           0x0000000000002cf8        0x0 contiki-z1.a(uart0-putchar.o)
 .bss           0x0000000000002cf8       0x16 contiki-z1.a(adxl345.o)
 .bss           0x0000000000002d0e        0x6 contiki-z1.a(clock.o)
 .bss           0x0000000000002d14        0x0 contiki-z1.a(leds-arch.o)
 .bss           0x0000000000002d14        0x8 contiki-z1.a(rtimer-arch.o)
 .bss           0x0000000000002d1c        0x0 contiki-z1.a(frame802154.o)
 .bss           0x0000000000002d1c        0x0 contiki-z1.a(rpl.o)
 .bss           0x0000000000002d1c        0x0 contiki-z1.a(rpl-ext-header.)
 .bss           0x0000000000002d1c        0x2 contiki-z1.a(i2cmaster.o)
 .bss           0x0000000000002d1e        0x0 /usr/lib/gcc/msp430/4.6.3/mcpu-430x/mmpy-16/libgcc.a(_mulsi3.o)
 .bss           0x0000000000002d1e        0x0 /usr/lib/gcc/msp430/4.6.3/mcpu-430x/mmpy-16/libgcc.a(_udivmod16.o)
 .bss           0x0000000000002d1e        0x0 /usr/lib/gcc/msp430/4.6.3/mcpu-430x/mmpy-16/libgcc.a(_divmod16.o)
 .bss           0x0000000000002d1e        0x0 /usr/lib/gcc/msp430/4.6.3/mcpu-430x/mmpy-16/libgcc.a(_udivmod32.o)
 .bss           0x0000000000002d1e        0x0 /usr/lib/gcc/msp430/4.6.3/../../../../msp430/lib/mcpu-430x/mmpy-16/libc.a(strncmp.o)
 .bss           0x0000000000002d1e        0x0 /usr/lib/gcc/msp430/4.6.3/../../../../msp430/lib/mcpu-430x/mmpy-16/libc.a(memcmp.o)
 .bss           0x0000000000002d1e        0x0 /usr/lib/gcc/msp430/4.6.3/../../../../msp430/lib/mcpu-430x/mmpy-16/libc.a(strcpy.o)
 .bss           0x0000000000002d1e        0x0 /usr/lib/gcc/msp430/4.6.3/../../../../msp430/lib/mcpu-430x/mmpy-16/libc.a(memcpy.o)
 .bss           0x0000000000002d1e        0x0 /usr/lib/gcc/msp430/4.6.3/../../../../msp430/lib/mcpu-430x/mmpy-16/libc.a(memmove.o)
 .bss           0x0000000000002d1e        0x0 /usr/lib/gcc/msp430/4.6.3/../../../../msp430/lib/mcpu-430x/mmpy-16/libc.a(memset.o)
 .bss           0x0000000000002d1e        0x0 /usr/lib/gcc/msp430/4.6.3/../../../../msp430/lib/mcpu-430x/mmpy-16/libc.a(printf.o)
 .bss           0x0000000000002d1e        0x0 /usr/lib/gcc/msp430/4.6.3/../../../../msp430/lib/mcpu-430x/mmpy-16/libc.a(vuprintf.o)
 .bss           0x0000000000002d1e        0x0 /usr/lib/gcc/msp430/4.6.3/../../../../msp430/lib/mcpu-430x/mmpy-16/libc.a(puts.o)
 .bss           0x0000000000002d1e        0x0 /usr/lib/gcc/msp430/4.6.3/../../../../msp430/lib/mcpu-430x/mmpy-16/libc.a(rand.o)
 .bss           0x0000000000002d1e        0x0 /usr/lib/gcc/msp430/4.6.3/mcpu-430x/mmpy-16/libgcc.a(_udivmod64.o)
 .bss           0x0000000000002d1e        0x0 /usr/lib/gcc/msp430/4.6.3/mcpu-430x/mmpy-16/libcrt0.a(_reset_vector__.o)
 .bss           0x0000000000002d1e        0x0 /usr/lib/gcc/msp430/4.6.3/mcpu-430x/mmpy-16/libcrt0.a(__watchdog_support.o)
 .bss           0x0000000000002d1e        0x0 /usr/lib/gcc/msp430/4.6.3/mcpu-430x/mmpy-16/libcrt0.a(__init_stack.o)
 .bss           0x0000000000002d1e        0x0 /usr/lib/gcc/msp430/4.6.3/mcpu-430x/mmpy-16/libcrt0.a(__low_level_init.o)
 .bss           0x0000000000002d1e        0x0 /usr/lib/gcc/msp430/4.6.3/mcpu-430x/mmpy-16/libcrt0.a(_copy_data.o)
 .bss           0x0000000000002d1e        0x0 /usr/lib/gcc/msp430/4.6.3/mcpu-430x/mmpy-16/libcrt0.a(_clear_bss.o)
 .bss           0x0000000000002d1e        0x0 /usr/lib/gcc/msp430/4.6.3/mcpu-430x/mmpy-16/libcrt0.a(__stop_progExec__.o)
 .bss           0x0000000000002d1e        0x0 /usr/lib/gcc/msp430/4.6.3/mcpu-430x/mmpy-16/libcrt0.a(_endless_loop__.o)
 .bss           0x0000000000002d1e        0x0 /usr/lib/gcc/msp430/4.6.3/mcpu-430x/mmpy-16/libcrt0.a(_unexpected_.o)
 *(COMMON)
 COMMON         0x0000000000002d1e        0x2 obj_z1/phase.o
                0x0000000000002d1e                cooja_debug_ptr
 COMMON         0x0000000000002d20       0x1c obj_z1/cc2420-softack.o
                0x0000000000002d20                cc2420_last_rssi
                0x0000000000002d22                cc2420_packets_read
                0x0000000000002d24                cc2420_packets_seen
                0x0000000000002d26                current_is_acked
                0x0000000000002d28                cc2420_sfd_start_time
                0x0000000000002d2a                cc2420_time_of_departure
                0x0000000000002d2e                cc2420_time_of_arrival
                0x0000000000002d32                cc2420_last_correlation
                0x0000000000002d34                cc2420_authority_level_of_sender
                0x0000000000002d36                cc2420_sfd_counter
                0x0000000000002d38                need_flush
                0x0000000000002d3a                cc2420_sfd_end_time
 COMMON         0x0000000000002d3c        0x4 obj_z1/softack.o
                0x0000000000002d3c                phaselock_target
 COMMON         0x0000000000002d40        0x2 obj_z1/contiki-z1-main.o
                0x0000000000002d40                sensors_flags
 COMMON         0x0000000000002d42        0x8 contiki-z1.a(rimeaddr.o)
                0x0000000000002d42                rimeaddr_node_addr
 COMMON         0x0000000000002d4a       0x86 contiki-z1.a(rpl-dag.o)
                0x0000000000002d4a                default_instance
                0x0000000000002d4c                instance_table
 COMMON         0x0000000000002dd0        0x1 contiki-z1.a(process.o)
                0x0000000000002dd0                process_maxevents
 *fill*         0x0000000000002dd1        0x1 00
 COMMON         0x0000000000002dd2       0x6e contiki-z1.a(energest.o)
                0x0000000000002dd2                energest_total_time
                0x0000000000002e02                energest_total_count
                0x0000000000002e04                energest_current_mode
                0x0000000000002e10                energest_current_time
 COMMON         0x0000000000002e40       0x50 contiki-z1.a(packetbuf.o)
                0x0000000000002e40                packetbuf_addrs
                0x0000000000002e60                packetbuf_attrs
 COMMON         0x0000000000002e90        0x8 contiki-z1.a(sicslowpan.o)
                0x0000000000002e90                frag_sender
 COMMON         0x0000000000002e98        0x1 contiki-z1.a(tcpip.o)
                0x0000000000002e98                tcpip_event
 *fill*         0x0000000000002e99        0x1 00
 COMMON         0x0000000000002e9a      0x12c contiki-z1.a(uip-ds6.o)
                0x0000000000002e9a                uip_ds6_timer_ra
                0x0000000000002ea2                uip_ds6_if
                0x0000000000002f5e                uip_ds6_netif_addr_list_offset
                0x0000000000002f5f                uip_ds6_addr_size
                0x0000000000002f60                uip_ds6_prefix_list
                0x0000000000002fba                uip_ds6_timer_periodic
 COMMON         0x0000000000002fc6       0xec contiki-z1.a(uip6.o)
                0x0000000000002fc6                uip_len
                0x0000000000002fc8                uip_sappdata
                0x0000000000002fca                uip_lladdr
                0x0000000000002fd2                uip_aligned_buf
                0x0000000000003072                uip_flags
                0x0000000000003074                uip_next_hdr
                0x0000000000003076                uip_udp_conn
                0x0000000000003078                uip_appdata
                0x000000000000307a                uip_conn
                0x000000000000307c                uip_slen
                0x000000000000307e                uip_udp_conns
 COMMON         0x00000000000030b2        0x8 contiki-z1.a(node-id.o)
                0x00000000000030b2                node_mac
 COMMON         0x00000000000030ba        0x1 contiki-z1.a(sensors.o)
                0x00000000000030ba                sensors_event
 *fill*         0x00000000000030bb        0x1 00
 COMMON         0x00000000000030bc        0x7 contiki-z1.a(adxl345.o)
                0x00000000000030bc                accm_int2_cb
                0x00000000000030be                int2_event
                0x00000000000030c0                accm_int1_cb
                0x00000000000030c2                int1_event
 *fill*         0x00000000000030c3        0x1 00
 COMMON         0x00000000000030c4        0x4 contiki-z1.a(clock.o)
                0x00000000000030c4                seconds
 COMMON         0x00000000000030c8       0x10 contiki-z1.a(i2cmaster.o)
                0x00000000000030c8                transmit_data1
                0x00000000000030c9                rx_byte_ctr
                0x00000000000030ca                tx_buf_ptr
                0x00000000000030cc                tx_byte_ctr
                0x00000000000030ce                i
                0x00000000000030d0                receive_data
                0x00000000000030d2                rx_buf
                0x00000000000030d4                transmit_data2
                0x00000000000030d6                rx_buf_ptr
                0x00000000000030d8                . = ALIGN (0x2)
                0x00000000000030d8                PROVIDE (__bss_end, .)
                0x0000000000001ec4                PROVIDE (__bss_size, SIZEOF (.bss))

.noinit         0x00000000000030d8        0x2 load address 0x000000000000ddb4
                0x00000000000030d8                PROVIDE (__noinit_start, .)
 *(.noinit .noinit.*)
 .noinit.crt0   0x00000000000030d8        0x2 /usr/lib/gcc/msp430/4.6.3/mcpu-430x/mmpy-16/libcrt0.a(__watchdog_support.o)
                0x00000000000030d8                __wdt_clear_value
                0x00000000000030da                . = ALIGN (0x2)
                0x00000000000030da                PROVIDE (__noinit_end, .)
                0x00000000000030da                . = ALIGN (0x2)
                0x00000000000030da                _end = .

.infomem        0x0000000000001000        0x0
 *(.infomem)
                0x0000000000001000                . = ALIGN (0x2)
 *(.infomem.*)

.infomemnobits  0x0000000000001000        0x0
 *(.infomemnobits)
                0x0000000000001000                . = ALIGN (0x2)
 *(.infomemnobits.*)

.infoa
 *(.infoa .infoa.*)

.infob
 *(.infob .infob.*)

.infoc
 *(.infoc .infoc.*)

.infod
 *(.infod .infod.*)

.vectors        0x000000000000ffc0       0x40
                0x000000000000ffc0                PROVIDE (__vectors_start, .)
 *(.vectors*)
 .vectors       0x000000000000ffc0       0x40 /usr/lib/gcc/msp430/4.6.3/mcpu-430x/mmpy-16/crt0ivtbl32.o
                0x000000000000ffc0                __ivtbl_32
                0x0000000000010000                _vectors_end = .

.fartext        0x0000000000010000        0x0
                0x0000000000010000                . = ALIGN (0x2)
 *(.fartext)
                0x0000000000010000                . = ALIGN (0x2)
 *(.fartext.*)
                0x0000000000010000                _efartext = .

.profiler
 *(.profiler)

.stab
 *(.stab)

.stabstr
 *(.stabstr)

.stab.excl
 *(.stab.excl)

.stab.exclstr
 *(.stab.exclstr)

.stab.index
 *(.stab.index)

.stab.indexstr
 *(.stab.indexstr)

.comment
 *(.comment)

.debug
 *(.debug)

.line
 *(.line)

.debug_srcinfo
 *(.debug_srcinfo)

.debug_sfnames
 *(.debug_sfnames)

.debug_aranges  0x0000000000000000      0x1a4
 *(.debug_aranges)
 .debug_aranges
                0x0000000000000000       0x14 /usr/lib/gcc/msp430/4.6.3/mcpu-430x/mmpy-16/libgcc.a(_mulsi3.o)
 .debug_aranges
                0x0000000000000014       0x14 /usr/lib/gcc/msp430/4.6.3/mcpu-430x/mmpy-16/libgcc.a(_udivmod16.o)
 .debug_aranges
                0x0000000000000028       0x14 /usr/lib/gcc/msp430/4.6.3/mcpu-430x/mmpy-16/libgcc.a(_divmod16.o)
 .debug_aranges
                0x000000000000003c       0x14 /usr/lib/gcc/msp430/4.6.3/mcpu-430x/mmpy-16/libgcc.a(_udivmod32.o)
 .debug_aranges
                0x0000000000000050       0x14 /usr/lib/gcc/msp430/4.6.3/../../../../msp430/lib/mcpu-430x/mmpy-16/libc.a(strncmp.o)
 .debug_aranges
                0x0000000000000064       0x14 /usr/lib/gcc/msp430/4.6.3/../../../../msp430/lib/mcpu-430x/mmpy-16/libc.a(memcmp.o)
 .debug_aranges
                0x0000000000000078       0x14 /usr/lib/gcc/msp430/4.6.3/../../../../msp430/lib/mcpu-430x/mmpy-16/libc.a(strcpy.o)
 .debug_aranges
                0x000000000000008c       0x14 /usr/lib/gcc/msp430/4.6.3/../../../../msp430/lib/mcpu-430x/mmpy-16/libc.a(memcpy.o)
 .debug_aranges
                0x00000000000000a0       0x14 /usr/lib/gcc/msp430/4.6.3/../../../../msp430/lib/mcpu-430x/mmpy-16/libc.a(memmove.o)
 .debug_aranges
                0x00000000000000b4       0x14 /usr/lib/gcc/msp430/4.6.3/../../../../msp430/lib/mcpu-430x/mmpy-16/libc.a(memset.o)
 .debug_aranges
                0x00000000000000c8       0x14 /usr/lib/gcc/msp430/4.6.3/../../../../msp430/lib/mcpu-430x/mmpy-16/libc.a(printf.o)
 .debug_aranges
                0x00000000000000dc       0x14 /usr/lib/gcc/msp430/4.6.3/../../../../msp430/lib/mcpu-430x/mmpy-16/libc.a(vuprintf.o)
 .debug_aranges
                0x00000000000000f0       0x14 /usr/lib/gcc/msp430/4.6.3/../../../../msp430/lib/mcpu-430x/mmpy-16/libc.a(puts.o)
 .debug_aranges
                0x0000000000000104       0x14 /usr/lib/gcc/msp430/4.6.3/../../../../msp430/lib/mcpu-430x/mmpy-16/libc.a(rand.o)
 .debug_aranges
                0x0000000000000118       0x14 /usr/lib/gcc/msp430/4.6.3/mcpu-430x/mmpy-16/libgcc.a(_udivmod64.o)
 .debug_aranges
                0x000000000000012c       0x14 /usr/lib/gcc/msp430/4.6.3/mcpu-430x/mmpy-16/libcrt0.a(__watchdog_support.o)
 .debug_aranges
                0x0000000000000140       0x14 /usr/lib/gcc/msp430/4.6.3/mcpu-430x/mmpy-16/libcrt0.a(__init_stack.o)
 .debug_aranges
                0x0000000000000154       0x14 /usr/lib/gcc/msp430/4.6.3/mcpu-430x/mmpy-16/libcrt0.a(_copy_data.o)
 .debug_aranges
                0x0000000000000168       0x14 /usr/lib/gcc/msp430/4.6.3/mcpu-430x/mmpy-16/libcrt0.a(_clear_bss.o)
 .debug_aranges
                0x000000000000017c       0x14 /usr/lib/gcc/msp430/4.6.3/mcpu-430x/mmpy-16/libcrt0.a(_endless_loop__.o)
 .debug_aranges
                0x0000000000000190       0x14 /usr/lib/gcc/msp430/4.6.3/mcpu-430x/mmpy-16/libcrt0.a(_unexpected_.o)

.debug_pubnames
 *(.debug_pubnames)

.debug_info     0x0000000000000000     0x1668
 *(.debug_info)
 .debug_info    0x0000000000000000       0xe0 /usr/lib/gcc/msp430/4.6.3/mcpu-430x/mmpy-16/libgcc.a(_mulsi3.o)
 .debug_info    0x00000000000000e0       0xe0 /usr/lib/gcc/msp430/4.6.3/mcpu-430x/mmpy-16/libgcc.a(_udivmod16.o)
 .debug_info    0x00000000000001c0       0xe0 /usr/lib/gcc/msp430/4.6.3/mcpu-430x/mmpy-16/libgcc.a(_divmod16.o)
 .debug_info    0x00000000000002a0       0xe0 /usr/lib/gcc/msp430/4.6.3/mcpu-430x/mmpy-16/libgcc.a(_udivmod32.o)
 .debug_info    0x0000000000000380       0xbb /usr/lib/gcc/msp430/4.6.3/../../../../msp430/lib/mcpu-430x/mmpy-16/libc.a(strncmp.o)
 .debug_info    0x000000000000043b       0xe8 /usr/lib/gcc/msp430/4.6.3/../../../../msp430/lib/mcpu-430x/mmpy-16/libc.a(memcmp.o)
 .debug_info    0x0000000000000523       0xb6 /usr/lib/gcc/msp430/4.6.3/../../../../msp430/lib/mcpu-430x/mmpy-16/libc.a(strcpy.o)
 .debug_info    0x00000000000005d9      0x111 /usr/lib/gcc/msp430/4.6.3/../../../../msp430/lib/mcpu-430x/mmpy-16/libc.a(memcpy.o)
 .debug_info    0x00000000000006ea      0x111 /usr/lib/gcc/msp430/4.6.3/../../../../msp430/lib/mcpu-430x/mmpy-16/libc.a(memmove.o)
 .debug_info    0x00000000000007fb       0xfe /usr/lib/gcc/msp430/4.6.3/../../../../msp430/lib/mcpu-430x/mmpy-16/libc.a(memset.o)
 .debug_info    0x00000000000008f9      0x105 /usr/lib/gcc/msp430/4.6.3/../../../../msp430/lib/mcpu-430x/mmpy-16/libc.a(printf.o)
 .debug_info    0x00000000000009fe      0x565 /usr/lib/gcc/msp430/4.6.3/../../../../msp430/lib/mcpu-430x/mmpy-16/libc.a(vuprintf.o)
 .debug_info    0x0000000000000f63       0x96 /usr/lib/gcc/msp430/4.6.3/../../../../msp430/lib/mcpu-430x/mmpy-16/libc.a(puts.o)
 .debug_info    0x0000000000000ff9      0x13f /usr/lib/gcc/msp430/4.6.3/../../../../msp430/lib/mcpu-430x/mmpy-16/libc.a(rand.o)
 .debug_info    0x0000000000001138       0xe0 /usr/lib/gcc/msp430/4.6.3/mcpu-430x/mmpy-16/libgcc.a(_udivmod64.o)
 .debug_info    0x0000000000001218       0xb8 /usr/lib/gcc/msp430/4.6.3/mcpu-430x/mmpy-16/libcrt0.a(__watchdog_support.o)
 .debug_info    0x00000000000012d0       0xb8 /usr/lib/gcc/msp430/4.6.3/mcpu-430x/mmpy-16/libcrt0.a(__init_stack.o)
 .debug_info    0x0000000000001388       0xb8 /usr/lib/gcc/msp430/4.6.3/mcpu-430x/mmpy-16/libcrt0.a(_copy_data.o)
 .debug_info    0x0000000000001440       0xb8 /usr/lib/gcc/msp430/4.6.3/mcpu-430x/mmpy-16/libcrt0.a(_clear_bss.o)
 .debug_info    0x00000000000014f8       0xb8 /usr/lib/gcc/msp430/4.6.3/mcpu-430x/mmpy-16/libcrt0.a(_endless_loop__.o)
 .debug_info    0x00000000000015b0       0xb8 /usr/lib/gcc/msp430/4.6.3/mcpu-430x/mmpy-16/libcrt0.a(_unexpected_.o)
 *(.gnu.linkonce.wi.*)

.debug_abbrev   0x0000000000000000      0x868
 *(.debug_abbrev)
 .debug_abbrev  0x0000000000000000       0x14 /usr/lib/gcc/msp430/4.6.3/mcpu-430x/mmpy-16/libgcc.a(_mulsi3.o)
 .debug_abbrev  0x0000000000000014       0x14 /usr/lib/gcc/msp430/4.6.3/mcpu-430x/mmpy-16/libgcc.a(_udivmod16.o)
 .debug_abbrev  0x0000000000000028       0x14 /usr/lib/gcc/msp430/4.6.3/mcpu-430x/mmpy-16/libgcc.a(_divmod16.o)
 .debug_abbrev  0x000000000000003c       0x14 /usr/lib/gcc/msp430/4.6.3/mcpu-430x/mmpy-16/libgcc.a(_udivmod32.o)
 .debug_abbrev  0x0000000000000050       0x7c /usr/lib/gcc/msp430/4.6.3/../../../../msp430/lib/mcpu-430x/mmpy-16/libc.a(strncmp.o)
 .debug_abbrev  0x00000000000000cc       0x9b /usr/lib/gcc/msp430/4.6.3/../../../../msp430/lib/mcpu-430x/mmpy-16/libc.a(memcmp.o)
 .debug_abbrev  0x0000000000000167       0x7e /usr/lib/gcc/msp430/4.6.3/../../../../msp430/lib/mcpu-430x/mmpy-16/libc.a(strcpy.o)
 .debug_abbrev  0x00000000000001e5       0xa6 /usr/lib/gcc/msp430/4.6.3/../../../../msp430/lib/mcpu-430x/mmpy-16/libc.a(memcpy.o)
 .debug_abbrev  0x000000000000028b       0xa6 /usr/lib/gcc/msp430/4.6.3/../../../../msp430/lib/mcpu-430x/mmpy-16/libc.a(memmove.o)
 .debug_abbrev  0x0000000000000331       0x9c /usr/lib/gcc/msp430/4.6.3/../../../../msp430/lib/mcpu-430x/mmpy-16/libc.a(memset.o)
 .debug_abbrev  0x00000000000003cd       0xd0 /usr/lib/gcc/msp430/4.6.3/../../../../msp430/lib/mcpu-430x/mmpy-16/libc.a(printf.o)
 .debug_abbrev  0x000000000000049d      0x1ef /usr/lib/gcc/msp430/4.6.3/../../../../msp430/lib/mcpu-430x/mmpy-16/libc.a(vuprintf.o)
 .debug_abbrev  0x000000000000068c       0x60 /usr/lib/gcc/msp430/4.6.3/../../../../msp430/lib/mcpu-430x/mmpy-16/libc.a(puts.o)
 .debug_abbrev  0x00000000000006ec       0xf0 /usr/lib/gcc/msp430/4.6.3/../../../../msp430/lib/mcpu-430x/mmpy-16/libc.a(rand.o)
 .debug_abbrev  0x00000000000007dc       0x14 /usr/lib/gcc/msp430/4.6.3/mcpu-430x/mmpy-16/libgcc.a(_udivmod64.o)
 .debug_abbrev  0x00000000000007f0       0x14 /usr/lib/gcc/msp430/4.6.3/mcpu-430x/mmpy-16/libcrt0.a(__watchdog_support.o)
 .debug_abbrev  0x0000000000000804       0x14 /usr/lib/gcc/msp430/4.6.3/mcpu-430x/mmpy-16/libcrt0.a(__init_stack.o)
 .debug_abbrev  0x0000000000000818       0x14 /usr/lib/gcc/msp430/4.6.3/mcpu-430x/mmpy-16/libcrt0.a(_copy_data.o)
 .debug_abbrev  0x000000000000082c       0x14 /usr/lib/gcc/msp430/4.6.3/mcpu-430x/mmpy-16/libcrt0.a(_clear_bss.o)
 .debug_abbrev  0x0000000000000840       0x14 /usr/lib/gcc/msp430/4.6.3/mcpu-430x/mmpy-16/libcrt0.a(_endless_loop__.o)
 .debug_abbrev  0x0000000000000854       0x14 /usr/lib/gcc/msp430/4.6.3/mcpu-430x/mmpy-16/libcrt0.a(_unexpected_.o)

.debug_line     0x0000000000000000      0xe27
 *(.debug_line)
 .debug_line    0x0000000000000000       0xa2 /usr/lib/gcc/msp430/4.6.3/mcpu-430x/mmpy-16/libgcc.a(_mulsi3.o)
 .debug_line    0x00000000000000a2       0x9c /usr/lib/gcc/msp430/4.6.3/mcpu-430x/mmpy-16/libgcc.a(_udivmod16.o)
 .debug_line    0x000000000000013e       0xa7 /usr/lib/gcc/msp430/4.6.3/mcpu-430x/mmpy-16/libgcc.a(_divmod16.o)
 .debug_line    0x00000000000001e5       0xa7 /usr/lib/gcc/msp430/4.6.3/mcpu-430x/mmpy-16/libgcc.a(_udivmod32.o)
 .debug_line    0x000000000000028c       0x75 /usr/lib/gcc/msp430/4.6.3/../../../../msp430/lib/mcpu-430x/mmpy-16/libc.a(strncmp.o)
 .debug_line    0x0000000000000301       0x73 /usr/lib/gcc/msp430/4.6.3/../../../../msp430/lib/mcpu-430x/mmpy-16/libc.a(memcmp.o)
 .debug_line    0x0000000000000374       0x4d /usr/lib/gcc/msp430/4.6.3/../../../../msp430/lib/mcpu-430x/mmpy-16/libc.a(strcpy.o)
 .debug_line    0x00000000000003c1       0xe9 /usr/lib/gcc/msp430/4.6.3/../../../../msp430/lib/mcpu-430x/mmpy-16/libc.a(memcpy.o)
 .debug_line    0x00000000000004aa       0xe9 /usr/lib/gcc/msp430/4.6.3/../../../../msp430/lib/mcpu-430x/mmpy-16/libc.a(memmove.o)
 .debug_line    0x0000000000000593       0xc8 /usr/lib/gcc/msp430/4.6.3/../../../../msp430/lib/mcpu-430x/mmpy-16/libc.a(memset.o)
 .debug_line    0x000000000000065b       0x72 /usr/lib/gcc/msp430/4.6.3/../../../../msp430/lib/mcpu-430x/mmpy-16/libc.a(printf.o)
 .debug_line    0x00000000000006cd      0x2ce /usr/lib/gcc/msp430/4.6.3/../../../../msp430/lib/mcpu-430x/mmpy-16/libc.a(vuprintf.o)
 .debug_line    0x000000000000099b       0x4d /usr/lib/gcc/msp430/4.6.3/../../../../msp430/lib/mcpu-430x/mmpy-16/libc.a(puts.o)
 .debug_line    0x00000000000009e8       0x4f /usr/lib/gcc/msp430/4.6.3/../../../../msp430/lib/mcpu-430x/mmpy-16/libc.a(rand.o)
 .debug_line    0x0000000000000a37       0xd5 /usr/lib/gcc/msp430/4.6.3/mcpu-430x/mmpy-16/libgcc.a(_udivmod64.o)
 .debug_line    0x0000000000000b0c       0x84 /usr/lib/gcc/msp430/4.6.3/mcpu-430x/mmpy-16/libcrt0.a(__watchdog_support.o)
 .debug_line    0x0000000000000b90       0x82 /usr/lib/gcc/msp430/4.6.3/mcpu-430x/mmpy-16/libcrt0.a(__init_stack.o)
 .debug_line    0x0000000000000c12       0x88 /usr/lib/gcc/msp430/4.6.3/mcpu-430x/mmpy-16/libcrt0.a(_copy_data.o)
 .debug_line    0x0000000000000c9a       0x88 /usr/lib/gcc/msp430/4.6.3/mcpu-430x/mmpy-16/libcrt0.a(_clear_bss.o)
 .debug_line    0x0000000000000d22       0x83 /usr/lib/gcc/msp430/4.6.3/mcpu-430x/mmpy-16/libcrt0.a(_endless_loop__.o)
 .debug_line    0x0000000000000da5       0x82 /usr/lib/gcc/msp430/4.6.3/mcpu-430x/mmpy-16/libcrt0.a(_unexpected_.o)

.debug_frame    0x0000000000000000      0x1f6
 *(.debug_frame)
 .debug_frame   0x0000000000000000       0x24 /usr/lib/gcc/msp430/4.6.3/../../../../msp430/lib/mcpu-430x/mmpy-16/libc.a(strncmp.o)
 .debug_frame   0x0000000000000024       0x24 /usr/lib/gcc/msp430/4.6.3/../../../../msp430/lib/mcpu-430x/mmpy-16/libc.a(memcmp.o)
 .debug_frame   0x0000000000000048       0x1e /usr/lib/gcc/msp430/4.6.3/../../../../msp430/lib/mcpu-430x/mmpy-16/libc.a(strcpy.o)
 .debug_frame   0x0000000000000066       0x2c /usr/lib/gcc/msp430/4.6.3/../../../../msp430/lib/mcpu-430x/mmpy-16/libc.a(memcpy.o)
 .debug_frame   0x0000000000000092       0x2c /usr/lib/gcc/msp430/4.6.3/../../../../msp430/lib/mcpu-430x/mmpy-16/libc.a(memmove.o)